Copyright 1986-2019 Xilinx, Inc. All Rights Reserved.
------------------------------------------------------------------------------------
| Tool Version : Vivado v.2019.1 (win64) Build 2552052 Fri May 24 14:49:42 MDT 2019
| Date         : Mon Dec  5 18:52:14 2022
| Host         : ECE-PHO115-02 running 64-bit major release  (build 9200)
| Command      : report_control_sets -verbose -file top_control_sets_placed.rpt
| Design       : top
| Device       : xc7a100t
------------------------------------------------------------------------------------

Control Set Information

Table of Contents
-----------------
1. Summary
2. Histogram
3. Flip-Flop Distribution
4. Detailed Control Set Information

1. Summary
----------

+----------------------------------------------------------+-------+
|                          Status                          | Count |
+----------------------------------------------------------+-------+
| Total control sets                                       |   663 |
|    Minimum number of control sets                        |   663 |
|    Addition due to synthesis replication                 |     0 |
|    Addition due to physical synthesis replication        |     0 |
| Unused register locations in slices containing registers |  2647 |
+----------------------------------------------------------+-------+
* Control sets can be merged at opt_design using control_set_merge or merge_equivalent_drivers
** Run report_qor_suggestions for automated merging and remapping suggestions


2. Histogram
------------

+--------------------+-------+
|       Fanout       | Count |
+--------------------+-------+
| Total control sets |   663 |
| >= 0 to < 4        |     4 |
| >= 4 to < 6        |     5 |
| >= 6 to < 8        |     0 |
| >= 8 to < 10       |     2 |
| >= 10 to < 12      |     2 |
| >= 12 to < 14      |   641 |
| >= 14 to < 16      |     0 |
| >= 16              |     9 |
+--------------------+-------+
* Control sets can be remapped at either synth_design or opt_design


3. Flip-Flop Distribution
-------------------------

+--------------+-----------------------+------------------------+-----------------+--------------+
| Clock Enable | Synchronous Set/Reset | Asynchronous Set/Reset | Total Registers | Total Slices |
+--------------+-----------------------+------------------------+-----------------+--------------+
| No           | No                    | No                     |             137 |           46 |
| No           | No                    | Yes                    |              16 |            4 |
| No           | Yes                   | No                     |             137 |           52 |
| Yes          | No                    | No                     |             120 |           82 |
| Yes          | No                    | Yes                    |              52 |           13 |
| Yes          | Yes                   | No                     |           46451 |        12293 |
+--------------+-----------------------+------------------------+-----------------+--------------+


4. Detailed Control Set Information
-----------------------------------

+----------------------+-----------------------------------------+---------------------------------------+------------------+----------------+
|     Clock Signal     |              Enable Signal              |            Set/Reset Signal           | Slice Load Count | Bel Load Count |
+----------------------+-----------------------------------------+---------------------------------------+------------------+----------------+
|  pixel_clk_BUFG      |                                         | vga0/vga_controller/VS0               |                1 |              1 |
|  pixel_clk_BUFG      |                                         | vga0/vga_controller/HS0               |                1 |              1 |
|  mc/pg1/ns           |                                         |                                       |                1 |              3 |
|  mc/pg0/ns           |                                         |                                       |                1 |              3 |
|  CLK100MHZ_IBUF_BUFG |                                         | alu/check_sign                        |                1 |              4 |
|  CLK100MHZ_IBUF_BUFG |                                         | alu/dout[11]_i_1_n_0                  |                1 |              4 |
|  CLK100MHZ_IBUF_BUFG |                                         | alu/dout[7]_i_1_n_0                   |                1 |              4 |
|  CLK100MHZ_IBUF_BUFG | ca/m0/idx_d                             | mc/pg0/SR[0]                          |                1 |              4 |
|  CLK100MHZ_IBUF_BUFG | ca/m0/FSM_sequential_state_q[3]_i_1_n_0 | mc/pg0/SR[0]                          |                2 |              4 |
|  CLK100MHZ_IBUF_BUFG | ca/m0/E[0]                              | mc/pg0/SR[0]                          |                2 |              8 |
|  CLK100MHZ_IBUF_BUFG | ca/m0/wr_data_d                         | mc/pg0/SR[0]                          |                3 |              9 |
|  pixel_clk_BUFG      | vga0/vga_controller/vcounter            | mc/pg0/SR[0]                          |                3 |             11 |
|  pixel_clk_BUFG      |                                         | mc/pg0/SR[0]                          |                4 |             11 |
|  CLK100MHZ_IBUF_BUFG | mc/pg1/hcnt_c_reg[2]_78[0]              | mc/pg1/rst_n_195[0]                   |                8 |             12 |
|  CLK100MHZ_IBUF_BUFG | mc/pg1/hcnt_c_reg[2]_82[0]              | mc/pg1/rst_n_207[0]                   |                7 |             12 |
|  CLK100MHZ_IBUF_BUFG | mc/pg1/hcnt_c_reg[2]_88[0]              | mc/pg1/rst_n_220[0]                   |                9 |             12 |
|  CLK100MHZ_IBUF_BUFG | mc/pg1/hcnt_c_reg[2]_85[0]              | mc/pg1/rst_n_213[0]                   |                6 |             12 |
|  CLK100MHZ_IBUF_BUFG | mc/pg1/hcnt_c_reg[2]_87[0]              | mc/pg1/rst_n_215[0]                   |                6 |             12 |
|  CLK100MHZ_IBUF_BUFG | mc/pg1/hcnt_c_reg[2]_89[0]              | mc/pg1/rst_n_221[0]                   |                8 |             12 |
|  CLK100MHZ_IBUF_BUFG | mc/pg1/hcnt_c_reg[2]_91[0]              | mc/pg1/rst_n_223[0]                   |                7 |             12 |
|  CLK100MHZ_IBUF_BUFG | mc/pg1/hcnt_c_reg[2]_98[0]              | mc/pg1/rst_n_245[0]                   |               10 |             12 |
|  CLK100MHZ_IBUF_BUFG | mc/pg1/hcnt_c_reg[2]_52[0]              | mc/pg1/rst_n_108[0]                   |               10 |             12 |
|  CLK100MHZ_IBUF_BUFG | mc/pg1/hcnt_c_reg[2]_80[0]              | mc/pg1/rst_n_205[0]                   |                8 |             12 |
|  CLK100MHZ_IBUF_BUFG | mc/pg1/hcnt_c_reg[2]_50[0]              | mc/pg1/rst_n_94[0]                    |                9 |             12 |
|  CLK100MHZ_IBUF_BUFG | mc/pg1/hcnt_c_reg[2]_54[0]              | mc/pg1/rst_n_110[0]                   |                8 |             12 |
|  CLK100MHZ_IBUF_BUFG | mc/pg1/hcnt_c_reg[2]_53[0]              | mc/pg1/rst_n_109[0]                   |                9 |             12 |
|  CLK100MHZ_IBUF_BUFG | mc/pg1/hcnt_c_reg[2]_61[0]              | mc/pg1/rst_n_124[0]                   |                7 |             12 |
|  CLK100MHZ_IBUF_BUFG | mc/pg1/hcnt_c_reg[2]_67[0]              | mc/pg1/rst_n_142[0]                   |                6 |             12 |
|  CLK100MHZ_IBUF_BUFG | mc/pg1/hcnt_c_reg[2]_74[0]              | mc/pg1/rst_n_164[0]                   |               10 |             12 |
|  CLK100MHZ_IBUF_BUFG | mc/pg1/hcnt_c_reg[2]_90[0]              | mc/pg1/rst_n_222[0]                   |                7 |             12 |
|  CLK100MHZ_IBUF_BUFG | mc/pg1/hcnt_c_reg[2]_93[0]              | mc/pg1/rst_n_237[0]                   |               10 |             12 |
|  CLK100MHZ_IBUF_BUFG | mc/pg1/hcnt_c_reg[2]_97[0]              | mc/pg1/rst_n_244[0]                   |                8 |             12 |
|  CLK100MHZ_IBUF_BUFG | mc/pg1/hcnt_c_reg[2]_92[0]              | mc/pg1/rst_n_236[0]                   |               11 |             12 |
|  CLK100MHZ_IBUF_BUFG | mc/pg1/hcnt_c_reg[2]_83[0]              | mc/pg1/rst_n_209[0]                   |                6 |             12 |
|  CLK100MHZ_IBUF_BUFG | mc/pg1/hcnt_c_reg[2]_95[0]              | mc/pg1/rst_n_239[0]                   |                9 |             12 |
|  CLK100MHZ_IBUF_BUFG | mc/pg1/hcnt_c_reg[2]_99[0]              | mc/pg1/rst_n_246[0]                   |                8 |             12 |
|  CLK100MHZ_IBUF_BUFG | mc/pg1/hcnt_c_reg[2]_58[0]              | mc/pg1/rst_n_118[0]                   |                8 |             12 |
|  CLK100MHZ_IBUF_BUFG | mc/pg1/hcnt_c_reg[2]_84[0]              | mc/pg1/rst_n_212[0]                   |                5 |             12 |
|  CLK100MHZ_IBUF_BUFG | mc/pg1/hcnt_c_reg[2]_79[0]              | mc/pg1/rst_n_204[0]                   |                8 |             12 |
|  CLK100MHZ_IBUF_BUFG | mc/pg1/hcnt_c_reg[2]_96[0]              | mc/pg1/rst_n_241[0]                   |                8 |             12 |
|  CLK100MHZ_IBUF_BUFG | mc/pg1/hcnt_c_reg[3]_10[0]              | mc/pg1/hcnt_c_reg[3]_1[0]             |                8 |             12 |
|  CLK100MHZ_IBUF_BUFG | mc/pg1/hcnt_c_reg[2]_49[0]              | mc/pg1/rst_n_93[0]                    |                8 |             12 |
|  CLK100MHZ_IBUF_BUFG | mc/pg1/hcnt_c_reg[3]_11[0]              | mc/pg1/hcnt_c_reg[3]_0[0]             |                7 |             12 |
|  CLK100MHZ_IBUF_BUFG | mc/pg1/hcnt_c_reg[3]_12[0]              | mc/pg1/hcnt_c_reg[3][0]               |                7 |             12 |
|  CLK100MHZ_IBUF_BUFG | mc/pg1/hcnt_c_reg[2]_94[0]              | mc/pg1/rst_n_238[0]                   |                8 |             12 |
|  CLK100MHZ_IBUF_BUFG | mc/pg1/hcnt_c_reg[2]_72[0]              | mc/pg1/rst_n_153[0]                   |                9 |             12 |
|  CLK100MHZ_IBUF_BUFG | mc/pg1/hcnt_c_reg[2]_81[0]              | mc/pg1/rst_n_206[0]                   |                7 |             12 |
|  CLK100MHZ_IBUF_BUFG | mc/pg1/hcnt_c_reg[2]_64[0]              | mc/pg1/rst_n_139[0]                   |                6 |             12 |
|  CLK100MHZ_IBUF_BUFG | mc/pg1/hcnt_c_reg[2]_86[0]              | mc/pg1/rst_n_214[0]                   |                6 |             12 |
|  CLK100MHZ_IBUF_BUFG | mc/pg1/hcnt_c_reg[2]_63[0]              | mc/pg1/rst_n_126[0]                   |                7 |             12 |
|  CLK100MHZ_IBUF_BUFG | mc/pg1/hcnt_c_reg[2]_66[0]              | mc/pg1/rst_n_141[0]                   |                8 |             12 |
|  CLK100MHZ_IBUF_BUFG | mc/pg1/hcnt_c_reg[2]_59[0]              | mc/pg1/rst_n_121[0]                   |                8 |             12 |
|  CLK100MHZ_IBUF_BUFG | mc/pg1/hcnt_c_reg[2]_65[0]              | mc/pg1/rst_n_140[0]                   |                8 |             12 |
|  CLK100MHZ_IBUF_BUFG | mc/pg1/hcnt_c_reg[2]_71[0]              | mc/pg1/rst_n_150[0]                   |                6 |             12 |
|  CLK100MHZ_IBUF_BUFG | mc/pg1/hcnt_c_reg[2]_56[0]              | mc/pg1/rst_n_116[0]                   |                6 |             12 |
|  CLK100MHZ_IBUF_BUFG | mc/pg1/hcnt_c_reg[2]_69[0]              | mc/pg1/rst_n_148[0]                   |               10 |             12 |
|  CLK100MHZ_IBUF_BUFG | mc/pg1/hcnt_c_reg[2]_76[0]              | mc/pg1/rst_n_193[0]                   |                8 |             12 |
|  CLK100MHZ_IBUF_BUFG | mc/pg1/hcnt_c_reg[2]_57[0]              | mc/pg1/rst_n_117[0]                   |                9 |             12 |
|  CLK100MHZ_IBUF_BUFG | mc/pg1/hcnt_c_reg[2]_62[0]              | mc/pg1/rst_n_125[0]                   |                7 |             12 |
|  CLK100MHZ_IBUF_BUFG | mc/pg1/hcnt_c_reg[2]_51[0]              | mc/pg1/rst_n_107[0]                   |                9 |             12 |
|  CLK100MHZ_IBUF_BUFG | mc/pg1/hcnt_c_reg[2]_47[0]              | mc/pg1/rst_n_91[0]                    |                9 |             12 |
|  CLK100MHZ_IBUF_BUFG | mc/pg1/hcnt_c_reg[2]_55[0]              | mc/pg1/rst_n_115[0]                   |                8 |             12 |
|  CLK100MHZ_IBUF_BUFG | mc/pg1/hcnt_c_reg[2]_68[0]              | mc/pg1/rst_n_147[0]                   |                9 |             12 |
|  CLK100MHZ_IBUF_BUFG | mc/pg1/hcnt_c_reg[2]_70[0]              | mc/pg1/rst_n_149[0]                   |                9 |             12 |
|  CLK100MHZ_IBUF_BUFG | mc/pg1/hcnt_c_reg[2]_75[0]              | mc/pg1/rst_n_192[0]                   |                8 |             12 |
|  CLK100MHZ_IBUF_BUFG | mc/pg1/hcnt_c_reg[2]_60[0]              | mc/pg1/rst_n_123[0]                   |                9 |             12 |
|  CLK100MHZ_IBUF_BUFG | mc/pg1/hcnt_c_reg[2]_48[0]              | mc/pg1/rst_n_92[0]                    |                9 |             12 |
|  CLK100MHZ_IBUF_BUFG | mc/pg1/hcnt_c_reg[2]_73[0]              | mc/pg1/rst_n_162[0]                   |                7 |             12 |
|  CLK100MHZ_IBUF_BUFG | mc/pg1/hcnt_c_reg[3]_9[0]               | mc/pg1/rst_n_158[0]                   |               11 |             12 |
|  CLK100MHZ_IBUF_BUFG | mc/pg1/hcnt_c_reg[3]_rep_7[0]           | mc/pg1/rst_n_301[0]                   |               10 |             12 |
|  CLK100MHZ_IBUF_BUFG | mc/pg1/hcnt_c_reg[3]_5[0]               | mc/pg1/rst_n_129[0]                   |                8 |             12 |
|  CLK100MHZ_IBUF_BUFG | mc/pg1/hcnt_c_reg[3]_rep__0_30[0]       | mc/pg1/hcnt_c_reg[4]_rep_12[0]        |                9 |             12 |
|  CLK100MHZ_IBUF_BUFG | mc/pg1/hcnt_c_reg[3]_rep_2[0]           | mc/pg1/rst_n_249[0]                   |                6 |             12 |
|  CLK100MHZ_IBUF_BUFG | mc/pg1/hcnt_c_reg[3]_rep__1_0[0]        | mc/pg1/rst_n_16[0]                    |                8 |             12 |
|  CLK100MHZ_IBUF_BUFG | mc/pg1/hcnt_c_reg[3]_rep__1_1[0]        | mc/pg1/rst_n_24[0]                    |                9 |             12 |
|  CLK100MHZ_IBUF_BUFG | mc/pg1/hcnt_c_reg[3]_6[0]               | mc/pg1/rst_n_137[0]                   |                7 |             12 |
|  CLK100MHZ_IBUF_BUFG | mc/pg1/hcnt_c_reg[3]_8[0]               | mc/pg1/rst_n_156[0]                   |                9 |             12 |
|  CLK100MHZ_IBUF_BUFG | mc/pg1/hcnt_c_reg[3]_rep__1[0]          | mc/pg1/rst_n_0[0]                     |                8 |             12 |
|  CLK100MHZ_IBUF_BUFG | mc/pg1/hcnt_c_reg[3]_rep_9[0]           | mc/pg1/rst_n_417[0]                   |                7 |             12 |
|  CLK100MHZ_IBUF_BUFG | mc/pg1/hcnt_c_reg[3]_rep__1_13[0]       | mc/pg1/hcnt_c_reg[4]_rep__0_17[0]     |               11 |             12 |
|  CLK100MHZ_IBUF_BUFG | mc/pg1/hcnt_c_reg[3]_rep__0_0[0]        | mc/pg1/rst_n_56[0]                    |                8 |             12 |
|  CLK100MHZ_IBUF_BUFG | mc/pg1/hcnt_c_reg[3]_rep__1_2[0]        | mc/pg1/rst_n_32[0]                    |                9 |             12 |
|  CLK100MHZ_IBUF_BUFG | mc/pg1/hcnt_c_reg[3]_rep__1_3[0]        | mc/pg1/rst_n_75[0]                    |                8 |             12 |
|  CLK100MHZ_IBUF_BUFG | mc/pg1/hcnt_c_reg[4]_rep__8_15[0]       | mc/pg1/rst_n_290[0]                   |               10 |             12 |
|  CLK100MHZ_IBUF_BUFG | mc/pg1/hcnt_c_reg[3]_rep_3[0]           | mc/pg1/rst_n_257[0]                   |                5 |             12 |
|  CLK100MHZ_IBUF_BUFG | mc/pg1/hcnt_c_reg[3]_rep__0_26[0]       | mc/pg1/hcnt_c_reg[4]_rep__0_11[0]     |                9 |             12 |
|  CLK100MHZ_IBUF_BUFG | mc/pg1/hcnt_c_reg[3]_rep__0_29[0]       | mc/pg1/hcnt_c_reg[4]_rep_13[0]        |               10 |             12 |
|  CLK100MHZ_IBUF_BUFG | mc/pg1/hcnt_c_reg[3]_rep[0]             | mc/pg1/rst_n_217[0]                   |                4 |             12 |
|  CLK100MHZ_IBUF_BUFG | mc/pg1/hcnt_c_reg[3]_rep__0[0]          | mc/pg1/rst_n_48[0]                    |                7 |             12 |
|  CLK100MHZ_IBUF_BUFG | mc/pg1/hcnt_c_reg[3]_rep_1[0]           | mc/pg1/rst_n_233[0]                   |               10 |             12 |
|  CLK100MHZ_IBUF_BUFG | mc/pg1/hcnt_c_reg[3]_2[0]               | mc/pg1/rst_n_97[0]                    |                9 |             12 |
|  CLK100MHZ_IBUF_BUFG | mc/pg1/hcnt_c_reg[3]_3[0]               | mc/pg1/rst_n_105[0]                   |                9 |             12 |
|  CLK100MHZ_IBUF_BUFG | mc/pg1/hcnt_c_reg[3]_rep_6[0]           | mc/pg1/rst_n_293[0]                   |                7 |             12 |
|  CLK100MHZ_IBUF_BUFG | mc/pg1/hcnt_c_reg[3]_rep__0_1[0]        | mc/pg1/rst_n_84[0]                    |                5 |             12 |
|  CLK100MHZ_IBUF_BUFG | mc/pg1/hcnt_c_reg[3]_rep_4[0]           | mc/pg1/rst_n_265[0]                   |                7 |             12 |
|  CLK100MHZ_IBUF_BUFG | mc/pg1/hcnt_c_reg[3]_4[0]               | mc/pg1/rst_n_113[0]                   |                8 |             12 |
|  CLK100MHZ_IBUF_BUFG | mc/pg1/hcnt_c_reg[3]_rep_8[0]           | mc/pg1/rst_n_409[0]                   |                9 |             12 |
|  CLK100MHZ_IBUF_BUFG | mc/pg1/hcnt_c_reg[3]_rep__0_24[0]       | mc/pg1/hcnt_c_reg[4]_rep__0_13[0]     |                8 |             12 |
|  CLK100MHZ_IBUF_BUFG | mc/pg1/hcnt_c_reg[3]_7[0]               | mc/pg1/rst_n_145[0]                   |                8 |             12 |
|  CLK100MHZ_IBUF_BUFG | mc/pg1/hcnt_c_reg[3]_rep__0_25[0]       | mc/pg1/hcnt_c_reg[4]_rep__0_12[0]     |               10 |             12 |
|  CLK100MHZ_IBUF_BUFG | mc/pg1/hcnt_c_reg[3]_rep__0_28[0]       | mc/pg1/hcnt_c_reg[4]_rep_14[0]        |                9 |             12 |
|  CLK100MHZ_IBUF_BUFG | mc/pg1/hcnt_c_reg[3]_rep__0_27[0]       | mc/pg1/hcnt_c_reg[4]_rep__0_8[0]      |               10 |             12 |
|  CLK100MHZ_IBUF_BUFG | mc/pg1/hcnt_c_reg[3]_rep_0[0]           | mc/pg1/rst_n_225[0]                   |               10 |             12 |
|  CLK100MHZ_IBUF_BUFG | mc/pg1/hcnt_c_reg[3]_rep_10[0]          | mc/pg1/rst_n_425[0]                   |                8 |             12 |
|  CLK100MHZ_IBUF_BUFG | mc/pg1/hcnt_c_reg[3]_rep_5[0]           | mc/pg1/rst_n_285[0]                   |                8 |             12 |
|  CLK100MHZ_IBUF_BUFG | mc/pg1/hcnt_c_reg[3]_rep__21_25[0]      | mc/pg1/hcnt_c_reg[5]_rep__7_53[0]     |                9 |             12 |
|  CLK100MHZ_IBUF_BUFG | mc/pg1/hcnt_c_reg[4]_1[0]               | mc/pg1/hcnt_c_reg[4]_0[0]             |                8 |             12 |
|  CLK100MHZ_IBUF_BUFG | mc/pg1/hcnt_c_reg[3]_rep__21[0]         | mc/pg1/rst_n_187[0]                   |               10 |             12 |
|  CLK100MHZ_IBUF_BUFG | mc/pg1/hcnt_c_reg[3]_rep__22[0]         | mc/pg1/rst_n_171[0]                   |               11 |             12 |
|  CLK100MHZ_IBUF_BUFG | mc/pg1/hcnt_c_reg[3]_rep__23[0]         | mc/pg1/rst_n_64[0]                    |                6 |             12 |
|  CLK100MHZ_IBUF_BUFG | mc/pg1/hcnt_c_reg[3]_rep__22_0[0]       | mc/pg1/rst_n_179[0]                   |                9 |             12 |
|  CLK100MHZ_IBUF_BUFG | mc/pg1/hcnt_c_reg[3]_rep__21_1[0]       | mc/pg1/rst_n_346[0]                   |                9 |             12 |
|  CLK100MHZ_IBUF_BUFG | mc/pg1/hcnt_c_reg[3]_rep__22_19[0]      | mc/pg1/hcnt_c_reg[4]_rep__2_13[0]     |                9 |             12 |
|  CLK100MHZ_IBUF_BUFG | mc/pg1/hcnt_c_reg[3]_rep__21_24[0]      | mc/pg1/hcnt_c_reg[4]_rep__9_9[0]      |                6 |             12 |
|  CLK100MHZ_IBUF_BUFG | mc/pg1/hcnt_c_reg[3]_rep__21_0[0]       | mc/pg1/rst_n_198[0]                   |                9 |             12 |
|  CLK100MHZ_IBUF_BUFG | mc/pg1/hcnt_c_reg[3]_rep__22_20[0]      | mc/pg1/hcnt_c_reg[6]_12[0]            |                8 |             12 |
|  CLK100MHZ_IBUF_BUFG | mc/pg1/hcnt_c_reg[4]_rep_30[0]          | mc/pg1/hcnt_c_reg[4]_rep_1[0]         |                9 |             12 |
|  CLK100MHZ_IBUF_BUFG | mc/pg1/hcnt_c_reg[4]_rep_24[0]          | mc/pg1/hcnt_c_reg[4]_rep_7[0]         |                9 |             12 |
|  CLK100MHZ_IBUF_BUFG | mc/pg1/hcnt_c_reg[4]_rep_25[0]          | mc/pg1/hcnt_c_reg[4]_rep_6[0]         |                7 |             12 |
|  CLK100MHZ_IBUF_BUFG | mc/pg1/hcnt_c_reg[4]_rep__0_25[0]       | mc/pg1/hcnt_c_reg[4]_rep__0_2[0]      |                7 |             12 |
|  CLK100MHZ_IBUF_BUFG | mc/pg1/hcnt_c_reg[4]_rep__0_27[0]       | mc/pg1/hcnt_c_reg[4]_rep__0_0[0]      |                8 |             12 |
|  CLK100MHZ_IBUF_BUFG | mc/pg1/hcnt_c_reg[4]_rep_22[0]          | mc/pg1/hcnt_c_reg[4]_rep_9[0]         |                9 |             12 |
|  CLK100MHZ_IBUF_BUFG | mc/pg1/hcnt_c_reg[4]_rep__0_28[0]       | mc/pg1/hcnt_c_reg[4]_rep__0[0]        |                6 |             12 |
|  CLK100MHZ_IBUF_BUFG | mc/pg1/hcnt_c_reg[4]_rep_20[0]          | mc/pg1/hcnt_c_reg[3]_rep__0_10[0]     |               10 |             12 |
|  CLK100MHZ_IBUF_BUFG | mc/pg1/hcnt_c_reg[4]_rep_28[0]          | mc/pg1/hcnt_c_reg[4]_rep_3[0]         |                8 |             12 |
|  CLK100MHZ_IBUF_BUFG | mc/pg1/hcnt_c_reg[4]_rep__0_31[0]       | mc/pg1/hcnt_c_reg[2]_174[0]           |               11 |             12 |
|  CLK100MHZ_IBUF_BUFG | mc/pg1/hcnt_c_reg[4]_rep__0_33[0]       | mc/pg1/hcnt_c_reg[3]_rep__1_7[0]      |                9 |             12 |
|  CLK100MHZ_IBUF_BUFG | mc/pg1/hcnt_c_reg[4]_rep__0_35[0]       | mc/pg1/hcnt_c_reg[2]_173[0]           |                9 |             12 |
|  CLK100MHZ_IBUF_BUFG | mc/pg1/hcnt_c_reg[4]_rep__0_36[0]       | mc/pg1/hcnt_c_reg[2]_172[0]           |               11 |             12 |
|  CLK100MHZ_IBUF_BUFG | mc/pg1/hcnt_c_reg[4]_rep__0_21[0]       | mc/pg1/hcnt_c_reg[4]_rep__0_6[0]      |                7 |             12 |
|  CLK100MHZ_IBUF_BUFG | mc/pg1/hcnt_c_reg[4]_rep__0_22[0]       | mc/pg1/hcnt_c_reg[4]_rep__0_5[0]      |                8 |             12 |
|  CLK100MHZ_IBUF_BUFG | mc/pg1/hcnt_c_reg[4]_rep__0_23[0]       | mc/pg1/hcnt_c_reg[4]_rep__0_4[0]      |                7 |             12 |
|  CLK100MHZ_IBUF_BUFG | mc/pg1/hcnt_c_reg[4]_rep__0_37[0]       | mc/pg1/hcnt_c_reg[2]_170[0]           |               11 |             12 |
|  CLK100MHZ_IBUF_BUFG | mc/pg1/hcnt_c_reg[4]_rep__0_32[0]       | mc/pg1/hcnt_c_reg[3]_rep__1_8[0]      |               12 |             12 |
|  CLK100MHZ_IBUF_BUFG | mc/pg1/hcnt_c_reg[4]_rep_19[0]          | mc/pg1/hcnt_c_reg[3]_rep__0_11[0]     |                8 |             12 |
|  CLK100MHZ_IBUF_BUFG | mc/pg1/hcnt_c_reg[4]_rep_23[0]          | mc/pg1/hcnt_c_reg[4]_rep_8[0]         |                7 |             12 |
|  CLK100MHZ_IBUF_BUFG | mc/pg1/hcnt_c_reg[4]_rep_29[0]          | mc/pg1/hcnt_c_reg[4]_rep_2[0]         |                9 |             12 |
|  CLK100MHZ_IBUF_BUFG | mc/pg1/hcnt_c_reg[4]_rep_18[0]          | mc/pg1/hcnt_c_reg[3]_rep__0_12[0]     |               10 |             12 |
|  CLK100MHZ_IBUF_BUFG | mc/pg1/hcnt_c_reg[4]_rep_26[0]          | mc/pg1/hcnt_c_reg[4]_rep_5[0]         |                8 |             12 |
|  CLK100MHZ_IBUF_BUFG | mc/pg1/hcnt_c_reg[4]_rep_31[0]          | mc/pg1/hcnt_c_reg[4]_rep_0[0]         |                8 |             12 |
|  CLK100MHZ_IBUF_BUFG | mc/pg1/hcnt_c_reg[4]_rep_27[0]          | mc/pg1/hcnt_c_reg[4]_rep_4[0]         |                7 |             12 |
|  CLK100MHZ_IBUF_BUFG | mc/pg1/hcnt_c_reg[4]_rep_32[0]          | mc/pg1/hcnt_c_reg[4]_rep[0]           |                6 |             12 |
|  CLK100MHZ_IBUF_BUFG | mc/pg1/hcnt_c_reg[4]_rep__0_20[0]       | mc/pg1/hcnt_c_reg[4]_rep__0_7[0]      |                8 |             12 |
|  CLK100MHZ_IBUF_BUFG | mc/pg1/hcnt_c_reg[4]_rep__0_26[0]       | mc/pg1/hcnt_c_reg[4]_rep__0_1[0]      |                6 |             12 |
|  CLK100MHZ_IBUF_BUFG | mc/pg1/hcnt_c_reg[4]_rep__0_29[0]       | mc/pg1/hcnt_c_reg[2]_177[0]           |               10 |             12 |
|  CLK100MHZ_IBUF_BUFG | mc/pg1/hcnt_c_reg[4]_rep__0_30[0]       | mc/pg1/hcnt_c_reg[2]_176[0]           |               11 |             12 |
|  CLK100MHZ_IBUF_BUFG | mc/pg1/hcnt_c_reg[4]_rep__0_34[0]       | mc/pg1/hcnt_c_reg[3]_rep__1_6[0]      |                9 |             12 |
|  CLK100MHZ_IBUF_BUFG | mc/pg1/hcnt_c_reg[4]_rep__0_24[0]       | mc/pg1/hcnt_c_reg[4]_rep__0_3[0]      |                7 |             12 |
|  CLK100MHZ_IBUF_BUFG | mc/pg1/hcnt_c_reg[4]_rep_21[0]          | mc/pg1/hcnt_c_reg[4]_rep_10[0]        |                8 |             12 |
|  CLK100MHZ_IBUF_BUFG | mc/pg1/hcnt_c_reg[4]_rep__7[0]          | mc/pg1/rst_n_14[0]                    |               10 |             12 |
|  CLK100MHZ_IBUF_BUFG | mc/pg1/hcnt_c_reg[4]_rep__8_7[0]        | mc/pg1/rst_n_234[0]                   |                8 |             12 |
|  CLK100MHZ_IBUF_BUFG | mc/pg1/hcnt_c_reg[4]_rep__8_9[0]        | mc/pg1/rst_n_283[0]                   |               10 |             12 |
|  CLK100MHZ_IBUF_BUFG | mc/pg1/hcnt_c_reg[4]_rep__8_11[0]       | mc/pg1/rst_n_286[0]                   |               10 |             12 |
|  CLK100MHZ_IBUF_BUFG | mc/pg1/hcnt_c_reg[4]_rep__8_8[0]        | mc/pg1/rst_n_235[0]                   |                7 |             12 |
|  CLK100MHZ_IBUF_BUFG | mc/pg1/hcnt_c_reg[4]_rep__8_6[0]        | mc/pg1/rst_n_232[0]                   |                9 |             12 |
|  CLK100MHZ_IBUF_BUFG | mc/pg1/hcnt_c_reg[4]_rep__9[0]          | mc/pg1/rst_n_127[0]                   |                8 |             12 |
|  CLK100MHZ_IBUF_BUFG | mc/pg1/hcnt_c_reg[4]_rep__8[0]          | mc/pg1/rst_n_224[0]                   |                8 |             12 |
|  CLK100MHZ_IBUF_BUFG | mc/pg1/hcnt_c_reg[4]_rep__9_0[0]        | mc/pg1/rst_n_128[0]                   |                6 |             12 |
|  CLK100MHZ_IBUF_BUFG | mc/pg1/hcnt_c_reg[4]_rep__9_1[0]        | mc/pg1/rst_n_130[0]                   |                9 |             12 |
|  CLK100MHZ_IBUF_BUFG | mc/pg1/hcnt_c_reg[4]_rep__2[0]          | mc/pg1/rst_n_377[0]                   |                9 |             12 |
|  CLK100MHZ_IBUF_BUFG | mc/pg1/hcnt_c_reg[4]_rep__8_1[0]        | mc/pg1/rst_n_227[0]                   |                7 |             12 |
|  CLK100MHZ_IBUF_BUFG | mc/pg1/hcnt_c_reg[4]_rep__8_17[0]       | mc/pg1/rst_n_292[0]                   |               10 |             12 |
|  CLK100MHZ_IBUF_BUFG | mc/pg1/hcnt_c_reg[4]_rep__8_2[0]        | mc/pg1/rst_n_228[0]                   |               10 |             12 |
|  CLK100MHZ_IBUF_BUFG | mc/pg1/hcnt_c_reg[4]_rep__8_0[0]        | mc/pg1/rst_n_226[0]                   |               10 |             12 |
|  CLK100MHZ_IBUF_BUFG | mc/pg1/hcnt_c_reg[4]_rep__8_13[0]       | mc/pg1/rst_n_288[0]                   |                7 |             12 |
|  CLK100MHZ_IBUF_BUFG | mc/pg1/hcnt_c_reg[4]_rep__7_2[0]        | mc/pg1/rst_n_18[0]                    |                8 |             12 |
|  CLK100MHZ_IBUF_BUFG | mc/pg1/hcnt_c_reg[4]_rep__2_0[0]        | mc/pg1/rst_n_385[0]                   |                9 |             12 |
|  CLK100MHZ_IBUF_BUFG | mc/pg1/hcnt_c_reg[4]_rep__2_20[0]       | mc/pg1/hcnt_c_reg[4]_rep__2_19[0]     |                7 |             12 |
|  CLK100MHZ_IBUF_BUFG | mc/pg1/hcnt_c_reg[4]_rep__7_3[0]        | mc/pg1/rst_n_19[0]                    |                8 |             12 |
|  CLK100MHZ_IBUF_BUFG | mc/pg1/hcnt_c_reg[4]_rep__7_8[0]        | mc/pg1/rst_n_25[0]                    |                9 |             12 |
|  CLK100MHZ_IBUF_BUFG | mc/pg1/hcnt_c_reg[4]_rep__7_0[0]        | mc/pg1/rst_n_15[0]                    |                9 |             12 |
|  CLK100MHZ_IBUF_BUFG | mc/pg1/hcnt_c_reg[4]_rep__7_4[0]        | mc/pg1/rst_n_20[0]                    |                8 |             12 |
|  CLK100MHZ_IBUF_BUFG | mc/pg1/hcnt_c_reg[4]_rep__8_12[0]       | mc/pg1/rst_n_287[0]                   |                8 |             12 |
|  CLK100MHZ_IBUF_BUFG | mc/pg1/hcnt_c_reg[4]_rep__8_14[0]       | mc/pg1/rst_n_289[0]                   |               10 |             12 |
|  CLK100MHZ_IBUF_BUFG | mc/pg1/hcnt_c_reg[4]_rep__8_16[0]       | mc/pg1/rst_n_291[0]                   |                9 |             12 |
|  CLK100MHZ_IBUF_BUFG | mc/pg1/hcnt_c_reg[4]_rep__8_18[0]       | mc/pg1/rst_n_294[0]                   |                9 |             12 |
|  CLK100MHZ_IBUF_BUFG | mc/pg1/hcnt_c_reg[4]_rep__8_3[0]        | mc/pg1/rst_n_229[0]                   |                9 |             12 |
|  CLK100MHZ_IBUF_BUFG | mc/pg1/hcnt_c_reg[4]_rep__7_5[0]        | mc/pg1/rst_n_21[0]                    |                9 |             12 |
|  CLK100MHZ_IBUF_BUFG | mc/pg1/hcnt_c_reg[4]_rep__2_21[0]       | mc/pg1/hcnt_c_reg[7]_rep_21[0]        |                5 |             12 |
|  CLK100MHZ_IBUF_BUFG | mc/pg1/hcnt_c_reg[4]_rep__7_7[0]        | mc/pg1/rst_n_23[0]                    |               10 |             12 |
|  CLK100MHZ_IBUF_BUFG | mc/pg1/hcnt_c_reg[4]_rep__8_4[0]        | mc/pg1/rst_n_230[0]                   |               12 |             12 |
|  CLK100MHZ_IBUF_BUFG | mc/pg1/hcnt_c_reg[4]_rep__8_10[0]       | mc/pg1/rst_n_284[0]                   |                7 |             12 |
|  CLK100MHZ_IBUF_BUFG | mc/pg1/hcnt_c_reg[4]_rep__8_5[0]        | mc/pg1/rst_n_231[0]                   |               11 |             12 |
|  CLK100MHZ_IBUF_BUFG | mc/pg1/hcnt_c_reg[4]_rep__1_1[0]        | mc/pg1/hcnt_c_reg[4]_rep__2_17[0]     |               10 |             12 |
|  CLK100MHZ_IBUF_BUFG | mc/pg1/hcnt_c_reg[4]_rep__7_1[0]        | mc/pg1/rst_n_17[0]                    |               11 |             12 |
|  CLK100MHZ_IBUF_BUFG | mc/pg1/hcnt_c_reg[4]_rep__7_6[0]        | mc/pg1/rst_n_22[0]                    |                9 |             12 |
|  CLK100MHZ_IBUF_BUFG | mc/pg1/hcnt_c_reg[4]_rep__9_23[0]       | mc/pg1/hcnt_c_reg[5]_rep_28[0]        |                7 |             12 |
|  CLK100MHZ_IBUF_BUFG | mc/pg1/hcnt_c_reg[5]_rep_39[0]          | mc/pg1/hcnt_c_reg[4]_rep__9_12[0]     |                7 |             12 |
|  CLK100MHZ_IBUF_BUFG | mc/pg1/hcnt_c_reg[5]_rep_41[0]          | mc/pg1/hcnt_c_reg[4]_rep__9_10[0]     |                7 |             12 |
|  CLK100MHZ_IBUF_BUFG | mc/pg1/hcnt_c_reg[4]_rep__9_18[0]       | mc/pg1/hcnt_c_reg[5]_rep_33[0]        |                7 |             12 |
|  CLK100MHZ_IBUF_BUFG | mc/pg1/hcnt_c_reg[4]_rep__9_19[0]       | mc/pg1/hcnt_c_reg[5]_rep_32[0]        |                5 |             12 |
|  CLK100MHZ_IBUF_BUFG | mc/pg1/hcnt_c_reg[5]_rep_5[0]           | mc/pg1/rst_n_102[0]                   |                9 |             12 |
|  CLK100MHZ_IBUF_BUFG | mc/pg1/hcnt_c_reg[5]_rep_6[0]           | mc/pg1/rst_n_103[0]                   |                8 |             12 |
|  CLK100MHZ_IBUF_BUFG | mc/pg1/hcnt_c_reg[5]_rep_15[0]          | mc/pg1/rst_n_143[0]                   |                9 |             12 |
|  CLK100MHZ_IBUF_BUFG | mc/pg1/hcnt_c_reg[5]_rep_37[0]          | mc/pg1/hcnt_c_reg[4]_rep__9_14[0]     |                8 |             12 |
|  CLK100MHZ_IBUF_BUFG | mc/pg1/hcnt_c_reg[4]_rep__9_22[0]       | mc/pg1/hcnt_c_reg[5]_rep_29[0]        |                7 |             12 |
|  CLK100MHZ_IBUF_BUFG | mc/pg1/hcnt_c_reg[5]_rep_14[0]          | mc/pg1/rst_n_122[0]                   |                7 |             12 |
|  CLK100MHZ_IBUF_BUFG | mc/pg1/hcnt_c_reg[5]_rep_40[0]          | mc/pg1/hcnt_c_reg[4]_rep__9_11[0]     |                8 |             12 |
|  CLK100MHZ_IBUF_BUFG | mc/pg1/hcnt_c_reg[4]_rep__9_4[0]        | mc/pg1/rst_n_133[0]                   |                7 |             12 |
|  CLK100MHZ_IBUF_BUFG | mc/pg1/hcnt_c_reg[5]_rep_10[0]          | mc/pg1/rst_n_112[0]                   |                9 |             12 |
|  CLK100MHZ_IBUF_BUFG | mc/pg1/hcnt_c_reg[4]_rep__9_20[0]       | mc/pg1/hcnt_c_reg[5]_rep_31[0]        |                8 |             12 |
|  CLK100MHZ_IBUF_BUFG | mc/pg1/hcnt_c_reg[5]_rep_0[0]           | mc/pg1/rst_n_96[0]                    |               11 |             12 |
|  CLK100MHZ_IBUF_BUFG | mc/pg1/hcnt_c_reg[5]_rep_24[0]          | mc/pg1/rst_n_302[0]                   |                9 |             12 |
|  CLK100MHZ_IBUF_BUFG | mc/pg1/hcnt_c_reg[5]_rep_26[0]          | mc/pg1/rst_n_308[0]                   |                9 |             12 |
|  CLK100MHZ_IBUF_BUFG | mc/pg1/hcnt_c_reg[4]_rep__9_3[0]        | mc/pg1/rst_n_132[0]                   |                9 |             12 |
|  CLK100MHZ_IBUF_BUFG | mc/pg1/hcnt_c_reg[4]_rep__9_6[0]        | mc/pg1/rst_n_135[0]                   |                8 |             12 |
|  CLK100MHZ_IBUF_BUFG | mc/pg1/hcnt_c_reg[4]_rep__9_5[0]        | mc/pg1/rst_n_134[0]                   |                7 |             12 |
|  CLK100MHZ_IBUF_BUFG | mc/pg1/hcnt_c_reg[4]_rep__9_8[0]        | mc/pg1/rst_n_138[0]                   |                8 |             12 |
|  CLK100MHZ_IBUF_BUFG | mc/pg1/hcnt_c_reg[5]_rep_27[0]          | mc/pg1/rst_n_310[0]                   |                9 |             12 |
|  CLK100MHZ_IBUF_BUFG | mc/pg1/hcnt_c_reg[5]_rep_4[0]           | mc/pg1/rst_n_101[0]                   |                7 |             12 |
|  CLK100MHZ_IBUF_BUFG | mc/pg1/hcnt_c_reg[5][0]                 | mc/pg1/rst_n_165[0]                   |               10 |             12 |
|  CLK100MHZ_IBUF_BUFG | mc/pg1/hcnt_c_reg[5]_rep_16[0]          | mc/pg1/rst_n_144[0]                   |                9 |             12 |
|  CLK100MHZ_IBUF_BUFG | mc/pg1/hcnt_c_reg[5]_rep_18[0]          | mc/pg1/rst_n_151[0]                   |               10 |             12 |
|  CLK100MHZ_IBUF_BUFG | mc/pg1/hcnt_c_reg[5]_rep_44[0]          | mc/pg1/hcnt_c_reg[5]_rep_43[0]        |                9 |             12 |
|  CLK100MHZ_IBUF_BUFG | mc/pg1/hcnt_c_reg[4]_rep__9_17[0]       | mc/pg1/hcnt_c_reg[5]_rep_34[0]        |                8 |             12 |
|  CLK100MHZ_IBUF_BUFG | mc/pg1/hcnt_c_reg[5]_rep_17[0]          | mc/pg1/rst_n_146[0]                   |                9 |             12 |
|  CLK100MHZ_IBUF_BUFG | mc/pg1/hcnt_c_reg[5]_rep_20[0]          | mc/pg1/rst_n_154[0]                   |                6 |             12 |
|  CLK100MHZ_IBUF_BUFG | mc/pg1/hcnt_c_reg[5]_0[0]               | mc/pg1/rst_n_166[0]                   |                9 |             12 |
|  CLK100MHZ_IBUF_BUFG | mc/pg1/hcnt_c_reg[5]_rep_23[0]          | mc/pg1/rst_n_300[0]                   |               10 |             12 |
|  CLK100MHZ_IBUF_BUFG | mc/pg1/hcnt_c_reg[4]_rep__9_2[0]        | mc/pg1/rst_n_131[0]                   |                7 |             12 |
|  CLK100MHZ_IBUF_BUFG | mc/pg1/hcnt_c_reg[5]_rep_1[0]           | mc/pg1/rst_n_98[0]                    |                8 |             12 |
|  CLK100MHZ_IBUF_BUFG | mc/pg1/hcnt_c_reg[5]_rep_25[0]          | mc/pg1/rst_n_307[0]                   |                9 |             12 |
|  CLK100MHZ_IBUF_BUFG | mc/pg1/hcnt_c_reg[5]_rep[0]             | mc/pg1/rst_n_95[0]                    |               11 |             12 |
|  CLK100MHZ_IBUF_BUFG | mc/pg1/hcnt_c_reg[5]_rep_21[0]          | mc/pg1/rst_n_197[0]                   |                8 |             12 |
|  CLK100MHZ_IBUF_BUFG | mc/pg1/hcnt_c_reg[5]_rep_13[0]          | mc/pg1/rst_n_120[0]                   |                6 |             12 |
|  CLK100MHZ_IBUF_BUFG | mc/pg1/hcnt_c_reg[4]_rep__9_21[0]       | mc/pg1/hcnt_c_reg[5]_rep_30[0]        |                5 |             12 |
|  CLK100MHZ_IBUF_BUFG | mc/pg1/hcnt_c_reg[5]_rep_22[0]          | mc/pg1/rst_n_299[0]                   |                9 |             12 |
|  CLK100MHZ_IBUF_BUFG | mc/pg1/hcnt_c_reg[5]_rep_3[0]           | mc/pg1/rst_n_100[0]                   |                8 |             12 |
|  CLK100MHZ_IBUF_BUFG | mc/pg1/hcnt_c_reg[5]_rep_2[0]           | mc/pg1/rst_n_99[0]                    |                8 |             12 |
|  CLK100MHZ_IBUF_BUFG | mc/pg1/hcnt_c_reg[5]_rep_36[0]          | mc/pg1/hcnt_c_reg[4]_rep__9_15[0]     |                9 |             12 |
|  CLK100MHZ_IBUF_BUFG | mc/pg1/hcnt_c_reg[5]_rep_38[0]          | mc/pg1/hcnt_c_reg[4]_rep__9_13[0]     |                9 |             12 |
|  CLK100MHZ_IBUF_BUFG | mc/pg1/hcnt_c_reg[4]_rep__9_7[0]        | mc/pg1/rst_n_136[0]                   |                7 |             12 |
|  CLK100MHZ_IBUF_BUFG | mc/pg1/hcnt_c_reg[5]_rep_12[0]          | mc/pg1/rst_n_119[0]                   |                8 |             12 |
|  CLK100MHZ_IBUF_BUFG | mc/pg1/hcnt_c_reg[5]_rep_11[0]          | mc/pg1/rst_n_114[0]                   |                7 |             12 |
|  CLK100MHZ_IBUF_BUFG | mc/pg1/hcnt_c_reg[5]_rep_19[0]          | mc/pg1/rst_n_152[0]                   |                9 |             12 |
|  CLK100MHZ_IBUF_BUFG | mc/pg1/hcnt_c_reg[5]_rep__0_27[0]       | mc/pg1/rst_n_407[0]                   |               10 |             12 |
|  CLK100MHZ_IBUF_BUFG | mc/pg1/hcnt_c_reg[5]_rep__1_23[0]       | mc/pg1/rst_n_61[0]                    |                8 |             12 |
|  CLK100MHZ_IBUF_BUFG | mc/pg1/hcnt_c_reg[5]_rep__1_24[0]       | mc/pg1/rst_n_62[0]                    |                8 |             12 |
|  CLK100MHZ_IBUF_BUFG | mc/pg1/hcnt_c_reg[5]_rep__1_1[0]        | mc/pg1/rst_n_6[0]                     |                7 |             12 |
|  CLK100MHZ_IBUF_BUFG | mc/pg1/hcnt_c_reg[5]_rep__1_25[0]       | mc/pg1/rst_n_63[0]                    |                9 |             12 |
|  CLK100MHZ_IBUF_BUFG | mc/pg1/hcnt_c_reg[5]_rep__0_37[0]       | mc/pg1/rst_n_423[0]                   |                9 |             12 |
|  CLK100MHZ_IBUF_BUFG | mc/pg1/hcnt_c_reg[5]_rep__0_8[0]        | mc/pg1/rst_n_240[0]                   |                8 |             12 |
|  CLK100MHZ_IBUF_BUFG | mc/pg1/hcnt_c_reg[5]_rep__0_26[0]       | mc/pg1/rst_n_278[0]                   |                7 |             12 |
|  CLK100MHZ_IBUF_BUFG | mc/pg1/hcnt_c_reg[5]_rep__1_15[0]       | mc/pg1/rst_n_52[0]                    |                9 |             12 |
|  CLK100MHZ_IBUF_BUFG | mc/pg1/hcnt_c_reg[5]_rep__0_18[0]       | mc/pg1/rst_n_261[0]                   |                6 |             12 |
|  CLK100MHZ_IBUF_BUFG | mc/pg1/hcnt_c_reg[5]_rep__0_35[0]       | mc/pg1/rst_n_416[0]                   |                8 |             12 |
|  CLK100MHZ_IBUF_BUFG | mc/pg1/hcnt_c_reg[5]_rep__0_16[0]       | mc/pg1/rst_n_259[0]                   |                7 |             12 |
|  CLK100MHZ_IBUF_BUFG | mc/pg1/hcnt_c_reg[5]_rep__0_2[0]        | mc/pg1/rst_n_208[0]                   |                5 |             12 |
|  CLK100MHZ_IBUF_BUFG | mc/pg1/hcnt_c_reg[5]_rep__0_19[0]       | mc/pg1/rst_n_262[0]                   |                5 |             12 |
|  CLK100MHZ_IBUF_BUFG | mc/pg1/hcnt_c_reg[5]_rep__0_21[0]       | mc/pg1/rst_n_264[0]                   |                5 |             12 |
|  CLK100MHZ_IBUF_BUFG | mc/pg1/hcnt_c_reg[5]_rep__0_24[0]       | mc/pg1/rst_n_275[0]                   |                9 |             12 |
|  CLK100MHZ_IBUF_BUFG | mc/pg1/hcnt_c_reg[5]_rep__0_29[0]       | mc/pg1/rst_n_410[0]                   |                6 |             12 |
|  CLK100MHZ_IBUF_BUFG | mc/pg1/hcnt_c_reg[5]_rep__0_38[0]       | mc/pg1/rst_n_424[0]                   |                8 |             12 |
|  CLK100MHZ_IBUF_BUFG | mc/pg1/hcnt_c_reg[5]_rep__0_30[0]       | mc/pg1/rst_n_411[0]                   |                8 |             12 |
|  CLK100MHZ_IBUF_BUFG | mc/pg1/hcnt_c_reg[5]_rep__1_11[0]       | mc/pg1/rst_n_47[0]                    |                8 |             12 |
|  CLK100MHZ_IBUF_BUFG | mc/pg1/hcnt_c_reg[5]_rep__0_4[0]        | mc/pg1/rst_n_211[0]                   |                6 |             12 |
|  CLK100MHZ_IBUF_BUFG | mc/pg1/hcnt_c_reg[5]_rep__0_23[0]       | mc/pg1/rst_n_267[0]                   |                7 |             12 |
|  CLK100MHZ_IBUF_BUFG | mc/pg1/hcnt_c_reg[5]_rep__0_28[0]       | mc/pg1/rst_n_408[0]                   |                6 |             12 |
|  CLK100MHZ_IBUF_BUFG | mc/pg1/hcnt_c_reg[5]_rep__0_9[0]        | mc/pg1/rst_n_242[0]                   |                6 |             12 |
|  CLK100MHZ_IBUF_BUFG | mc/pg1/hcnt_c_reg[5]_rep_8[0]           | mc/pg1/rst_n_106[0]                   |                9 |             12 |
|  CLK100MHZ_IBUF_BUFG | mc/pg1/hcnt_c_reg[5]_rep__0_13[0]       | mc/pg1/rst_n_251[0]                   |                5 |             12 |
|  CLK100MHZ_IBUF_BUFG | mc/pg1/hcnt_c_reg[5]_rep__0_3[0]        | mc/pg1/rst_n_210[0]                   |                5 |             12 |
|  CLK100MHZ_IBUF_BUFG | mc/pg1/hcnt_c_reg[5]_rep__0_15[0]       | mc/pg1/rst_n_258[0]                   |                5 |             12 |
|  CLK100MHZ_IBUF_BUFG | mc/pg1/hcnt_c_reg[5]_rep__0_0[0]        | mc/pg1/rst_n_83[0]                    |                6 |             12 |
|  CLK100MHZ_IBUF_BUFG | mc/pg1/hcnt_c_reg[5]_rep__0_34[0]       | mc/pg1/rst_n_415[0]                   |                8 |             12 |
|  CLK100MHZ_IBUF_BUFG | mc/pg1/hcnt_c_reg[5]_rep__0_36[0]       | mc/pg1/rst_n_418[0]                   |                8 |             12 |
|  CLK100MHZ_IBUF_BUFG | mc/pg1/hcnt_c_reg[5]_rep__0_5[0]        | mc/pg1/rst_n_216[0]                   |                6 |             12 |
|  CLK100MHZ_IBUF_BUFG | mc/pg1/hcnt_c_reg[5]_rep__1_13[0]       | mc/pg1/rst_n_50[0]                    |                8 |             12 |
|  CLK100MHZ_IBUF_BUFG | mc/pg1/hcnt_c_reg[5]_rep__1_14[0]       | mc/pg1/rst_n_51[0]                    |               10 |             12 |
|  CLK100MHZ_IBUF_BUFG | mc/pg1/hcnt_c_reg[5]_rep__1_16[0]       | mc/pg1/rst_n_53[0]                    |                8 |             12 |
|  CLK100MHZ_IBUF_BUFG | mc/pg1/hcnt_c_reg[5]_rep__1_18[0]       | mc/pg1/rst_n_55[0]                    |                9 |             12 |
|  CLK100MHZ_IBUF_BUFG | mc/pg1/hcnt_c_reg[5]_rep__1_2[0]        | mc/pg1/rst_n_7[0]                     |                9 |             12 |
|  CLK100MHZ_IBUF_BUFG | mc/pg1/hcnt_c_reg[5]_rep_7[0]           | mc/pg1/rst_n_104[0]                   |                8 |             12 |
|  CLK100MHZ_IBUF_BUFG | mc/pg1/hcnt_c_reg[5]_rep__0_12[0]       | mc/pg1/rst_n_250[0]                   |                7 |             12 |
|  CLK100MHZ_IBUF_BUFG | mc/pg1/hcnt_c_reg[5]_rep__0_25[0]       | mc/pg1/rst_n_276[0]                   |               11 |             12 |
|  CLK100MHZ_IBUF_BUFG | mc/pg1/hcnt_c_reg[5]_rep__0_39[0]       | mc/pg1/rst_n_426[0]                   |                7 |             12 |
|  CLK100MHZ_IBUF_BUFG | mc/pg1/hcnt_c_reg[5]_rep__1_10[0]       | mc/pg1/rst_n_46[0]                    |                8 |             12 |
|  CLK100MHZ_IBUF_BUFG | mc/pg1/hcnt_c_reg[5]_rep__1_17[0]       | mc/pg1/rst_n_54[0]                    |                8 |             12 |
|  CLK100MHZ_IBUF_BUFG | mc/pg1/hcnt_c_reg[5]_rep__0_31[0]       | mc/pg1/rst_n_412[0]                   |               10 |             12 |
|  CLK100MHZ_IBUF_BUFG | mc/pg1/hcnt_c_reg[5]_rep__0_32[0]       | mc/pg1/rst_n_413[0]                   |                7 |             12 |
|  CLK100MHZ_IBUF_BUFG | mc/pg1/hcnt_c_reg[5]_rep__0_7[0]        | mc/pg1/rst_n_219[0]                   |                9 |             12 |
|  CLK100MHZ_IBUF_BUFG | mc/pg1/hcnt_c_reg[5]_rep__0_1[0]        | mc/pg1/rst_n_85[0]                    |                9 |             12 |
|  CLK100MHZ_IBUF_BUFG | mc/pg1/hcnt_c_reg[5]_rep__1_0[0]        | mc/pg1/rst_n_1[0]                     |                6 |             12 |
|  CLK100MHZ_IBUF_BUFG | mc/pg1/hcnt_c_reg[5]_rep__1[0]          | mc/pg1/rst_n[0]                       |                8 |             12 |
|  CLK100MHZ_IBUF_BUFG | mc/pg1/hcnt_c_reg[5]_rep_9[0]           | mc/pg1/rst_n_111[0]                   |               10 |             12 |
|  CLK100MHZ_IBUF_BUFG | mc/pg1/hcnt_c_reg[5]_rep__0_10[0]       | mc/pg1/rst_n_243[0]                   |                7 |             12 |
|  CLK100MHZ_IBUF_BUFG | mc/pg1/hcnt_c_reg[5]_rep__0_33[0]       | mc/pg1/rst_n_414[0]                   |                9 |             12 |
|  CLK100MHZ_IBUF_BUFG | mc/pg1/hcnt_c_reg[5]_rep__0[0]          | mc/pg1/rst_n_82[0]                    |                6 |             12 |
|  CLK100MHZ_IBUF_BUFG | mc/pg1/hcnt_c_reg[5]_rep__0_22[0]       | mc/pg1/rst_n_266[0]                   |                7 |             12 |
|  CLK100MHZ_IBUF_BUFG | mc/pg1/hcnt_c_reg[5]_rep__0_20[0]       | mc/pg1/rst_n_263[0]                   |                8 |             12 |
|  CLK100MHZ_IBUF_BUFG | mc/pg1/hcnt_c_reg[5]_rep__0_17[0]       | mc/pg1/rst_n_260[0]                   |                5 |             12 |
|  CLK100MHZ_IBUF_BUFG | mc/pg1/hcnt_c_reg[5]_rep__0_14[0]       | mc/pg1/rst_n_256[0]                   |                4 |             12 |
|  CLK100MHZ_IBUF_BUFG | mc/pg1/hcnt_c_reg[5]_rep__0_6[0]        | mc/pg1/rst_n_218[0]                   |                7 |             12 |
|  CLK100MHZ_IBUF_BUFG | mc/pg1/hcnt_c_reg[5]_rep__1_12[0]       | mc/pg1/rst_n_49[0]                    |                9 |             12 |
|  CLK100MHZ_IBUF_BUFG | mc/pg1/hcnt_c_reg[5]_rep__1_19[0]       | mc/pg1/rst_n_57[0]                    |               10 |             12 |
|  CLK100MHZ_IBUF_BUFG | mc/pg1/hcnt_c_reg[5]_rep__0_11[0]       | mc/pg1/rst_n_248[0]                   |                7 |             12 |
|  CLK100MHZ_IBUF_BUFG | mc/pg1/hcnt_c_reg[5]_rep__1_20[0]       | mc/pg1/rst_n_58[0]                    |                9 |             12 |
|  CLK100MHZ_IBUF_BUFG | mc/pg1/hcnt_c_reg[5]_rep__1_21[0]       | mc/pg1/rst_n_59[0]                    |                6 |             12 |
|  CLK100MHZ_IBUF_BUFG | mc/pg1/hcnt_c_reg[5]_rep__1_22[0]       | mc/pg1/rst_n_60[0]                    |                7 |             12 |
|  CLK100MHZ_IBUF_BUFG | mc/pg1/hcnt_c_reg[5]_rep__7_21[0]       | mc/pg1/rst_n_318[0]                   |                6 |             12 |
|  CLK100MHZ_IBUF_BUFG | mc/pg1/hcnt_c_reg[5]_rep__7_22[0]       | mc/pg1/rst_n_319[0]                   |                6 |             12 |
|  CLK100MHZ_IBUF_BUFG | mc/pg1/hcnt_c_reg[5]_rep__7_34[0]       | mc/pg1/rst_n_342[0]                   |                8 |             12 |
|  CLK100MHZ_IBUF_BUFG | mc/pg1/hcnt_c_reg[5]_rep__1_30[0]       | mc/pg1/hcnt_c_reg[4]_rep__7_9[0]      |                6 |             12 |
|  CLK100MHZ_IBUF_BUFG | mc/pg1/hcnt_c_reg[5]_rep__7_15[0]       | mc/pg1/rst_n_199[0]                   |                6 |             12 |
|  CLK100MHZ_IBUF_BUFG | mc/pg1/hcnt_c_reg[5]_rep__7_10[0]       | mc/pg1/rst_n_176[0]                   |               10 |             12 |
|  CLK100MHZ_IBUF_BUFG | mc/pg1/hcnt_c_reg[5]_rep__6_9[0]        | mc/pg1/hcnt_c_reg[4]_rep__2_11[0]     |               11 |             12 |
|  CLK100MHZ_IBUF_BUFG | mc/pg1/hcnt_c_reg[5]_rep__7_17[0]       | mc/pg1/rst_n_202[0]                   |                6 |             12 |
|  CLK100MHZ_IBUF_BUFG | mc/pg1/hcnt_c_reg[5]_rep__7_27[0]       | mc/pg1/rst_n_324[0]                   |                6 |             12 |
|  CLK100MHZ_IBUF_BUFG | mc/pg1/hcnt_c_reg[5]_rep__7_29[0]       | mc/pg1/rst_n_331[0]                   |                8 |             12 |
|  CLK100MHZ_IBUF_BUFG | mc/pg1/hcnt_c_reg[5]_rep__7_35[0]       | mc/pg1/rst_n_348[0]                   |                7 |             12 |
|  CLK100MHZ_IBUF_BUFG | mc/pg1/hcnt_c_reg[5]_rep__7_36[0]       | mc/pg1/rst_n_350[0]                   |                5 |             12 |
|  CLK100MHZ_IBUF_BUFG | mc/pg1/hcnt_c_reg[5]_rep__6_14[0]       | mc/pg1/hcnt_c_reg[4]_rep__2_6[0]      |                9 |             12 |
|  CLK100MHZ_IBUF_BUFG | mc/pg1/hcnt_c_reg[5]_rep__7_11[0]       | mc/pg1/rst_n_177[0]                   |               10 |             12 |
|  CLK100MHZ_IBUF_BUFG | mc/pg1/hcnt_c_reg[5]_rep__7_31[0]       | mc/pg1/rst_n_334[0]                   |                7 |             12 |
|  CLK100MHZ_IBUF_BUFG | mc/pg1/hcnt_c_reg[5]_rep__1_9[0]        | mc/pg1/rst_n_41[0]                    |                8 |             12 |
|  CLK100MHZ_IBUF_BUFG | mc/pg1/hcnt_c_reg[5]_rep__6_11[0]       | mc/pg1/hcnt_c_reg[4]_rep__2_9[0]      |               10 |             12 |
|  CLK100MHZ_IBUF_BUFG | mc/pg1/hcnt_c_reg[5]_rep__7_1[0]        | mc/pg1/rst_n_90[0]                    |               10 |             12 |
|  CLK100MHZ_IBUF_BUFG | mc/pg1/hcnt_c_reg[5]_rep__7_23[0]       | mc/pg1/rst_n_320[0]                   |                5 |             12 |
|  CLK100MHZ_IBUF_BUFG | mc/pg1/hcnt_c_reg[5]_rep__1_28[0]       | mc/pg1/rst_n_71[0]                    |                5 |             12 |
|  CLK100MHZ_IBUF_BUFG | mc/pg1/hcnt_c_reg[5]_rep__7_3[0]        | mc/pg1/rst_n_168[0]                   |               11 |             12 |
|  CLK100MHZ_IBUF_BUFG | mc/pg1/hcnt_c_reg[5]_rep__7_0[0]        | mc/pg1/rst_n_88[0]                    |                8 |             12 |
|  CLK100MHZ_IBUF_BUFG | mc/pg1/hcnt_c_reg[5]_rep__7_12[0]       | mc/pg1/rst_n_178[0]                   |                8 |             12 |
|  CLK100MHZ_IBUF_BUFG | mc/pg1/hcnt_c_reg[5]_rep__7_28[0]       | mc/pg1/rst_n_326[0]                   |                7 |             12 |
|  CLK100MHZ_IBUF_BUFG | mc/pg1/hcnt_c_reg[5]_rep__7_30[0]       | mc/pg1/rst_n_332[0]                   |                6 |             12 |
|  CLK100MHZ_IBUF_BUFG | mc/pg1/hcnt_c_reg[5]_rep__7_32[0]       | mc/pg1/rst_n_339[0]                   |                6 |             12 |
|  CLK100MHZ_IBUF_BUFG | mc/pg1/hcnt_c_reg[5]_rep__7_33[0]       | mc/pg1/rst_n_340[0]                   |                6 |             12 |
|  CLK100MHZ_IBUF_BUFG | mc/pg1/hcnt_c_reg[5]_rep__7_37[0]       | mc/pg1/rst_n_351[0]                   |                6 |             12 |
|  CLK100MHZ_IBUF_BUFG | mc/pg1/hcnt_c_reg[5]_rep__7_14[0]       | mc/pg1/rst_n_191[0]                   |                9 |             12 |
|  CLK100MHZ_IBUF_BUFG | mc/pg1/hcnt_c_reg[5]_rep__7_24[0]       | mc/pg1/rst_n_321[0]                   |                5 |             12 |
|  CLK100MHZ_IBUF_BUFG | mc/pg1/hcnt_c_reg[5]_rep__7_25[0]       | mc/pg1/rst_n_322[0]                   |                4 |             12 |
|  CLK100MHZ_IBUF_BUFG | mc/pg1/hcnt_c_reg[5]_rep__7_26[0]       | mc/pg1/rst_n_323[0]                   |                5 |             12 |
|  CLK100MHZ_IBUF_BUFG | mc/pg1/hcnt_c_reg[5]_rep__7_38[0]       | mc/pg1/rst_n_352[0]                   |                5 |             12 |
|  CLK100MHZ_IBUF_BUFG | mc/pg1/hcnt_c_reg[5]_rep__7_39[0]       | mc/pg1/rst_n_353[0]                   |                5 |             12 |
|  CLK100MHZ_IBUF_BUFG | mc/pg1/hcnt_c_reg[5]_rep__6_8[0]        | mc/pg1/hcnt_c_reg[4]_rep__2_14[0]     |                9 |             12 |
|  CLK100MHZ_IBUF_BUFG | mc/pg1/hcnt_c_reg[5]_rep__7_16[0]       | mc/pg1/rst_n_200[0]                   |                5 |             12 |
|  CLK100MHZ_IBUF_BUFG | mc/pg1/hcnt_c_reg[5]_rep__1_5[0]        | mc/pg1/rst_n_31[0]                    |               10 |             12 |
|  CLK100MHZ_IBUF_BUFG | mc/pg1/hcnt_c_reg[5]_rep__7_19[0]       | mc/pg1/rst_n_315[0]                   |                5 |             12 |
|  CLK100MHZ_IBUF_BUFG | mc/pg1/hcnt_c_reg[5]_rep__6_15[0]       | mc/pg1/hcnt_c_reg[4]_rep__2_5[0]      |               11 |             12 |
|  CLK100MHZ_IBUF_BUFG | mc/pg1/hcnt_c_reg[5]_rep__1_8[0]        | mc/pg1/rst_n_39[0]                    |               10 |             12 |
|  CLK100MHZ_IBUF_BUFG | mc/pg1/hcnt_c_reg[5]_rep__7_18[0]       | mc/pg1/rst_n_203[0]                   |                6 |             12 |
|  CLK100MHZ_IBUF_BUFG | mc/pg1/hcnt_c_reg[5]_rep__6_6[0]        | mc/pg1/hcnt_c_reg[4]_rep__2_16[0]     |                9 |             12 |
|  CLK100MHZ_IBUF_BUFG | mc/pg1/hcnt_c_reg[5]_rep__1_3[0]        | mc/pg1/rst_n_9[0]                     |                8 |             12 |
|  CLK100MHZ_IBUF_BUFG | mc/pg1/hcnt_c_reg[5]_rep__1_29[0]       | mc/pg1/rst_n_73[0]                    |                7 |             12 |
|  CLK100MHZ_IBUF_BUFG | mc/pg1/hcnt_c_reg[5]_rep__1_26[0]       | mc/pg1/rst_n_65[0]                    |                7 |             12 |
|  CLK100MHZ_IBUF_BUFG | mc/pg1/hcnt_c_reg[5]_rep__1_6[0]        | mc/pg1/rst_n_33[0]                    |                9 |             12 |
|  CLK100MHZ_IBUF_BUFG | mc/pg1/hcnt_c_reg[5]_rep__7[0]          | mc/pg1/rst_n_87[0]                    |               10 |             12 |
|  CLK100MHZ_IBUF_BUFG | mc/pg1/hcnt_c_reg[5]_rep__1_27[0]       | mc/pg1/rst_n_70[0]                    |                6 |             12 |
|  CLK100MHZ_IBUF_BUFG | mc/pg1/hcnt_c_reg[5]_rep__1_7[0]        | mc/pg1/rst_n_38[0]                    |                9 |             12 |
|  CLK100MHZ_IBUF_BUFG | mc/pg1/hcnt_c_reg[5]_rep__6_12[0]       | mc/pg1/hcnt_c_reg[4]_rep__2_8[0]      |                9 |             12 |
|  CLK100MHZ_IBUF_BUFG | mc/pg1/hcnt_c_reg[5]_rep__6_13[0]       | mc/pg1/hcnt_c_reg[4]_rep__2_7[0]      |                8 |             12 |
|  CLK100MHZ_IBUF_BUFG | mc/pg1/hcnt_c_reg[5]_rep__1_4[0]        | mc/pg1/rst_n_30[0]                    |               10 |             12 |
|  CLK100MHZ_IBUF_BUFG | mc/pg1/hcnt_c_reg[5]_rep__6_10[0]       | mc/pg1/hcnt_c_reg[4]_rep__2_10[0]     |                9 |             12 |
|  CLK100MHZ_IBUF_BUFG | mc/pg1/hcnt_c_reg[5]_rep__6_7[0]        | mc/pg1/hcnt_c_reg[4]_rep__2_15[0]     |               11 |             12 |
|  CLK100MHZ_IBUF_BUFG | mc/pg1/hcnt_c_reg[5]_rep__7_13[0]       | mc/pg1/rst_n_180[0]                   |                9 |             12 |
|  CLK100MHZ_IBUF_BUFG | mc/pg1/hcnt_c_reg[5]_rep__7_2[0]        | mc/pg1/rst_n_167[0]                   |               10 |             12 |
|  CLK100MHZ_IBUF_BUFG | mc/pg1/hcnt_c_reg[5]_rep__7_20[0]       | mc/pg1/rst_n_316[0]                   |                7 |             12 |
|  CLK100MHZ_IBUF_BUFG | mc/pg1/hcnt_c_reg[6]_2[0]               | mc/pg1/rst_n_184[0]                   |               10 |             12 |
|  CLK100MHZ_IBUF_BUFG | mc/pg1/hcnt_c_reg[7]_rep[0]             | mc/pg1/rst_n_201[0]                   |                8 |             12 |
|  CLK100MHZ_IBUF_BUFG | mc/pg1/hcnt_c_reg[7]_rep_0[0]           | mc/pg1/rst_n_317[0]                   |                8 |             12 |
|  CLK100MHZ_IBUF_BUFG | mc/pg1/hcnt_c_reg[5]_rep__7_8[0]        | mc/pg1/rst_n_174[0]                   |               10 |             12 |
|  CLK100MHZ_IBUF_BUFG | mc/pg1/hcnt_c_reg[5]_rep__7_52[0]       | mc/pg1/rst_n_402[0]                   |               10 |             12 |
|  CLK100MHZ_IBUF_BUFG | mc/pg1/hcnt_c_reg[6]_22[0]              | mc/pg1/hcnt_c_reg[6]_7[0]             |               11 |             12 |
|  CLK100MHZ_IBUF_BUFG | mc/pg1/hcnt_c_reg[5]_rep__7_57[0]       | mc/pg1/hcnt_c_reg[2]_165[0]           |                9 |             12 |
|  CLK100MHZ_IBUF_BUFG | mc/pg1/hcnt_c_reg[7]_rep_1[0]           | mc/pg1/rst_n_325[0]                   |                7 |             12 |
|  CLK100MHZ_IBUF_BUFG | mc/pg1/hcnt_c_reg[5]_rep__7_50[0]       | mc/pg1/rst_n_399[0]                   |                8 |             12 |
|  CLK100MHZ_IBUF_BUFG | mc/pg1/hcnt_c_reg[7]_rep_10[0]          | mc/pg1/rst_n_376[0]                   |               10 |             12 |
|  CLK100MHZ_IBUF_BUFG | mc/pg1/hcnt_c_reg[6]_19[0]              | mc/pg1/hcnt_c_reg[6]_9[0]             |               10 |             12 |
|  CLK100MHZ_IBUF_BUFG | mc/pg1/hcnt_c_reg[5]_rep__7_41[0]       | mc/pg1/rst_n_359[0]                   |                9 |             12 |
|  CLK100MHZ_IBUF_BUFG | mc/pg1/hcnt_c_reg[6]_13[0]              | mc/pg1/hcnt_c_reg[5]_rep__6_0[0]      |                9 |             12 |
|  CLK100MHZ_IBUF_BUFG | mc/pg1/hcnt_c_reg[7]_rep_11[0]          | mc/pg1/rst_n_378[0]                   |                9 |             12 |
|  CLK100MHZ_IBUF_BUFG | mc/pg1/hcnt_c_reg[7]_rep_12[0]          | mc/pg1/rst_n_379[0]                   |                7 |             12 |
|  CLK100MHZ_IBUF_BUFG | mc/pg1/hcnt_c_reg[5]_rep__7_49[0]       | mc/pg1/rst_n_394[0]                   |                8 |             12 |
|  CLK100MHZ_IBUF_BUFG | mc/pg1/hcnt_c_reg[5]_rep__7_51[0]       | mc/pg1/rst_n_400[0]                   |                7 |             12 |
|  CLK100MHZ_IBUF_BUFG | mc/pg1/hcnt_c_reg[6]_17[0]              | mc/pg1/hcnt_c_reg[6]_11[0]            |                9 |             12 |
|  CLK100MHZ_IBUF_BUFG | mc/pg1/hcnt_c_reg[5]_rep__7_40[0]       | mc/pg1/rst_n_354[0]                   |                4 |             12 |
|  CLK100MHZ_IBUF_BUFG | mc/pg1/hcnt_c_reg[6]_21[0]              | mc/pg1/hcnt_c_reg[6]_8[0]             |                9 |             12 |
|  CLK100MHZ_IBUF_BUFG | mc/pg1/hcnt_c_reg[7]_rep_13[0]          | mc/pg1/rst_n_380[0]                   |                9 |             12 |
|  CLK100MHZ_IBUF_BUFG | mc/pg1/hcnt_c_reg[7]_rep_14[0]          | mc/pg1/rst_n_381[0]                   |                9 |             12 |
|  CLK100MHZ_IBUF_BUFG | mc/pg1/hcnt_c_reg[7]_rep_15[0]          | mc/pg1/rst_n_382[0]                   |                9 |             12 |
|  CLK100MHZ_IBUF_BUFG | mc/pg1/hcnt_c_reg[7]_rep_16[0]          | mc/pg1/rst_n_383[0]                   |                8 |             12 |
|  CLK100MHZ_IBUF_BUFG | mc/pg1/hcnt_c_reg[7]_rep_17[0]          | mc/pg1/rst_n_384[0]                   |                8 |             12 |
|  CLK100MHZ_IBUF_BUFG | mc/pg1/hcnt_c_reg[6]_6[0]               | mc/pg1/rst_n_196[0]                   |               10 |             12 |
|  CLK100MHZ_IBUF_BUFG | mc/pg1/hcnt_c_reg[6]_3[0]               | mc/pg1/rst_n_185[0]                   |               10 |             12 |
|  CLK100MHZ_IBUF_BUFG | mc/pg1/hcnt_c_reg[7]_rep_18[0]          | mc/pg1/rst_n_386[0]                   |                9 |             12 |
|  CLK100MHZ_IBUF_BUFG | mc/pg1/hcnt_c_reg[7]_rep_19[0]          | mc/pg1/rst_n_393[0]                   |                9 |             12 |
|  CLK100MHZ_IBUF_BUFG | mc/pg1/hcnt_c_reg[7]_rep_2[0]           | mc/pg1/rst_n_333[0]                   |                8 |             12 |
|  CLK100MHZ_IBUF_BUFG | mc/pg1/hcnt_c_reg[6]_5[0]               | mc/pg1/rst_n_188[0]                   |               10 |             12 |
|  CLK100MHZ_IBUF_BUFG | mc/pg1/hcnt_c_reg[7]_rep_20[0]          | mc/pg1/rst_n_401[0]                   |                9 |             12 |
|  CLK100MHZ_IBUF_BUFG | mc/pg1/hcnt_c_reg[5]_rep__7_56[0]       | mc/pg1/hcnt_c_reg[4]_rep__2_1[0]      |                8 |             12 |
|  CLK100MHZ_IBUF_BUFG | mc/pg1/hcnt_c_reg[5]_rep__7_42[0]       | mc/pg1/rst_n_360[0]                   |               11 |             12 |
|  CLK100MHZ_IBUF_BUFG | mc/pg1/hcnt_c_reg[5]_rep__7_9[0]        | mc/pg1/rst_n_175[0]                   |               11 |             12 |
|  CLK100MHZ_IBUF_BUFG | mc/pg1/hcnt_c_reg[5]_rep__7_45[0]       | mc/pg1/rst_n_368[0]                   |               11 |             12 |
|  CLK100MHZ_IBUF_BUFG | mc/pg1/hcnt_c_reg[6][0]                 | mc/pg1/rst_n_181[0]                   |               10 |             12 |
|  CLK100MHZ_IBUF_BUFG | mc/pg1/hcnt_c_reg[5]_rep__7_48[0]       | mc/pg1/rst_n_392[0]                   |                7 |             12 |
|  CLK100MHZ_IBUF_BUFG | mc/pg1/hcnt_c_reg[5]_rep__7_54[0]       | mc/pg1/hcnt_c_reg[4]_rep__2_3[0]      |                7 |             12 |
|  CLK100MHZ_IBUF_BUFG | mc/pg1/hcnt_c_reg[5]_rep__7_7[0]        | mc/pg1/rst_n_173[0]                   |                9 |             12 |
|  CLK100MHZ_IBUF_BUFG | mc/pg1/hcnt_c_reg[5]_rep__7_6[0]        | mc/pg1/rst_n_172[0]                   |                9 |             12 |
|  CLK100MHZ_IBUF_BUFG | mc/pg1/hcnt_c_reg[6]_20[0]              | mc/pg1/hcnt_c_reg[5]_rep__6[0]        |               10 |             12 |
|  CLK100MHZ_IBUF_BUFG | mc/pg1/hcnt_c_reg[5]_rep__7_46[0]       | mc/pg1/rst_n_370[0]                   |               10 |             12 |
|  CLK100MHZ_IBUF_BUFG | mc/pg1/hcnt_c_reg[6]_16[0]              | mc/pg1/hcnt_c_reg[6]_15[0]            |               10 |             12 |
|  CLK100MHZ_IBUF_BUFG | mc/pg1/hcnt_c_reg[5]_rep__7_4[0]        | mc/pg1/rst_n_169[0]                   |               10 |             12 |
|  CLK100MHZ_IBUF_BUFG | mc/pg1/hcnt_c_reg[5]_rep__7_47[0]       | mc/pg1/rst_n_391[0]                   |                7 |             12 |
|  CLK100MHZ_IBUF_BUFG | mc/pg1/hcnt_c_reg[6]_18[0]              | mc/pg1/hcnt_c_reg[6]_10[0]            |               11 |             12 |
|  CLK100MHZ_IBUF_BUFG | mc/pg1/hcnt_c_reg[5]_rep__7_44[0]       | mc/pg1/rst_n_367[0]                   |                8 |             12 |
|  CLK100MHZ_IBUF_BUFG | mc/pg1/hcnt_c_reg[5]_rep__7_5[0]        | mc/pg1/rst_n_170[0]                   |               10 |             12 |
|  CLK100MHZ_IBUF_BUFG | mc/pg1/hcnt_c_reg[5]_rep__7_55[0]       | mc/pg1/hcnt_c_reg[4]_rep__2_2[0]      |                7 |             12 |
|  CLK100MHZ_IBUF_BUFG | mc/pg1/hcnt_c_reg[6]_0[0]               | mc/pg1/rst_n_182[0]                   |               11 |             12 |
|  CLK100MHZ_IBUF_BUFG | mc/pg1/hcnt_c_reg[6]_1[0]               | mc/pg1/rst_n_183[0]                   |               10 |             12 |
|  CLK100MHZ_IBUF_BUFG | mc/pg1/hcnt_c_reg[5]_rep__7_43[0]       | mc/pg1/rst_n_362[0]                   |               10 |             12 |
|  CLK100MHZ_IBUF_BUFG | mc/pg1/hcnt_c_reg[6]_4[0]               | mc/pg1/rst_n_186[0]                   |               10 |             12 |
|  CLK100MHZ_IBUF_BUFG | mc/pg1/hcnt_c_reg[7]_rep_5[0]           | mc/pg1/rst_n_371[0]                   |                8 |             12 |
|  CLK100MHZ_IBUF_BUFG | mc/pg1/hcnt_c_reg[7]_rep_24[0]          | mc/pg1/hcnt_c_reg[3]_rep__21_4[0]     |                8 |             12 |
|  CLK100MHZ_IBUF_BUFG | mc/pg1/hcnt_c_reg[7]_rep_29[0]          | mc/pg1/hcnt_c_reg[2]_167[0]           |                7 |             12 |
|  CLK100MHZ_IBUF_BUFG | mc/pg1/hcnt_c_reg[7]_rep_4[0]           | mc/pg1/rst_n_361[0]                   |               11 |             12 |
|  CLK100MHZ_IBUF_BUFG | mc/pg1/hcnt_c_reg[7]_rep_9[0]           | mc/pg1/rst_n_375[0]                   |                9 |             12 |
|  CLK100MHZ_IBUF_BUFG | mc/pg1/hcnt_c_reg[7]_rep_26[0]          | mc/pg1/hcnt_c_reg[3]_rep__21_2[0]     |                4 |             12 |
|  CLK100MHZ_IBUF_BUFG | mc/pg1/hcnt_c_reg[7]_rep_7[0]           | mc/pg1/rst_n_373[0]                   |                8 |             12 |
|  CLK100MHZ_IBUF_BUFG | mc/pg1/hcnt_c_reg[7]_rep_28[0]          | mc/pg1/hcnt_c_reg[2]_168[0]           |                5 |             12 |
|  CLK100MHZ_IBUF_BUFG | mc/pg1/hcnt_c_reg[7]_rep_6[0]           | mc/pg1/rst_n_372[0]                   |                9 |             12 |
|  CLK100MHZ_IBUF_BUFG | mc/pg1/hcnt_c_reg[7]_rep_8[0]           | mc/pg1/rst_n_374[0]                   |                5 |             12 |
|  CLK100MHZ_IBUF_BUFG | mc/pg1/hcnt_c_reg[7]_rep_25[0]          | mc/pg1/hcnt_c_reg[3]_rep__21_3[0]     |                7 |             12 |
|  CLK100MHZ_IBUF_BUFG | mc/pg1/hcnt_c_reg[7]_rep_27[0]          | mc/pg1/hcnt_c_reg[2]_169[0]           |                7 |             12 |
|  CLK100MHZ_IBUF_BUFG | mc/pg1/hcnt_c_reg[7]_rep_3[0]           | mc/pg1/rst_n_349[0]                   |                7 |             12 |
|  CLK100MHZ_IBUF_BUFG | mc/pg1/hcnt_c_reg[7]_rep_23[0]          | mc/pg1/hcnt_c_reg[7]_rep_22[0]        |                8 |             12 |
|  CLK100MHZ_IBUF_BUFG | mc/pg1/hcnt_c_reg[2]_232[0]             | mc/pg1/hcnt_c_reg[3]_rep__0_4[0]      |                9 |             12 |
|  CLK100MHZ_IBUF_BUFG | mc/pg1/hcnt_c_reg[2]_263[0]             | mc/pg1/hcnt_c_reg[2]_5[0]             |               11 |             12 |
|  CLK100MHZ_IBUF_BUFG | mc/pg1/hcnt_c_reg[2]_27[0]              | mc/pg1/rst_n_29[0]                    |                9 |             12 |
|  CLK100MHZ_IBUF_BUFG | mc/pg1/hcnt_c_reg[2]_265[0]             | mc/pg1/hcnt_c_reg[2]_3[0]             |                9 |             12 |
|  CLK100MHZ_IBUF_BUFG | mc/pg1/hcnt_c_reg[2]_40[0]              | mc/pg1/rst_n_69[0]                    |                5 |             12 |
|  CLK100MHZ_IBUF_BUFG | mc/pg1/hcnt_c_reg[2]_234[0]             | mc/pg1/hcnt_c_reg[4]_rep_15[0]        |                8 |             12 |
|  CLK100MHZ_IBUF_BUFG | mc/pg1/hcnt_c_reg[2]_30[0]              | mc/pg1/rst_n_36[0]                    |               10 |             12 |
|  CLK100MHZ_IBUF_BUFG | mc/pg1/hcnt_c_reg[2]_26[0]              | mc/pg1/rst_n_28[0]                    |               11 |             12 |
|  CLK100MHZ_IBUF_BUFG | mc/pg1/hcnt_c_reg[2]_41[0]              | mc/pg1/rst_n_72[0]                    |                7 |             12 |
|  CLK100MHZ_IBUF_BUFG | mc/pg1/hcnt_c_reg[2]_42[0]              | mc/pg1/rst_n_78[0]                    |                8 |             12 |
|  CLK100MHZ_IBUF_BUFG | mc/pg1/hcnt_c_reg[2]_44[0]              | mc/pg1/rst_n_80[0]                    |                5 |             12 |
|  CLK100MHZ_IBUF_BUFG | mc/pg1/hcnt_c_reg[2]_252[0]             | mc/pg1/hcnt_c_reg[3]_rep__22_2[0]     |               11 |             12 |
|  CLK100MHZ_IBUF_BUFG | mc/pg1/hcnt_c_reg[2]_45[0]              | mc/pg1/rst_n_81[0]                    |                4 |             12 |
|  CLK100MHZ_IBUF_BUFG | mc/pg1/hcnt_c_reg[2]_31[0]              | mc/pg1/rst_n_37[0]                    |                8 |             12 |
|  CLK100MHZ_IBUF_BUFG | mc/pg1/hcnt_c_reg[2]_249[0]             | mc/pg1/hcnt_c_reg[3]_rep__22_5[0]     |                6 |             12 |
|  CLK100MHZ_IBUF_BUFG | mc/pg1/hcnt_c_reg[2]_269[0]             | mc/pg1/hcnt_c_reg[2][0]               |                6 |             12 |
|  CLK100MHZ_IBUF_BUFG | mc/pg1/hcnt_c_reg[2]_46[0]              | mc/pg1/rst_n_89[0]                    |                9 |             12 |
|  CLK100MHZ_IBUF_BUFG | mc/pg1/hcnt_c_reg[2]_24[0]              | mc/pg1/rst_n_26[0]                    |               11 |             12 |
|  CLK100MHZ_IBUF_BUFG | mc/pg1/hcnt_c_reg[2]_231[0]             | mc/pg1/hcnt_c_reg[3]_rep__0_5[0]      |                9 |             12 |
|  CLK100MHZ_IBUF_BUFG | mc/pg1/hcnt_c_reg[2]_240[0]             | mc/pg1/hcnt_c_reg[3]_rep__22_14[0]    |               10 |             12 |
|  CLK100MHZ_IBUF_BUFG | mc/pg1/hcnt_c_reg[2]_242[0]             | mc/pg1/hcnt_c_reg[3]_rep__22_12[0]    |                7 |             12 |
|  CLK100MHZ_IBUF_BUFG | mc/pg1/hcnt_c_reg[2]_243[0]             | mc/pg1/hcnt_c_reg[3]_rep__22_11[0]    |                8 |             12 |
|  CLK100MHZ_IBUF_BUFG | mc/pg1/hcnt_c_reg[2]_233[0]             | mc/pg1/hcnt_c_reg[3]_rep__0_2[0]      |                9 |             12 |
|  CLK100MHZ_IBUF_BUFG | mc/pg1/hcnt_c_reg[2]_253[0]             | mc/pg1/hcnt_c_reg[4]_rep__2_4[0]      |                7 |             12 |
|  CLK100MHZ_IBUF_BUFG | mc/pg1/hcnt_c_reg[2]_255[0]             | mc/pg1/hcnt_c_reg[3]_rep__21_8[0]     |                9 |             12 |
|  CLK100MHZ_IBUF_BUFG | mc/pg1/hcnt_c_reg[2]_248[0]             | mc/pg1/hcnt_c_reg[3]_rep__22_6[0]     |                9 |             12 |
|  CLK100MHZ_IBUF_BUFG | mc/pg1/hcnt_c_reg[2]_260[0]             | mc/pg1/hcnt_c_reg[2]_7[0]             |                5 |             12 |
|  CLK100MHZ_IBUF_BUFG | mc/pg1/hcnt_c_reg[2]_239[0]             | mc/pg1/hcnt_c_reg[4]_rep__2_12[0]     |               10 |             12 |
|  CLK100MHZ_IBUF_BUFG | mc/pg1/hcnt_c_reg[2]_267[0]             | mc/pg1/hcnt_c_reg[2]_1[0]             |                7 |             12 |
|  CLK100MHZ_IBUF_BUFG | mc/pg1/hcnt_c_reg[2]_257[0]             | mc/pg1/hcnt_c_reg[3]_rep__21_6[0]     |                8 |             12 |
|  CLK100MHZ_IBUF_BUFG | mc/pg1/hcnt_c_reg[2]_262[0]             | mc/pg1/hcnt_c_reg[4]_rep_11[0]        |                7 |             12 |
|  CLK100MHZ_IBUF_BUFG | mc/pg1/hcnt_c_reg[2]_258[0]             | mc/pg1/hcnt_c_reg[3]_rep__21_5[0]     |                8 |             12 |
|  CLK100MHZ_IBUF_BUFG | mc/pg1/hcnt_c_reg[2]_268[0]             | mc/pg1/hcnt_c_reg[2]_0[0]             |                6 |             12 |
|  CLK100MHZ_IBUF_BUFG | mc/pg1/hcnt_c_reg[2]_32[0]              | mc/pg1/rst_n_40[0]                    |               11 |             12 |
|  CLK100MHZ_IBUF_BUFG | mc/pg1/hcnt_c_reg[2]_34[0]              | mc/pg1/rst_n_43[0]                    |                7 |             12 |
|  CLK100MHZ_IBUF_BUFG | mc/pg1/hcnt_c_reg[2]_43[0]              | mc/pg1/rst_n_79[0]                    |                6 |             12 |
|  CLK100MHZ_IBUF_BUFG | mc/pg1/hcnt_c_reg[2]_29[0]              | mc/pg1/rst_n_35[0]                    |               10 |             12 |
|  CLK100MHZ_IBUF_BUFG | mc/pg1/hcnt_c_reg[2]_246[0]             | mc/pg1/hcnt_c_reg[3]_rep__22_8[0]     |               10 |             12 |
|  CLK100MHZ_IBUF_BUFG | mc/pg1/hcnt_c_reg[2]_266[0]             | mc/pg1/hcnt_c_reg[2]_2[0]             |               11 |             12 |
|  CLK100MHZ_IBUF_BUFG | mc/pg1/hcnt_c_reg[2]_241[0]             | mc/pg1/hcnt_c_reg[3]_rep__22_13[0]    |                9 |             12 |
|  CLK100MHZ_IBUF_BUFG | mc/pg1/hcnt_c_reg[2]_251[0]             | mc/pg1/hcnt_c_reg[3]_rep__22_3[0]     |                9 |             12 |
|  CLK100MHZ_IBUF_BUFG | mc/pg1/hcnt_c_reg[2]_254[0]             | mc/pg1/hcnt_c_reg[3]_rep__22_1[0]     |                5 |             12 |
|  CLK100MHZ_IBUF_BUFG | mc/pg1/hcnt_c_reg[2]_244[0]             | mc/pg1/hcnt_c_reg[3]_rep__22_10[0]    |               10 |             12 |
|  CLK100MHZ_IBUF_BUFG | mc/pg1/hcnt_c_reg[2]_259[0]             | mc/pg1/hcnt_c_reg[2]_8[0]             |                6 |             12 |
|  CLK100MHZ_IBUF_BUFG | mc/pg1/hcnt_c_reg[2]_35[0]              | mc/pg1/rst_n_44[0]                    |                8 |             12 |
|  CLK100MHZ_IBUF_BUFG | mc/pg1/hcnt_c_reg[2]_37[0]              | mc/pg1/rst_n_66[0]                    |                9 |             12 |
|  CLK100MHZ_IBUF_BUFG | mc/pg1/hcnt_c_reg[2]_247[0]             | mc/pg1/hcnt_c_reg[3]_rep__22_7[0]     |                9 |             12 |
|  CLK100MHZ_IBUF_BUFG | mc/pg1/hcnt_c_reg[2]_238[0]             | mc/pg1/hcnt_c_reg[3]_rep__22_15[0]    |               11 |             12 |
|  CLK100MHZ_IBUF_BUFG | mc/pg1/hcnt_c_reg[2]_236[0]             | mc/pg1/hcnt_c_reg[3]_rep__22_17[0]    |                9 |             12 |
|  CLK100MHZ_IBUF_BUFG | mc/pg1/hcnt_c_reg[2]_38[0]              | mc/pg1/rst_n_67[0]                    |                9 |             12 |
|  CLK100MHZ_IBUF_BUFG | mc/pg1/hcnt_c_reg[2]_237[0]             | mc/pg1/hcnt_c_reg[3]_rep__22_16[0]    |                8 |             12 |
|  CLK100MHZ_IBUF_BUFG | mc/pg1/hcnt_c_reg[2]_25[0]              | mc/pg1/rst_n_27[0]                    |               12 |             12 |
|  CLK100MHZ_IBUF_BUFG | mc/pg1/hcnt_c_reg[2]_256[0]             | mc/pg1/hcnt_c_reg[3]_rep__21_7[0]     |                7 |             12 |
|  CLK100MHZ_IBUF_BUFG | mc/pg1/hcnt_c_reg[2]_261[0]             | mc/pg1/hcnt_c_reg[2]_6[0]             |                5 |             12 |
|  CLK100MHZ_IBUF_BUFG | mc/pg1/hcnt_c_reg[2]_28[0]              | mc/pg1/rst_n_34[0]                    |                8 |             12 |
|  CLK100MHZ_IBUF_BUFG | mc/pg1/hcnt_c_reg[2]_36[0]              | mc/pg1/rst_n_45[0]                    |                9 |             12 |
|  CLK100MHZ_IBUF_BUFG | mc/pg1/hcnt_c_reg[2]_235[0]             | mc/pg1/hcnt_c_reg[3]_rep__22_18[0]    |               10 |             12 |
|  CLK100MHZ_IBUF_BUFG | mc/pg1/hcnt_c_reg[2]_245[0]             | mc/pg1/hcnt_c_reg[3]_rep__22_9[0]     |               10 |             12 |
|  CLK100MHZ_IBUF_BUFG | mc/pg1/hcnt_c_reg[2]_264[0]             | mc/pg1/hcnt_c_reg[2]_4[0]             |                9 |             12 |
|  CLK100MHZ_IBUF_BUFG | mc/pg1/hcnt_c_reg[2]_33[0]              | mc/pg1/rst_n_42[0]                    |                8 |             12 |
|  CLK100MHZ_IBUF_BUFG | mc/pg1/hcnt_c_reg[2]_250[0]             | mc/pg1/hcnt_c_reg[3]_rep__22_4[0]     |                8 |             12 |
|  CLK100MHZ_IBUF_BUFG | mc/pg1/hcnt_c_reg[2]_39[0]              | mc/pg1/rst_n_68[0]                    |                8 |             12 |
|  CLK100MHZ_IBUF_BUFG | mc/pg1/hcnt_c_reg[0]_29[0]              | mc/pg1/hcnt_c_reg[3]_rep__0_18[0]     |                9 |             12 |
|  CLK100MHZ_IBUF_BUFG | mc/pg1/hcnt_c_reg[0]_30[0]              | mc/pg1/hcnt_c_reg[5]_rep_42[0]        |                6 |             12 |
|  CLK100MHZ_IBUF_BUFG | mc/pg1/hcnt_c_reg[0]_32[0]              | mc/pg1/hcnt_c_reg[3]_rep__0_14[0]     |               10 |             12 |
|  CLK100MHZ_IBUF_BUFG | mc/pg1/hcnt_c_reg[0]_36[0]              | mc/pg1/hcnt_c_reg[0]_16[0]            |                9 |             12 |
|  CLK100MHZ_IBUF_BUFG | mc/pg1/hcnt_c_reg[0]_38[0]              | mc/pg1/hcnt_c_reg[0]_14[0]            |                9 |             12 |
|  CLK100MHZ_IBUF_BUFG | mc/pg1/hcnt_c_reg[0]_4[0]               | mc/pg1/rst_n_159[0]                   |                8 |             12 |
|  CLK100MHZ_IBUF_BUFG | mc/pg1/hcnt_c_reg[0][0]                 | mc/pg1/rst_n_74[0]                    |                9 |             12 |
|  CLK100MHZ_IBUF_BUFG | mc/pg1/hcnt_c_reg[0]_10[0]              | mc/pg1/rst_n_343[0]                   |                6 |             12 |
|  CLK100MHZ_IBUF_BUFG | mc/pg1/hcnt_c_reg[0]_26[0]              | mc/pg1/hcnt_c_reg[2]_175[0]           |               11 |             12 |
|  CLK100MHZ_IBUF_BUFG | mc/pg1/hcnt_c_reg[0]_33[0]              | mc/pg1/hcnt_c_reg[0]_18[0]            |                9 |             12 |
|  CLK100MHZ_IBUF_BUFG | mc/pg1/hcnt_c_reg[0]_35[0]              | mc/pg1/hcnt_c_reg[3]_rep__0_7[0]      |                9 |             12 |
|  CLK100MHZ_IBUF_BUFG | mc/pg1/hcnt_c_reg[0]_23[0]              | mc/pg1/hcnt_c_reg[4][0]               |                8 |             12 |
|  CLK100MHZ_IBUF_BUFG | mc/pg1/hcnt_c_reg[0]_5[0]               | mc/pg1/rst_n_160[0]                   |                9 |             12 |
|  CLK100MHZ_IBUF_BUFG | mc/pg1/hcnt_c_reg[0]_12[0]              | mc/pg1/rst_n_345[0]                   |                9 |             12 |
|  CLK100MHZ_IBUF_BUFG | mc/pg1/hcnt_c_reg[0]_11[0]              | mc/pg1/rst_n_344[0]                   |                8 |             12 |
|  CLK100MHZ_IBUF_BUFG | mc/pg1/hcnt_c_reg[0]_7[0]               | mc/pg1/rst_n_163[0]                   |               10 |             12 |
|  CLK100MHZ_IBUF_BUFG | mc/pg1/hcnt_c_reg[0]_28[0]              | mc/pg1/hcnt_c_reg[0]_20[0]            |                9 |             12 |
|  CLK100MHZ_IBUF_BUFG | mc/pg1/hcnt_c_reg[0]_40[0]              | mc/pg1/hcnt_c_reg[4]_rep__2_18[0]     |               10 |             12 |
|  CLK100MHZ_IBUF_BUFG | mc/pg1/hcnt_c_reg[0]_8[0]               | mc/pg1/rst_n_189[0]                   |                7 |             12 |
|  CLK100MHZ_IBUF_BUFG | mc/pg1/hcnt_c_reg[0]_9[0]               | mc/pg1/rst_n_190[0]                   |                6 |             12 |
|  CLK100MHZ_IBUF_BUFG | mc/pg1/hcnt_c_reg[1][0]                 | mc/pg1/hcnt_c_reg[0]_21[0]            |               11 |             12 |
|  CLK100MHZ_IBUF_BUFG | mc/pg1/hcnt_c_reg[0]_3[0]               | mc/pg1/rst_n_157[0]                   |                8 |             12 |
|  CLK100MHZ_IBUF_BUFG | mc/pg1/hcnt_c_reg[0]_31[0]              | mc/pg1/hcnt_c_reg[4]_rep__1_0[0]      |               11 |             12 |
|  CLK100MHZ_IBUF_BUFG | mc/pg1/hcnt_c_reg[1]_0[0]               | mc/pg1/hcnt_c_reg[0]_19[0]            |                9 |             12 |
|  CLK100MHZ_IBUF_BUFG | mc/pg1/hcnt_c_reg[1]_1[0]               | mc/pg1/hcnt_c_reg[0]_17[0]            |                9 |             12 |
|  CLK100MHZ_IBUF_BUFG | mc/pg1/hcnt_c_reg[0]_34[0]              | mc/pg1/hcnt_c_reg[2]_171[0]           |               10 |             12 |
|  CLK100MHZ_IBUF_BUFG | mc/pg1/hcnt_c_reg[0]_39[0]              | mc/pg1/hcnt_c_reg[6]_14[0]            |                8 |             12 |
|  CLK100MHZ_IBUF_BUFG | mc/pg1/hcnt_c_reg[0]_37[0]              | mc/pg1/hcnt_c_reg[3]_rep__0_3[0]      |                9 |             12 |
|  CLK100MHZ_IBUF_BUFG | mc/pg1/hcnt_c_reg[1]_2[0]               | mc/pg1/hcnt_c_reg[0]_15[0]            |               10 |             12 |
|  CLK100MHZ_IBUF_BUFG | mc/pg1/hcnt_c_reg[1]_3[0]               | mc/pg1/hcnt_c_reg[0]_13[0]            |               10 |             12 |
|  CLK100MHZ_IBUF_BUFG | mc/pg1/E[0]                             | mc/pg1/hcnt_c_reg[2]_166[0]           |                7 |             12 |
|  CLK100MHZ_IBUF_BUFG | mc/pg1/hcnt_c_reg[0]_2[0]               | mc/pg1/rst_n_155[0]                   |                9 |             12 |
|  CLK100MHZ_IBUF_BUFG | mc/pg1/hcnt_c_reg[0]_24[0]              | mc/pg1/hcnt_c_reg[3]_rep__1_10[0]     |                8 |             12 |
|  CLK100MHZ_IBUF_BUFG | mc/pg1/hcnt_c_reg[0]_25[0]              | mc/pg1/hcnt_c_reg[0]_22[0]            |               10 |             12 |
|  CLK100MHZ_IBUF_BUFG | mc/pg1/hcnt_c_reg[0]_27[0]              | mc/pg1/hcnt_c_reg[3]_rep__0_22[0]     |                9 |             12 |
|  CLK100MHZ_IBUF_BUFG | mc/pg1/hcnt_c_reg[0]_1[0]               | mc/pg1/rst_n_86[0]                    |                9 |             12 |
|  CLK100MHZ_IBUF_BUFG | mc/pg1/hcnt_c_reg[0]_6[0]               | mc/pg1/rst_n_161[0]                   |                8 |             12 |
|  CLK100MHZ_IBUF_BUFG | mc/pg1/hcnt_c_reg[0]_0[0]               | mc/pg1/rst_n_76[0]                    |                8 |             12 |
|  CLK100MHZ_IBUF_BUFG | mc/pg1/hcnt_c_reg[2]_136[0]             | mc/pg1/rst_n_337[0]                   |                7 |             12 |
|  CLK100MHZ_IBUF_BUFG | mc/pg1/hcnt_c_reg[2]_138[0]             | mc/pg1/rst_n_341[0]                   |                5 |             12 |
|  CLK100MHZ_IBUF_BUFG | mc/pg1/hcnt_c_reg[2]_139[0]             | mc/pg1/rst_n_347[0]                   |                7 |             12 |
|  CLK100MHZ_IBUF_BUFG | mc/pg1/hcnt_c_reg[2]_131[0]             | mc/pg1/rst_n_328[0]                   |                6 |             12 |
|  CLK100MHZ_IBUF_BUFG | mc/pg1/hcnt_c_reg[2]_101[0]             | mc/pg1/rst_n_252[0]                   |                6 |             12 |
|  CLK100MHZ_IBUF_BUFG | mc/pg1/hcnt_c_reg[2]_140[0]             | mc/pg1/rst_n_355[0]                   |                9 |             12 |
|  CLK100MHZ_IBUF_BUFG | mc/pg1/hcnt_c_reg[2]_125[0]             | mc/pg1/rst_n_309[0]                   |                8 |             12 |
|  CLK100MHZ_IBUF_BUFG | mc/pg1/hcnt_c_reg[2]_142[0]             | mc/pg1/rst_n_357[0]                   |               10 |             12 |
|  CLK100MHZ_IBUF_BUFG | mc/pg1/hcnt_c_reg[2]_143[0]             | mc/pg1/rst_n_358[0]                   |               12 |             12 |
|  CLK100MHZ_IBUF_BUFG | mc/pg1/hcnt_c_reg[2]_145[0]             | mc/pg1/rst_n_364[0]                   |                7 |             12 |
|  CLK100MHZ_IBUF_BUFG | mc/pg1/hcnt_c_reg[2]_113[0]             | mc/pg1/rst_n_279[0]                   |                7 |             12 |
|  CLK100MHZ_IBUF_BUFG | mc/pg1/hcnt_c_reg[2]_108[0]             | mc/pg1/rst_n_271[0]                   |                9 |             12 |
|  CLK100MHZ_IBUF_BUFG | mc/pg1/hcnt_c_reg[2]_102[0]             | mc/pg1/rst_n_253[0]                   |                6 |             12 |
|  CLK100MHZ_IBUF_BUFG | mc/pg1/hcnt_c_reg[2]_124[0]             | mc/pg1/rst_n_306[0]                   |               10 |             12 |
|  CLK100MHZ_IBUF_BUFG | mc/pg1/hcnt_c_reg[2]_146[0]             | mc/pg1/rst_n_365[0]                   |               10 |             12 |
|  CLK100MHZ_IBUF_BUFG | mc/pg1/hcnt_c_reg[2]_147[0]             | mc/pg1/rst_n_366[0]                   |                9 |             12 |
|  CLK100MHZ_IBUF_BUFG | mc/pg1/hcnt_c_reg[2]_100[0]             | mc/pg1/rst_n_247[0]                   |                7 |             12 |
|  CLK100MHZ_IBUF_BUFG | mc/pg1/hcnt_c_reg[2]_103[0]             | mc/pg1/rst_n_254[0]                   |                6 |             12 |
|  CLK100MHZ_IBUF_BUFG | mc/pg1/hcnt_c_reg[2]_104[0]             | mc/pg1/rst_n_255[0]                   |                9 |             12 |
|  CLK100MHZ_IBUF_BUFG | mc/pg1/hcnt_c_reg[2]_148[0]             | mc/pg1/rst_n_369[0]                   |               10 |             12 |
|  CLK100MHZ_IBUF_BUFG | mc/pg1/hcnt_c_reg[2]_135[0]             | mc/pg1/rst_n_336[0]                   |                6 |             12 |
|  CLK100MHZ_IBUF_BUFG | mc/pg1/hcnt_c_reg[2]_149[0]             | mc/pg1/rst_n_387[0]                   |                6 |             12 |
|  CLK100MHZ_IBUF_BUFG | mc/pg1/hcnt_c_reg[2]_15[0]              | mc/pg1/rst_n_2[0]                     |                7 |             12 |
|  CLK100MHZ_IBUF_BUFG | mc/pg1/hcnt_c_reg[2]_150[0]             | mc/pg1/rst_n_388[0]                   |                7 |             12 |
|  CLK100MHZ_IBUF_BUFG | mc/pg1/hcnt_c_reg[2]_141[0]             | mc/pg1/rst_n_356[0]                   |               11 |             12 |
|  CLK100MHZ_IBUF_BUFG | mc/pg1/hcnt_c_reg[2]_144[0]             | mc/pg1/rst_n_363[0]                   |                9 |             12 |
|  CLK100MHZ_IBUF_BUFG | mc/pg1/hcnt_c_reg[2]_151[0]             | mc/pg1/rst_n_389[0]                   |                8 |             12 |
|  CLK100MHZ_IBUF_BUFG | mc/pg1/hcnt_c_reg[2]_153[0]             | mc/pg1/rst_n_395[0]                   |                8 |             12 |
|  CLK100MHZ_IBUF_BUFG | mc/pg1/hcnt_c_reg[2]_130[0]             | mc/pg1/rst_n_327[0]                   |                7 |             12 |
|  CLK100MHZ_IBUF_BUFG | mc/pg1/hcnt_c_reg[2]_152[0]             | mc/pg1/rst_n_390[0]                   |                9 |             12 |
|  CLK100MHZ_IBUF_BUFG | mc/pg1/hcnt_c_reg[2]_154[0]             | mc/pg1/rst_n_396[0]                   |               11 |             12 |
|  CLK100MHZ_IBUF_BUFG | mc/pg1/hcnt_c_reg[2]_122[0]             | mc/pg1/rst_n_304[0]                   |                8 |             12 |
|  CLK100MHZ_IBUF_BUFG | mc/pg1/hcnt_c_reg[2]_126[0]             | mc/pg1/rst_n_311[0]                   |                7 |             12 |
|  CLK100MHZ_IBUF_BUFG | mc/pg1/hcnt_c_reg[2]_137[0]             | mc/pg1/rst_n_338[0]                   |                9 |             12 |
|  CLK100MHZ_IBUF_BUFG | mc/pg1/hcnt_c_reg[2]_114[0]             | mc/pg1/rst_n_280[0]                   |                7 |             12 |
|  CLK100MHZ_IBUF_BUFG | mc/pg1/hcnt_c_reg[2]_123[0]             | mc/pg1/rst_n_305[0]                   |                9 |             12 |
|  CLK100MHZ_IBUF_BUFG | mc/pg1/hcnt_c_reg[2]_109[0]             | mc/pg1/rst_n_272[0]                   |                8 |             12 |
|  CLK100MHZ_IBUF_BUFG | mc/pg1/hcnt_c_reg[2]_127[0]             | mc/pg1/rst_n_312[0]                   |                6 |             12 |
|  CLK100MHZ_IBUF_BUFG | mc/pg1/hcnt_c_reg[2]_133[0]             | mc/pg1/rst_n_330[0]                   |                9 |             12 |
|  CLK100MHZ_IBUF_BUFG | mc/pg1/hcnt_c_reg[2]_117[0]             | mc/pg1/rst_n_295[0]                   |               10 |             12 |
|  CLK100MHZ_IBUF_BUFG | mc/pg1/hcnt_c_reg[2]_120[0]             | mc/pg1/rst_n_298[0]                   |                9 |             12 |
|  CLK100MHZ_IBUF_BUFG | mc/pg1/hcnt_c_reg[2]_115[0]             | mc/pg1/rst_n_281[0]                   |                8 |             12 |
|  CLK100MHZ_IBUF_BUFG | mc/pg1/hcnt_c_reg[2]_128[0]             | mc/pg1/rst_n_313[0]                   |                6 |             12 |
|  CLK100MHZ_IBUF_BUFG | mc/pg1/hcnt_c_reg[2]_106[0]             | mc/pg1/rst_n_269[0]                   |                7 |             12 |
|  CLK100MHZ_IBUF_BUFG | mc/pg1/hcnt_c_reg[2]_111[0]             | mc/pg1/rst_n_274[0]                   |                6 |             12 |
|  CLK100MHZ_IBUF_BUFG | mc/pg1/hcnt_c_reg[2]_119[0]             | mc/pg1/rst_n_297[0]                   |                9 |             12 |
|  CLK100MHZ_IBUF_BUFG | mc/pg1/hcnt_c_reg[2]_105[0]             | mc/pg1/rst_n_268[0]                   |                5 |             12 |
|  CLK100MHZ_IBUF_BUFG | mc/pg1/hcnt_c_reg[2]_112[0]             | mc/pg1/rst_n_277[0]                   |                9 |             12 |
|  CLK100MHZ_IBUF_BUFG | mc/pg1/hcnt_c_reg[2]_110[0]             | mc/pg1/rst_n_273[0]                   |                8 |             12 |
|  CLK100MHZ_IBUF_BUFG | mc/pg1/hcnt_c_reg[2]_118[0]             | mc/pg1/rst_n_296[0]                   |                9 |             12 |
|  CLK100MHZ_IBUF_BUFG | mc/pg1/hcnt_c_reg[2]_116[0]             | mc/pg1/rst_n_282[0]                   |               10 |             12 |
|  CLK100MHZ_IBUF_BUFG | mc/pg1/hcnt_c_reg[2]_107[0]             | mc/pg1/rst_n_270[0]                   |                5 |             12 |
|  CLK100MHZ_IBUF_BUFG | mc/pg1/hcnt_c_reg[2]_121[0]             | mc/pg1/rst_n_303[0]                   |                9 |             12 |
|  CLK100MHZ_IBUF_BUFG | mc/pg1/hcnt_c_reg[2]_129[0]             | mc/pg1/rst_n_314[0]                   |                2 |             12 |
|  CLK100MHZ_IBUF_BUFG | mc/pg1/hcnt_c_reg[2]_132[0]             | mc/pg1/rst_n_329[0]                   |                6 |             12 |
|  CLK100MHZ_IBUF_BUFG | mc/pg1/hcnt_c_reg[2]_134[0]             | mc/pg1/rst_n_335[0]                   |                7 |             12 |
|  CLK100MHZ_IBUF_BUFG | mc/pg1/hcnt_c_reg[2]_200[0]             | mc/pg1/hcnt_c_reg[3]_rep__0_20[0]     |                7 |             12 |
|  CLK100MHZ_IBUF_BUFG | mc/pg1/hcnt_c_reg[2]_206[0]             | mc/pg1/hcnt_c_reg[3]_rep__21_16[0]    |                7 |             12 |
|  CLK100MHZ_IBUF_BUFG | mc/pg1/hcnt_c_reg[2]_202[0]             | mc/pg1/hcnt_c_reg[3]_rep__0_17[0]     |                9 |             12 |
|  CLK100MHZ_IBUF_BUFG | mc/pg1/hcnt_c_reg[2]_156[0]             | mc/pg1/rst_n_398[0]                   |                8 |             12 |
|  CLK100MHZ_IBUF_BUFG | mc/pg1/hcnt_c_reg[2]_178[0]             | mc/pg1/hcnt_c_reg[3]_rep__21_23[0]    |                9 |             12 |
|  CLK100MHZ_IBUF_BUFG | mc/pg1/hcnt_c_reg[2]_186[0]             | mc/pg1/hcnt_c_reg[2]_12[0]            |                8 |             12 |
|  CLK100MHZ_IBUF_BUFG | mc/pg1/hcnt_c_reg[2]_198[0]             | mc/pg1/hcnt_c_reg[4]_rep__0_16[0]     |               10 |             12 |
|  CLK100MHZ_IBUF_BUFG | mc/pg1/hcnt_c_reg[2]_19[0]              | mc/pg1/rst_n_8[0]                     |                8 |             12 |
|  CLK100MHZ_IBUF_BUFG | mc/pg1/hcnt_c_reg[2]_208[0]             | mc/pg1/hcnt_c_reg[5]_rep_35[0]        |                8 |             12 |
|  CLK100MHZ_IBUF_BUFG | mc/pg1/hcnt_c_reg[2]_162[0]             | mc/pg1/rst_n_420[0]                   |                8 |             12 |
|  CLK100MHZ_IBUF_BUFG | mc/pg1/hcnt_c_reg[2]_209[0]             | mc/pg1/hcnt_c_reg[3]_rep__21_14[0]    |                6 |             12 |
|  CLK100MHZ_IBUF_BUFG | mc/pg1/hcnt_c_reg[2]_185[0]             | mc/pg1/hcnt_c_reg[2]_13[0]            |                8 |             12 |
|  CLK100MHZ_IBUF_BUFG | mc/pg1/hcnt_c_reg[2]_161[0]             | mc/pg1/rst_n_419[0]                   |                8 |             12 |
|  CLK100MHZ_IBUF_BUFG | mc/pg1/hcnt_c_reg[2]_18[0]              | mc/pg1/rst_n_5[0]                     |                7 |             12 |
|  CLK100MHZ_IBUF_BUFG | mc/pg1/hcnt_c_reg[2]_191[0]             | mc/pg1/hcnt_c_reg[3]_rep__1_11[0]     |               10 |             12 |
|  CLK100MHZ_IBUF_BUFG | mc/pg1/hcnt_c_reg[2]_192[0]             | mc/pg1/hcnt_c_reg[3]_rep__1_9[0]      |               10 |             12 |
|  CLK100MHZ_IBUF_BUFG | mc/pg1/hcnt_c_reg[2]_195[0]             | mc/pg1/hcnt_c_reg[3]_rep__1_5[0]      |                9 |             12 |
|  CLK100MHZ_IBUF_BUFG | mc/pg1/hcnt_c_reg[2]_155[0]             | mc/pg1/rst_n_397[0]                   |                8 |             12 |
|  CLK100MHZ_IBUF_BUFG | mc/pg1/hcnt_c_reg[2]_158[0]             | mc/pg1/rst_n_404[0]                   |               10 |             12 |
|  CLK100MHZ_IBUF_BUFG | mc/pg1/hcnt_c_reg[2]_163[0]             | mc/pg1/rst_n_421[0]                   |                8 |             12 |
|  CLK100MHZ_IBUF_BUFG | mc/pg1/hcnt_c_reg[2]_16[0]              | mc/pg1/rst_n_3[0]                     |                8 |             12 |
|  CLK100MHZ_IBUF_BUFG | mc/pg1/hcnt_c_reg[2]_17[0]              | mc/pg1/rst_n_4[0]                     |                8 |             12 |
|  CLK100MHZ_IBUF_BUFG | mc/pg1/hcnt_c_reg[2]_184[0]             | mc/pg1/hcnt_c_reg[2]_14[0]            |                6 |             12 |
|  CLK100MHZ_IBUF_BUFG | mc/pg1/hcnt_c_reg[2]_188[0]             | mc/pg1/hcnt_c_reg[2]_10[0]            |                9 |             12 |
|  CLK100MHZ_IBUF_BUFG | mc/pg1/hcnt_c_reg[2]_194[0]             | mc/pg1/hcnt_c_reg[4]_rep__0_18[0]     |               10 |             12 |
|  CLK100MHZ_IBUF_BUFG | mc/pg1/hcnt_c_reg[2]_182[0]             | mc/pg1/hcnt_c_reg[4]_rep__9_16[0]     |                8 |             12 |
|  CLK100MHZ_IBUF_BUFG | mc/pg1/hcnt_c_reg[2]_159[0]             | mc/pg1/rst_n_405[0]                   |               11 |             12 |
|  CLK100MHZ_IBUF_BUFG | mc/pg1/hcnt_c_reg[2]_197[0]             | mc/pg1/hcnt_c_reg[3]_rep__0_21[0]     |                8 |             12 |
|  CLK100MHZ_IBUF_BUFG | mc/pg1/hcnt_c_reg[2]_204[0]             | mc/pg1/hcnt_c_reg[3]_rep__21_18[0]    |                7 |             12 |
|  CLK100MHZ_IBUF_BUFG | mc/pg1/hcnt_c_reg[2]_157[0]             | mc/pg1/rst_n_403[0]                   |                7 |             12 |
|  CLK100MHZ_IBUF_BUFG | mc/pg1/hcnt_c_reg[2]_179[0]             | mc/pg1/hcnt_c_reg[3]_rep__21_22[0]    |                8 |             12 |
|  CLK100MHZ_IBUF_BUFG | mc/pg1/hcnt_c_reg[2]_205[0]             | mc/pg1/hcnt_c_reg[3]_rep__21_17[0]    |                7 |             12 |
|  CLK100MHZ_IBUF_BUFG | mc/pg1/hcnt_c_reg[2]_21[0]              | mc/pg1/rst_n_11[0]                    |                7 |             12 |
|  CLK100MHZ_IBUF_BUFG | mc/pg1/hcnt_c_reg[2]_210[0]             | mc/pg1/hcnt_c_reg[5]_rep__6_5[0]      |               11 |             12 |
|  CLK100MHZ_IBUF_BUFG | mc/pg1/hcnt_c_reg[2]_20[0]              | mc/pg1/rst_n_10[0]                    |                9 |             12 |
|  CLK100MHZ_IBUF_BUFG | mc/pg1/hcnt_c_reg[2]_189[0]             | mc/pg1/hcnt_c_reg[2]_9[0]             |                6 |             12 |
|  CLK100MHZ_IBUF_BUFG | mc/pg1/hcnt_c_reg[2]_190[0]             | mc/pg1/hcnt_c_reg[3]_rep__1_12[0]     |               10 |             12 |
|  CLK100MHZ_IBUF_BUFG | mc/pg1/hcnt_c_reg[2]_164[0]             | mc/pg1/rst_n_422[0]                   |                8 |             12 |
|  CLK100MHZ_IBUF_BUFG | mc/pg1/hcnt_c_reg[2]_180[0]             | mc/pg1/hcnt_c_reg[3]_rep__21_21[0]    |                7 |             12 |
|  CLK100MHZ_IBUF_BUFG | mc/pg1/hcnt_c_reg[2]_203[0]             | mc/pg1/hcnt_c_reg[4]_rep__0_14[0]     |                9 |             12 |
|  CLK100MHZ_IBUF_BUFG | mc/pg1/hcnt_c_reg[2]_207[0]             | mc/pg1/hcnt_c_reg[3]_rep__21_15[0]    |                9 |             12 |
|  CLK100MHZ_IBUF_BUFG | mc/pg1/hcnt_c_reg[2]_199[0]             | mc/pg1/hcnt_c_reg[4]_rep__0_15[0]     |                9 |             12 |
|  CLK100MHZ_IBUF_BUFG | mc/pg1/hcnt_c_reg[2]_211[0]             | mc/pg1/hcnt_c_reg[5]_rep__6_4[0]      |               11 |             12 |
|  CLK100MHZ_IBUF_BUFG | mc/pg1/hcnt_c_reg[2]_160[0]             | mc/pg1/rst_n_406[0]                   |                7 |             12 |
|  CLK100MHZ_IBUF_BUFG | mc/pg1/hcnt_c_reg[2]_183[0]             | mc/pg1/hcnt_c_reg[3]_rep__21_19[0]    |                7 |             12 |
|  CLK100MHZ_IBUF_BUFG | mc/pg1/hcnt_c_reg[2]_187[0]             | mc/pg1/hcnt_c_reg[2]_11[0]            |                7 |             12 |
|  CLK100MHZ_IBUF_BUFG | mc/pg1/hcnt_c_reg[2]_193[0]             | mc/pg1/hcnt_c_reg[4]_rep__0_19[0]     |               10 |             12 |
|  CLK100MHZ_IBUF_BUFG | mc/pg1/hcnt_c_reg[2]_181[0]             | mc/pg1/hcnt_c_reg[3]_rep__21_20[0]    |                9 |             12 |
|  CLK100MHZ_IBUF_BUFG | mc/pg1/hcnt_c_reg[2]_196[0]             | mc/pg1/hcnt_c_reg[3]_rep__0_23[0]     |                9 |             12 |
|  CLK100MHZ_IBUF_BUFG | mc/pg1/hcnt_c_reg[2]_201[0]             | mc/pg1/hcnt_c_reg[3]_rep__0_19[0]     |                9 |             12 |
|  CLK100MHZ_IBUF_BUFG | mc/pg1/hcnt_c_reg[2]_220[0]             | mc/pg1/hcnt_c_reg[3]_rep__21_9[0]     |               11 |             12 |
|  CLK100MHZ_IBUF_BUFG | mc/pg1/hcnt_c_reg[2]_221[0]             | mc/pg1/hcnt_c_reg[3]_rep__0_16[0]     |               10 |             12 |
|  CLK100MHZ_IBUF_BUFG | mc/pg1/hcnt_c_reg[2]_22[0]              | mc/pg1/rst_n_12[0]                    |               10 |             12 |
|  CLK100MHZ_IBUF_BUFG | mc/pg1/hcnt_c_reg[2]_213[0]             | mc/pg1/hcnt_c_reg[5]_rep__6_2[0]      |               10 |             12 |
|  CLK100MHZ_IBUF_BUFG | mc/pg1/hcnt_c_reg[2]_224[0]             | mc/pg1/hcnt_c_reg[4]_rep__0_10[0]     |                9 |             12 |
|  CLK100MHZ_IBUF_BUFG | mc/pg1/hcnt_c_reg[2]_225[0]             | mc/pg1/hcnt_c_reg[4]_rep__0_9[0]      |                9 |             12 |
|  CLK100MHZ_IBUF_BUFG | mc/pg1/hcnt_c_reg[2]_214[0]             | mc/pg1/hcnt_c_reg[5]_rep__6_1[0]      |               10 |             12 |
|  CLK100MHZ_IBUF_BUFG | mc/pg1/hcnt_c_reg[2]_212[0]             | mc/pg1/hcnt_c_reg[5]_rep__6_3[0]      |               11 |             12 |
|  CLK100MHZ_IBUF_BUFG | mc/pg1/hcnt_c_reg[2]_216[0]             | mc/pg1/hcnt_c_reg[3]_rep__21_12[0]    |               10 |             12 |
|  CLK100MHZ_IBUF_BUFG | mc/pg1/hcnt_c_reg[2]_218[0]             | mc/pg1/hcnt_c_reg[3]_rep__21_10[0]    |               12 |             12 |
|  CLK100MHZ_IBUF_BUFG | mc/pg1/hcnt_c_reg[2]_215[0]             | mc/pg1/hcnt_c_reg[3]_rep__21_13[0]    |                8 |             12 |
|  CLK100MHZ_IBUF_BUFG | mc/pg1/hcnt_c_reg[2]_219[0]             | mc/pg1/hcnt_c_reg[4]_rep__1[0]        |                9 |             12 |
|  CLK100MHZ_IBUF_BUFG | mc/pg1/hcnt_c_reg[2]_226[0]             | mc/pg1/hcnt_c_reg[3]_rep__0_9[0]      |                9 |             12 |
|  CLK100MHZ_IBUF_BUFG | mc/pg1/hcnt_c_reg[2]_228[0]             | mc/pg1/hcnt_c_reg[3]_rep__0_6[0]      |               10 |             12 |
|  CLK100MHZ_IBUF_BUFG | mc/pg1/hcnt_c_reg[2]_229[0]             | mc/pg1/hcnt_c_reg[4]_rep_17[0]        |                8 |             12 |
|  CLK100MHZ_IBUF_BUFG | mc/pg1/hcnt_c_reg[2]_222[0]             | mc/pg1/hcnt_c_reg[3]_rep__0_15[0]     |               11 |             12 |
|  CLK100MHZ_IBUF_BUFG | mc/pg1/hcnt_c_reg[2]_223[0]             | mc/pg1/hcnt_c_reg[3]_rep__0_13[0]     |                9 |             12 |
|  CLK100MHZ_IBUF_BUFG | mc/pg1/hcnt_c_reg[2]_217[0]             | mc/pg1/hcnt_c_reg[3]_rep__21_11[0]    |               10 |             12 |
|  CLK100MHZ_IBUF_BUFG | mc/pg1/hcnt_c_reg[2]_227[0]             | mc/pg1/hcnt_c_reg[3]_rep__0_8[0]      |                9 |             12 |
|  CLK100MHZ_IBUF_BUFG | mc/pg1/hcnt_c_reg[2]_23[0]              | mc/pg1/rst_n_13[0]                    |                8 |             12 |
|  CLK100MHZ_IBUF_BUFG | mc/pg1/hcnt_c_reg[2]_230[0]             | mc/pg1/hcnt_c_reg[4]_rep_16[0]        |                9 |             12 |
|  CLK100MHZ_IBUF_BUFG | mc/pg1/hcnt_c_reg[3]_rep__1_4[0]        | mc/pg1/rst_n_77[0]                    |               10 |             12 |
|  CLK100MHZ_IBUF_BUFG | mc/pg1/hcnt_c_reg[2]_77[0]              | mc/pg1/rst_n_194[0]                   |                9 |             12 |
|  pixel_clk_BUFG      |                                         |                                       |                8 |             13 |
| ~wen_cam_p           |                                         |                                       |                5 |             19 |
|  mc/ws_n             |                                         |                                       |                6 |             24 |
|  CLK100MHZ_IBUF_BUFG | ca/delay_q[26]_i_1_n_0                  | mc/pg0/SR[0]                          |                5 |             27 |
|  CLK100MHZ_IBUF_BUFG |                                         | mc/pg0/SR[0]                          |               17 |             34 |
|  CLK100MHZ_IBUF_BUFG |                                         |                                       |               25 |             75 |
|  pclk_cam_IBUF_BUFG  |                                         | mc/pg0/SR[0]                          |               30 |             94 |
|  pclk_cam_IBUF_BUFG  | rst_n_IBUF                              |                                       |               82 |            120 |
|  CLK100MHZ_IBUF_BUFG | wen_cam_p                               | mc/pg1/SR[0]                          |              217 |            360 |
|  CLK100MHZ_IBUF_BUFG | mc/pg0/Q_BUFG[0]                        | mc/pg0/FSM_onehot_cs_reg[1]_0_BUFG[0] |             6802 |          38400 |
+----------------------+-----------------------------------------+---------------------------------------+------------------+----------------+


