Copyright 1986-2019 Xilinx, Inc. All Rights Reserved.
------------------------------------------------------------------------------------
| Tool Version : Vivado v.2019.1 (win64) Build 2552052 Fri May 24 14:49:42 MDT 2019
| Date         : Tue Dec  6 07:17:26 2022
| Host         : ECE-PHO115-02 running 64-bit major release  (build 9200)
| Command      : report_control_sets -verbose -file top_control_sets_placed.rpt
| Design       : top
| Device       : xc7a100t
------------------------------------------------------------------------------------

Control Set Information

Table of Contents
-----------------
1. Summary
2. Histogram
3. Flip-Flop Distribution
4. Detailed Control Set Information

1. Summary
----------

+----------------------------------------------------------+-------+
|                          Status                          | Count |
+----------------------------------------------------------+-------+
| Total control sets                                       |   664 |
|    Minimum number of control sets                        |   664 |
|    Addition due to synthesis replication                 |     0 |
|    Addition due to physical synthesis replication        |     0 |
| Unused register locations in slices containing registers |  2653 |
+----------------------------------------------------------+-------+
* Control sets can be merged at opt_design using control_set_merge or merge_equivalent_drivers
** Run report_qor_suggestions for automated merging and remapping suggestions


2. Histogram
------------

+--------------------+-------+
|       Fanout       | Count |
+--------------------+-------+
| Total control sets |   664 |
| >= 0 to < 4        |     4 |
| >= 4 to < 6        |     5 |
| >= 6 to < 8        |     0 |
| >= 8 to < 10       |     2 |
| >= 10 to < 12      |     2 |
| >= 12 to < 14      |   641 |
| >= 14 to < 16      |     0 |
| >= 16              |    10 |
+--------------------+-------+
* Control sets can be remapped at either synth_design or opt_design


3. Flip-Flop Distribution
-------------------------

+--------------+-----------------------+------------------------+-----------------+--------------+
| Clock Enable | Synchronous Set/Reset | Asynchronous Set/Reset | Total Registers | Total Slices |
+--------------+-----------------------+------------------------+-----------------+--------------+
| No           | No                    | No                     |             137 |           50 |
| No           | No                    | Yes                    |              36 |           10 |
| No           | Yes                   | No                     |             159 |           73 |
| Yes          | No                    | No                     |             120 |           83 |
| Yes          | No                    | Yes                    |              52 |           14 |
| Yes          | Yes                   | No                     |           46451 |        11945 |
+--------------+-----------------------+------------------------+-----------------+--------------+


4. Detailed Control Set Information
-----------------------------------

+-----------------------+-----------------------------------------+---------------------------------------+------------------+----------------+
|      Clock Signal     |              Enable Signal              |            Set/Reset Signal           | Slice Load Count | Bel Load Count |
+-----------------------+-----------------------------------------+---------------------------------------+------------------+----------------+
|  pixel_clk_BUFG       |                                         | vga0/vga_controller/HS0               |                1 |              1 |
|  pixel_clk_BUFG       |                                         | vga0/vga_controller/VS0               |                1 |              1 |
|  mc/pg1/ns            |                                         |                                       |                1 |              3 |
|  mc/pg0/ns            |                                         |                                       |                1 |              3 |
|  CLK100MHZ_IBUF_BUFG  |                                         | alu/check_sign                        |                2 |              4 |
|  CLK100MHZ_IBUF_BUFG  |                                         | alu/dout[11]_i_1_n_0                  |                1 |              4 |
|  CLK100MHZ_IBUF_BUFG  |                                         | alu/dout[7]_i_1_n_0                   |                1 |              4 |
|  CLK100MHZ_IBUF_BUFG  | ca/m0/FSM_sequential_state_q[3]_i_1_n_0 | mc/pg0/rst_n                          |                2 |              4 |
|  CLK100MHZ_IBUF_BUFG  | ca/m0/idx_d                             | mc/pg0/rst_n                          |                3 |              4 |
|  CLK100MHZ_IBUF_BUFG  | ca/m0/state_q_reg[1]                    | mc/pg0/rst_n                          |                2 |              8 |
|  CLK100MHZ_IBUF_BUFG  | ca/m0/wr_data_d                         | mc/pg0/rst_n                          |                2 |              9 |
|  pixel_clk_BUFG       | vga0/vga_controller/vcounter            | mc/pg0/rst_n                          |                3 |             11 |
|  pixel_clk_BUFG       |                                         | mc/pg0/rst_n                          |                5 |             11 |
|  CLK100MHZ_IBUF_BUFG  | mc/pg1/hcnt_c_reg[0]_2[0]               | mc/pg1/rst_n_186[0]                   |                6 |             12 |
|  CLK100MHZ_IBUF_BUFG  | mc/pg1/hcnt_c_reg[0]_5[0]               | mc/pg1/rst_n_198[0]                   |                6 |             12 |
|  CLK100MHZ_IBUF_BUFG  | mc/pg1/hcnt_c_reg[0]_6[0]               | mc/pg1/rst_n_199[0]                   |                7 |             12 |
|  CLK100MHZ_IBUF_BUFG  | mc/pg1/E[0]                             | mc/pg1/hcnt_c_reg[4]_rep__4[0]        |                8 |             12 |
|  CLK100MHZ_IBUF_BUFG  | mc/pg1/hcnt_c_reg[0]_4[0]               | mc/pg1/rst_n_189[0]                   |                9 |             12 |
|  CLK100MHZ_IBUF_BUFG  | mc/pg1/hcnt_c_reg[0]_0[0]               | mc/pg1/rst_n_183[0]                   |                7 |             12 |
|  CLK100MHZ_IBUF_BUFG  | mc/pg1/hcnt_c_reg[0]_7[0]               | mc/pg1/rst_n_201[0]                   |                8 |             12 |
|  CLK100MHZ_IBUF_BUFG  | mc/pg1/hcnt_c_reg[0]_8[0]               | mc/pg1/rst_n_202[0]                   |                7 |             12 |
|  CLK100MHZ_IBUF_BUFG  | mc/pg1/hcnt_c_reg[0]_9[0]               | mc/pg1/rst_n_203[0]                   |                9 |             12 |
|  CLK100MHZ_IBUF_BUFG  | mc/pg1/hcnt_c_reg[1][0]                 | mc/pg1/rst_n_184[0]                   |                7 |             12 |
|  CLK100MHZ_IBUF_BUFG  | mc/pg1/hcnt_c_reg[1]_0[0]               | mc/pg1/rst_n_188[0]                   |                6 |             12 |
|  CLK100MHZ_IBUF_BUFG  | mc/pg1/hcnt_c_reg[1]_1[0]               | mc/pg1/rst_n_200[0]                   |               10 |             12 |
|  CLK100MHZ_IBUF_BUFG  | mc/pg1/hcnt_c_reg[1]_2[0]               | mc/pg1/rst_n_204[0]                   |               10 |             12 |
|  CLK100MHZ_IBUF_BUFG  | mc/pg1/hcnt_c_reg[1]_3[0]               | mc/pg1/hcnt_c_reg[3]_rep__22_7[0]     |                6 |             12 |
|  CLK100MHZ_IBUF_BUFG  | mc/pg1/hcnt_c_reg[2][0]                 | mc/pg1/rst_n_3[0]                     |               10 |             12 |
|  CLK100MHZ_IBUF_BUFG  | mc/pg1/hcnt_c_reg[2]_0[0]               | mc/pg1/rst_n_4[0]                     |               11 |             12 |
|  CLK100MHZ_IBUF_BUFG  | mc/pg1/hcnt_c_reg[0]_3[0]               | mc/pg1/rst_n_187[0]                   |                6 |             12 |
|  CLK100MHZ_IBUF_BUFG  | mc/pg1/hcnt_c_reg[0]_1[0]               | mc/pg1/rst_n_185[0]                   |                7 |             12 |
|  CLK100MHZ_IBUF_BUFG  | mc/pg1/hcnt_c_reg[0]_10[0]              | mc/pg1/rst_n_205[0]                   |                6 |             12 |
|  CLK100MHZ_IBUF_BUFG  | mc/pg1/hcnt_c_reg[2]_127[0]             | mc/pg1/hcnt_c_reg[2]_145[0]           |                8 |             12 |
|  CLK100MHZ_IBUF_BUFG  | mc/pg1/hcnt_c_reg[2]_108[0]             | mc/pg1/hcnt_c_reg[2]_103[0]           |                7 |             12 |
|  CLK100MHZ_IBUF_BUFG  | mc/pg1/hcnt_c_reg[2]_116[0]             | mc/pg1/hcnt_c_reg[2]_102[0]           |                8 |             12 |
|  CLK100MHZ_IBUF_BUFG  | mc/pg1/hcnt_c_reg[2]_111[0]             | mc/pg1/hcnt_c_reg[2]_134[0]           |                6 |             12 |
|  CLK100MHZ_IBUF_BUFG  | mc/pg1/hcnt_c_reg[2]_130[0]             | mc/pg1/hcnt_c_reg[2]_141[0]           |                8 |             12 |
|  CLK100MHZ_IBUF_BUFG  | mc/pg1/hcnt_c_reg[2]_149[0]             | mc/pg1/hcnt_c_reg[2]_148[0]           |                5 |             12 |
|  CLK100MHZ_IBUF_BUFG  | mc/pg1/hcnt_c_reg[2]_1[0]               | mc/pg1/rst_n_6[0]                     |                9 |             12 |
|  CLK100MHZ_IBUF_BUFG  | mc/pg1/hcnt_c_reg[2]_15[0]              | mc/pg1/rst_n_54[0]                    |               11 |             12 |
|  CLK100MHZ_IBUF_BUFG  | mc/pg1/hcnt_c_reg[2]_151[0]             | mc/pg1/hcnt_c_reg[2]_146[0]           |                7 |             12 |
|  CLK100MHZ_IBUF_BUFG  | mc/pg1/hcnt_c_reg[2]_118[0]             | mc/pg1/hcnt_c_reg[2]_106[0]           |                8 |             12 |
|  CLK100MHZ_IBUF_BUFG  | mc/pg1/hcnt_c_reg[2]_122[0]             | mc/pg1/hcnt_c_reg[2]_137[0]           |                5 |             12 |
|  CLK100MHZ_IBUF_BUFG  | mc/pg1/hcnt_c_reg[2]_129[0]             | mc/pg1/hcnt_c_reg[2]_142[0]           |                5 |             12 |
|  CLK100MHZ_IBUF_BUFG  | mc/pg1/hcnt_c_reg[2]_12[0]              | mc/pg1/rst_n_46[0]                    |                8 |             12 |
|  CLK100MHZ_IBUF_BUFG  | mc/pg1/hcnt_c_reg[2]_150[0]             | mc/pg1/hcnt_c_reg[2]_147[0]           |                9 |             12 |
|  CLK100MHZ_IBUF_BUFG  | mc/pg1/hcnt_c_reg[2]_13[0]              | mc/pg1/rst_n_51[0]                    |                9 |             12 |
|  CLK100MHZ_IBUF_BUFG  | mc/pg1/hcnt_c_reg[2]_110[0]             | mc/pg1/hcnt_c_reg[2]_135[0]           |                7 |             12 |
|  CLK100MHZ_IBUF_BUFG  | mc/pg1/hcnt_c_reg[2]_119[0]             | mc/pg1/hcnt_c_reg[2]_140[0]           |                6 |             12 |
|  CLK100MHZ_IBUF_BUFG  | mc/pg1/hcnt_c_reg[2]_120[0]             | mc/pg1/hcnt_c_reg[2]_139[0]           |                6 |             12 |
|  CLK100MHZ_IBUF_BUFG  | mc/pg1/hcnt_c_reg[2]_125[0]             | mc/pg1/hcnt_c_reg[2]_98[0]            |                8 |             12 |
|  CLK100MHZ_IBUF_BUFG  | mc/pg1/hcnt_c_reg[2]_126[0]             | mc/pg1/hcnt_c_reg[2]_99[0]            |                6 |             12 |
|  CLK100MHZ_IBUF_BUFG  | mc/pg1/hcnt_c_reg[2]_10[0]              | mc/pg1/rst_n_44[0]                    |                7 |             12 |
|  CLK100MHZ_IBUF_BUFG  | mc/pg1/hcnt_c_reg[2]_128[0]             | mc/pg1/hcnt_c_reg[2]_144[0]           |                5 |             12 |
|  CLK100MHZ_IBUF_BUFG  | mc/pg1/hcnt_c_reg[2]_11[0]              | mc/pg1/rst_n_45[0]                    |               10 |             12 |
|  CLK100MHZ_IBUF_BUFG  | mc/pg1/hcnt_c_reg[2]_112[0]             | mc/pg1/hcnt_c_reg[2]_133[0]           |                5 |             12 |
|  CLK100MHZ_IBUF_BUFG  | mc/pg1/hcnt_c_reg[2]_109[0]             | mc/pg1/hcnt_c_reg[2]_104[0]           |                9 |             12 |
|  CLK100MHZ_IBUF_BUFG  | mc/pg1/hcnt_c_reg[2]_113[0]             | mc/pg1/hcnt_c_reg[2]_132[0]           |                8 |             12 |
|  CLK100MHZ_IBUF_BUFG  | mc/pg1/hcnt_c_reg[2]_115[0]             | mc/pg1/hcnt_c_reg[2]_101[0]           |                8 |             12 |
|  CLK100MHZ_IBUF_BUFG  | mc/pg1/hcnt_c_reg[2]_123[0]             | mc/pg1/hcnt_c_reg[2]_136[0]           |                7 |             12 |
|  CLK100MHZ_IBUF_BUFG  | mc/pg1/hcnt_c_reg[2]_156[0]             | mc/pg1/hcnt_c_reg[2]_155[0]           |                6 |             12 |
|  CLK100MHZ_IBUF_BUFG  | mc/pg1/hcnt_c_reg[2]_107[0]             | mc/pg1/hcnt_c_reg[2]_131[0]           |                8 |             12 |
|  CLK100MHZ_IBUF_BUFG  | mc/pg1/hcnt_c_reg[2]_114[0]             | mc/pg1/hcnt_c_reg[2]_100[0]           |                8 |             12 |
|  CLK100MHZ_IBUF_BUFG  | mc/pg1/hcnt_c_reg[2]_117[0]             | mc/pg1/hcnt_c_reg[2]_105[0]           |                6 |             12 |
|  CLK100MHZ_IBUF_BUFG  | mc/pg1/hcnt_c_reg[2]_121[0]             | mc/pg1/hcnt_c_reg[2]_138[0]           |                8 |             12 |
|  CLK100MHZ_IBUF_BUFG  | mc/pg1/hcnt_c_reg[2]_124[0]             | mc/pg1/hcnt_c_reg[2]_97[0]            |                6 |             12 |
|  CLK100MHZ_IBUF_BUFG  | mc/pg1/hcnt_c_reg[2]_14[0]              | mc/pg1/rst_n_52[0]                    |               10 |             12 |
|  CLK100MHZ_IBUF_BUFG  | mc/pg1/hcnt_c_reg[2]_186[0]             | mc/pg1/hcnt_c_reg[2]_179[0]           |                3 |             12 |
|  CLK100MHZ_IBUF_BUFG  | mc/pg1/hcnt_c_reg[2]_199[0]             | mc/pg1/hcnt_c_reg[2]_190[0]           |                7 |             12 |
|  CLK100MHZ_IBUF_BUFG  | mc/pg1/hcnt_c_reg[2]_2[0]               | mc/pg1/rst_n_11[0]                    |                6 |             12 |
|  CLK100MHZ_IBUF_BUFG  | mc/pg1/hcnt_c_reg[2]_20[0]              | mc/pg1/rst_n_75[0]                    |                9 |             12 |
|  CLK100MHZ_IBUF_BUFG  | mc/pg1/hcnt_c_reg[2]_200[0]             | mc/pg1/hcnt_c_reg[2]_189[0]           |                8 |             12 |
|  CLK100MHZ_IBUF_BUFG  | mc/pg1/hcnt_c_reg[2]_203[0]             | mc/pg1/hcnt_c_reg[2]_93[0]            |                6 |             12 |
|  CLK100MHZ_IBUF_BUFG  | mc/pg1/hcnt_c_reg[2]_204[0]             | mc/pg1/hcnt_c_reg[2]_94[0]            |                8 |             12 |
|  CLK100MHZ_IBUF_BUFG  | mc/pg1/hcnt_c_reg[2]_206[0]             | mc/pg1/hcnt_c_reg[2]_95[0]            |                8 |             12 |
|  CLK100MHZ_IBUF_BUFG  | mc/pg1/hcnt_c_reg[2]_21[0]              | mc/pg1/rst_n_76[0]                    |               10 |             12 |
|  CLK100MHZ_IBUF_BUFG  | mc/pg1/hcnt_c_reg[2]_169[0]             | mc/pg1/hcnt_c_reg[2]_160[0]           |                7 |             12 |
|  CLK100MHZ_IBUF_BUFG  | mc/pg1/hcnt_c_reg[2]_185[0]             | mc/pg1/hcnt_c_reg[2]_180[0]           |                5 |             12 |
|  CLK100MHZ_IBUF_BUFG  | mc/pg1/hcnt_c_reg[2]_187[0]             | mc/pg1/hcnt_c_reg[2]_178[0]           |                4 |             12 |
|  CLK100MHZ_IBUF_BUFG  | mc/pg1/hcnt_c_reg[2]_19[0]              | mc/pg1/rst_n_62[0]                    |               10 |             12 |
|  CLK100MHZ_IBUF_BUFG  | mc/pg1/hcnt_c_reg[2]_17[0]              | mc/pg1/rst_n_60[0]                    |                7 |             12 |
|  CLK100MHZ_IBUF_BUFG  | mc/pg1/hcnt_c_reg[2]_210[0]             | mc/pg1/hcnt_c_reg[2]_91[0]            |                7 |             12 |
|  CLK100MHZ_IBUF_BUFG  | mc/pg1/hcnt_c_reg[2]_211[0]             | mc/pg1/hcnt_c_reg[2]_92[0]            |                5 |             12 |
|  CLK100MHZ_IBUF_BUFG  | mc/pg1/hcnt_c_reg[2]_196[0]             | mc/pg1/hcnt_c_reg[2]_193[0]           |                7 |             12 |
|  CLK100MHZ_IBUF_BUFG  | mc/pg1/hcnt_c_reg[2]_57[0]              | mc/pg1/rst_n_171[0]                   |                6 |             12 |
|  CLK100MHZ_IBUF_BUFG  | mc/pg1/hcnt_c_reg[2]_165[0]             | mc/pg1/hcnt_c_reg[2]_164[0]           |                8 |             12 |
|  CLK100MHZ_IBUF_BUFG  | mc/pg1/hcnt_c_reg[2]_195[0]             | mc/pg1/hcnt_c_reg[2]_194[0]           |                8 |             12 |
|  CLK100MHZ_IBUF_BUFG  | mc/pg1/hcnt_c_reg[2]_197[0]             | mc/pg1/hcnt_c_reg[2]_192[0]           |                8 |             12 |
|  CLK100MHZ_IBUF_BUFG  | mc/pg1/hcnt_c_reg[2]_208[0]             | mc/pg1/hcnt_c_reg[2]_201[0]           |                8 |             12 |
|  CLK100MHZ_IBUF_BUFG  | mc/pg1/hcnt_c_reg[2]_16[0]              | mc/pg1/rst_n_59[0]                    |                9 |             12 |
|  CLK100MHZ_IBUF_BUFG  | mc/pg1/hcnt_c_reg[2]_157[0]             | mc/pg1/hcnt_c_reg[2]_154[0]           |                9 |             12 |
|  CLK100MHZ_IBUF_BUFG  | mc/pg1/hcnt_c_reg[2]_188[0]             | mc/pg1/hcnt_c_reg[2]_177[0]           |                5 |             12 |
|  CLK100MHZ_IBUF_BUFG  | mc/pg1/hcnt_c_reg[2]_205[0]             | mc/pg1/hcnt_c_reg[2]_202[0]           |                9 |             12 |
|  CLK100MHZ_IBUF_BUFG  | mc/pg1/hcnt_c_reg[2]_207[0]             | mc/pg1/hcnt_c_reg[2]_96[0]            |                5 |             12 |
|  CLK100MHZ_IBUF_BUFG  | mc/pg1/hcnt_c_reg[2]_166[0]             | mc/pg1/hcnt_c_reg[2]_163[0]           |                7 |             12 |
|  CLK100MHZ_IBUF_BUFG  | mc/pg1/hcnt_c_reg[2]_168[0]             | mc/pg1/hcnt_c_reg[2]_161[0]           |                7 |             12 |
|  CLK100MHZ_IBUF_BUFG  | mc/pg1/hcnt_c_reg[2]_170[0]             | mc/pg1/hcnt_c_reg[2]_159[0]           |                8 |             12 |
|  CLK100MHZ_IBUF_BUFG  | mc/pg1/hcnt_c_reg[2]_184[0]             | mc/pg1/hcnt_c_reg[2]_181[0]           |                5 |             12 |
|  CLK100MHZ_IBUF_BUFG  | mc/pg1/hcnt_c_reg[2]_198[0]             | mc/pg1/hcnt_c_reg[2]_191[0]           |                9 |             12 |
|  CLK100MHZ_IBUF_BUFG  | mc/pg1/hcnt_c_reg[2]_158[0]             | mc/pg1/hcnt_c_reg[2]_153[0]           |               10 |             12 |
|  CLK100MHZ_IBUF_BUFG  | mc/pg1/hcnt_c_reg[2]_18[0]              | mc/pg1/rst_n_61[0]                    |                9 |             12 |
|  CLK100MHZ_IBUF_BUFG  | mc/pg1/hcnt_c_reg[2]_167[0]             | mc/pg1/hcnt_c_reg[2]_162[0]           |               10 |             12 |
|  CLK100MHZ_IBUF_BUFG  | mc/pg1/hcnt_c_reg[2]_175[0]             | mc/pg1/hcnt_c_reg[2]_172[0]           |                7 |             12 |
|  CLK100MHZ_IBUF_BUFG  | mc/pg1/hcnt_c_reg[2]_183[0]             | mc/pg1/hcnt_c_reg[2]_182[0]           |                5 |             12 |
|  CLK100MHZ_IBUF_BUFG  | mc/pg1/hcnt_c_reg[2]_176[0]             | mc/pg1/hcnt_c_reg[2]_171[0]           |                8 |             12 |
|  CLK100MHZ_IBUF_BUFG  | mc/pg1/hcnt_c_reg[2]_174[0]             | mc/pg1/hcnt_c_reg[2]_173[0]           |                7 |             12 |
|  CLK100MHZ_IBUF_BUFG  | mc/pg1/hcnt_c_reg[2]_220[0]             | mc/pg1/hcnt_c_reg[2]_213[0]           |                8 |             12 |
|  CLK100MHZ_IBUF_BUFG  | mc/pg1/hcnt_c_reg[2]_24[0]              | mc/pg1/rst_n_91[0]                    |               10 |             12 |
|  CLK100MHZ_IBUF_BUFG  | mc/pg1/hcnt_c_reg[2]_216[0]             | mc/pg1/hcnt_c_reg[2]_88[0]            |                8 |             12 |
|  CLK100MHZ_IBUF_BUFG  | mc/pg1/hcnt_c_reg[2]_227[0]             | mc/pg1/hcnt_c_reg[2]_81[0]            |                8 |             12 |
|  CLK100MHZ_IBUF_BUFG  | mc/pg1/hcnt_c_reg[2]_235[0]             | mc/pg1/hcnt_c_reg[2]_80[0]            |                8 |             12 |
|  CLK100MHZ_IBUF_BUFG  | mc/pg1/hcnt_c_reg[2]_254[0]             | mc/pg1/hcnt_c_reg[2]_249[0]           |                7 |             12 |
|  CLK100MHZ_IBUF_BUFG  | mc/pg1/hcnt_c_reg[2]_253[0]             | mc/pg1/hcnt_c_reg[2]_250[0]           |                7 |             12 |
|  CLK100MHZ_IBUF_BUFG  | mc/pg1/hcnt_c_reg[2]_234[0]             | mc/pg1/hcnt_c_reg[2]_79[0]            |                7 |             12 |
|  CLK100MHZ_IBUF_BUFG  | mc/pg1/hcnt_c_reg[2]_257[0]             | mc/pg1/hcnt_c_reg[2]_246[0]           |                8 |             12 |
|  CLK100MHZ_IBUF_BUFG  | mc/pg1/hcnt_c_reg[2]_264[0]             | mc/pg1/hcnt_c_reg[2]_259[0]           |                6 |             12 |
|  CLK100MHZ_IBUF_BUFG  | mc/pg1/hcnt_c_reg[2]_22[0]              | mc/pg1/rst_n_77[0]                    |               10 |             12 |
|  CLK100MHZ_IBUF_BUFG  | mc/pg1/hcnt_c_reg[2]_27[0]              | mc/pg1/rst_n_94[0]                    |               10 |             12 |
|  CLK100MHZ_IBUF_BUFG  | mc/pg1/hcnt_c_reg[2]_229[0]             | mc/pg1/hcnt_c_reg[2]_226[0]           |                7 |             12 |
|  CLK100MHZ_IBUF_BUFG  | mc/pg1/hcnt_c_reg[2]_271[0]             | mc/pg1/hcnt_c_reg[2]_270[0]           |                9 |             12 |
|  CLK100MHZ_IBUF_BUFG  | mc/pg1/hcnt_c_reg[2]_268[0]             | mc/pg1/hcnt_c_reg[2]_266[0]           |                9 |             12 |
|  CLK100MHZ_IBUF_BUFG  | mc/pg1/hcnt_c_reg[2]_215[0]             | mc/pg1/hcnt_c_reg[2]_87[0]            |                4 |             12 |
|  CLK100MHZ_IBUF_BUFG  | mc/pg1/hcnt_c_reg[2]_218[0]             | mc/pg1/hcnt_c_reg[2]_89[0]            |                7 |             12 |
|  CLK100MHZ_IBUF_BUFG  | mc/pg1/hcnt_c_reg[2]_224[0]             | mc/pg1/hcnt_c_reg[2]_221[0]           |                7 |             12 |
|  CLK100MHZ_IBUF_BUFG  | mc/pg1/hcnt_c_reg[2]_239[0]             | mc/pg1/hcnt_c_reg[2]_78[0]            |                8 |             12 |
|  CLK100MHZ_IBUF_BUFG  | mc/pg1/hcnt_c_reg[2]_236[0]             | mc/pg1/hcnt_c_reg[2]_233[0]           |                5 |             12 |
|  CLK100MHZ_IBUF_BUFG  | mc/pg1/hcnt_c_reg[2]_26[0]              | mc/pg1/rst_n_93[0]                    |                8 |             12 |
|  CLK100MHZ_IBUF_BUFG  | mc/pg1/hcnt_c_reg[2]_219[0]             | mc/pg1/hcnt_c_reg[2]_90[0]            |               10 |             12 |
|  CLK100MHZ_IBUF_BUFG  | mc/pg1/hcnt_c_reg[2]_232[0]             | mc/pg1/hcnt_c_reg[2]_225[0]           |                6 |             12 |
|  CLK100MHZ_IBUF_BUFG  | mc/pg1/hcnt_c_reg[2]_255[0]             | mc/pg1/hcnt_c_reg[2]_248[0]           |                7 |             12 |
|  CLK100MHZ_IBUF_BUFG  | mc/pg1/hcnt_c_reg[2]_238[0]             | mc/pg1/hcnt_c_reg[2]_77[0]            |                6 |             12 |
|  CLK100MHZ_IBUF_BUFG  | mc/pg1/hcnt_c_reg[2]_262[0]             | mc/pg1/hcnt_c_reg[2]_261[0]           |                8 |             12 |
|  CLK100MHZ_IBUF_BUFG  | mc/pg1/hcnt_c_reg[2]_265[0]             | mc/pg1/hcnt_c_reg[2]_258[0]           |                7 |             12 |
|  CLK100MHZ_IBUF_BUFG  | mc/pg1/hcnt_c_reg[2]_231[0]             | mc/pg1/hcnt_c_reg[2]_84[0]            |                9 |             12 |
|  CLK100MHZ_IBUF_BUFG  | mc/pg1/hcnt_c_reg[2]_228[0]             | mc/pg1/hcnt_c_reg[2]_82[0]            |                9 |             12 |
|  CLK100MHZ_IBUF_BUFG  | mc/pg1/hcnt_c_reg[2]_252[0]             | mc/pg1/hcnt_c_reg[2]_251[0]           |                9 |             12 |
|  CLK100MHZ_IBUF_BUFG  | mc/pg1/hcnt_c_reg[2]_217[0]             | mc/pg1/hcnt_c_reg[2]_214[0]           |                6 |             12 |
|  CLK100MHZ_IBUF_BUFG  | mc/pg1/hcnt_c_reg[2]_263[0]             | mc/pg1/hcnt_c_reg[2]_260[0]           |                6 |             12 |
|  CLK100MHZ_IBUF_BUFG  | mc/pg1/hcnt_c_reg[2]_230[0]             | mc/pg1/hcnt_c_reg[2]_83[0]            |                7 |             12 |
|  CLK100MHZ_IBUF_BUFG  | mc/pg1/hcnt_c_reg[2]_240[0]             | mc/pg1/hcnt_c_reg[2]_237[0]           |                7 |             12 |
|  CLK100MHZ_IBUF_BUFG  | mc/pg1/hcnt_c_reg[2]_256[0]             | mc/pg1/hcnt_c_reg[2]_247[0]           |                5 |             12 |
|  CLK100MHZ_IBUF_BUFG  | mc/pg1/hcnt_c_reg[2]_269[0]             | mc/pg1/hcnt_c_reg[2]_267[0]           |                9 |             12 |
|  CLK100MHZ_IBUF_BUFG  | mc/pg1/hcnt_c_reg[2]_223[0]             | mc/pg1/hcnt_c_reg[2]_86[0]            |                7 |             12 |
|  CLK100MHZ_IBUF_BUFG  | mc/pg1/hcnt_c_reg[2]_244[0]             | mc/pg1/hcnt_c_reg[2]_243[0]           |                3 |             12 |
|  CLK100MHZ_IBUF_BUFG  | mc/pg1/hcnt_c_reg[2]_222[0]             | mc/pg1/hcnt_c_reg[2]_85[0]            |                7 |             12 |
|  CLK100MHZ_IBUF_BUFG  | mc/pg1/hcnt_c_reg[2]_23[0]              | mc/pg1/rst_n_78[0]                    |                9 |             12 |
|  CLK100MHZ_IBUF_BUFG  | mc/pg1/hcnt_c_reg[2]_25[0]              | mc/pg1/rst_n_92[0]                    |                9 |             12 |
|  CLK100MHZ_IBUF_BUFG  | mc/pg1/hcnt_c_reg[2]_7[0]               | mc/pg1/rst_n_20[0]                    |                7 |             12 |
|  CLK100MHZ_IBUF_BUFG  | mc/pg1/hcnt_c_reg[2]_54[0]              | mc/pg1/rst_n_164[0]                   |                8 |             12 |
|  CLK100MHZ_IBUF_BUFG  | mc/pg1/hcnt_c_reg[2]_8[0]               | mc/pg1/rst_n_22[0]                    |                7 |             12 |
|  CLK100MHZ_IBUF_BUFG  | mc/pg1/hcnt_c_reg[2]_46[0]              | mc/pg1/rst_n_143[0]                   |                7 |             12 |
|  CLK100MHZ_IBUF_BUFG  | mc/pg1/hcnt_c_reg[2]_59[0]              | mc/pg1/rst_n_206[0]                   |                9 |             12 |
|  CLK100MHZ_IBUF_BUFG  | mc/pg1/hcnt_c_reg[2]_36[0]              | mc/pg1/rst_n_112[0]                   |               11 |             12 |
|  CLK100MHZ_IBUF_BUFG  | mc/pg1/hcnt_c_reg[2]_31[0]              | mc/pg1/rst_n_107[0]                   |               10 |             12 |
|  CLK100MHZ_IBUF_BUFG  | mc/pg1/hcnt_c_reg[2]_34[0]              | mc/pg1/rst_n_110[0]                   |               10 |             12 |
|  CLK100MHZ_IBUF_BUFG  | mc/pg1/hcnt_c_reg[2]_43[0]              | mc/pg1/rst_n_128[0]                   |                6 |             12 |
|  CLK100MHZ_IBUF_BUFG  | mc/pg1/hcnt_c_reg[2]_62[0]              | mc/pg1/rst_n_209[0]                   |                9 |             12 |
|  CLK100MHZ_IBUF_BUFG  | mc/pg1/hcnt_c_reg[2]_52[0]              | mc/pg1/rst_n_162[0]                   |                7 |             12 |
|  CLK100MHZ_IBUF_BUFG  | mc/pg1/hcnt_c_reg[2]_65[0]              | mc/pg1/rst_n_220[0]                   |                9 |             12 |
|  CLK100MHZ_IBUF_BUFG  | mc/pg1/hcnt_c_reg[2]_38[0]              | mc/pg1/rst_n_114[0]                   |               11 |             12 |
|  CLK100MHZ_IBUF_BUFG  | mc/pg1/hcnt_c_reg[2]_33[0]              | mc/pg1/rst_n_109[0]                   |               11 |             12 |
|  CLK100MHZ_IBUF_BUFG  | mc/pg1/hcnt_c_reg[2]_73[0]              | mc/pg1/rst_n_241[0]                   |                8 |             12 |
|  CLK100MHZ_IBUF_BUFG  | mc/pg1/hcnt_c_reg[2]_49[0]              | mc/pg1/rst_n_154[0]                   |                9 |             12 |
|  CLK100MHZ_IBUF_BUFG  | mc/pg1/hcnt_c_reg[2]_72[0]              | mc/pg1/rst_n_236[0]                   |                6 |             12 |
|  CLK100MHZ_IBUF_BUFG  | mc/pg1/hcnt_c_reg[2]_75[0]              | mc/pg1/rst_n_243[0]                   |                8 |             12 |
|  CLK100MHZ_IBUF_BUFG  | mc/pg1/hcnt_c_reg[2]_48[0]              | mc/pg1/rst_n_145[0]                   |                8 |             12 |
|  CLK100MHZ_IBUF_BUFG  | mc/pg1/hcnt_c_reg[2]_41[0]              | mc/pg1/rst_n_126[0]                   |                7 |             12 |
|  CLK100MHZ_IBUF_BUFG  | mc/pg1/hcnt_c_reg[2]_60[0]              | mc/pg1/rst_n_207[0]                   |                8 |             12 |
|  CLK100MHZ_IBUF_BUFG  | mc/pg1/hcnt_c_reg[2]_45[0]              | mc/pg1/rst_n_142[0]                   |                8 |             12 |
|  CLK100MHZ_IBUF_BUFG  | mc/pg1/hcnt_c_reg[2]_35[0]              | mc/pg1/rst_n_111[0]                   |               11 |             12 |
|  CLK100MHZ_IBUF_BUFG  | mc/pg1/hcnt_c_reg[2]_61[0]              | mc/pg1/rst_n_208[0]                   |                8 |             12 |
|  CLK100MHZ_IBUF_BUFG  | mc/pg1/hcnt_c_reg[2]_66[0]              | mc/pg1/rst_n_225[0]                   |                7 |             12 |
|  CLK100MHZ_IBUF_BUFG  | mc/pg1/hcnt_c_reg[2]_37[0]              | mc/pg1/rst_n_113[0]                   |                8 |             12 |
|  CLK100MHZ_IBUF_BUFG  | mc/pg1/hcnt_c_reg[2]_67[0]              | mc/pg1/rst_n_226[0]                   |                9 |             12 |
|  CLK100MHZ_IBUF_BUFG  | mc/pg1/hcnt_c_reg[2]_51[0]              | mc/pg1/rst_n_157[0]                   |                8 |             12 |
|  CLK100MHZ_IBUF_BUFG  | mc/pg1/hcnt_c_reg[2]_50[0]              | mc/pg1/rst_n_155[0]                   |                7 |             12 |
|  CLK100MHZ_IBUF_BUFG  | mc/pg1/hcnt_c_reg[2]_47[0]              | mc/pg1/rst_n_144[0]                   |                5 |             12 |
|  CLK100MHZ_IBUF_BUFG  | mc/pg1/hcnt_c_reg[2]_3[0]               | mc/pg1/rst_n_12[0]                    |                7 |             12 |
|  CLK100MHZ_IBUF_BUFG  | mc/pg1/hcnt_c_reg[2]_6[0]               | mc/pg1/rst_n_19[0]                    |                9 |             12 |
|  CLK100MHZ_IBUF_BUFG  | mc/pg1/hcnt_c_reg[2]_30[0]              | mc/pg1/rst_n_102[0]                   |                8 |             12 |
|  CLK100MHZ_IBUF_BUFG  | mc/pg1/hcnt_c_reg[2]_32[0]              | mc/pg1/rst_n_108[0]                   |                9 |             12 |
|  CLK100MHZ_IBUF_BUFG  | mc/pg1/hcnt_c_reg[2]_42[0]              | mc/pg1/rst_n_127[0]                   |                6 |             12 |
|  CLK100MHZ_IBUF_BUFG  | mc/pg1/hcnt_c_reg[2]_56[0]              | mc/pg1/rst_n_170[0]                   |                6 |             12 |
|  CLK100MHZ_IBUF_BUFG  | mc/pg1/hcnt_c_reg[2]_64[0]              | mc/pg1/rst_n_218[0]                   |               11 |             12 |
|  CLK100MHZ_IBUF_BUFG  | mc/pg1/hcnt_c_reg[2]_63[0]              | mc/pg1/rst_n_217[0]                   |                8 |             12 |
|  CLK100MHZ_IBUF_BUFG  | mc/pg1/hcnt_c_reg[2]_69[0]              | mc/pg1/rst_n_228[0]                   |                9 |             12 |
|  CLK100MHZ_IBUF_BUFG  | mc/pg1/hcnt_c_reg[2]_44[0]              | mc/pg1/rst_n_129[0]                   |                7 |             12 |
|  CLK100MHZ_IBUF_BUFG  | mc/pg1/hcnt_c_reg[2]_29[0]              | mc/pg1/rst_n_100[0]                   |                7 |             12 |
|  CLK100MHZ_IBUF_BUFG  | mc/pg1/hcnt_c_reg[2]_39[0]              | mc/pg1/rst_n_115[0]                   |                7 |             12 |
|  CLK100MHZ_IBUF_BUFG  | mc/pg1/hcnt_c_reg[2]_5[0]               | mc/pg1/rst_n_14[0]                    |                8 |             12 |
|  CLK100MHZ_IBUF_BUFG  | mc/pg1/hcnt_c_reg[2]_55[0]              | mc/pg1/rst_n_165[0]                   |               10 |             12 |
|  CLK100MHZ_IBUF_BUFG  | mc/pg1/hcnt_c_reg[2]_28[0]              | mc/pg1/rst_n_99[0]                    |                8 |             12 |
|  CLK100MHZ_IBUF_BUFG  | mc/pg1/hcnt_c_reg[2]_58[0]              | mc/pg1/rst_n_173[0]                   |                7 |             12 |
|  CLK100MHZ_IBUF_BUFG  | mc/pg1/hcnt_c_reg[2]_68[0]              | mc/pg1/rst_n_227[0]                   |                8 |             12 |
|  CLK100MHZ_IBUF_BUFG  | mc/pg1/hcnt_c_reg[2]_70[0]              | mc/pg1/rst_n_233[0]                   |               10 |             12 |
|  CLK100MHZ_IBUF_BUFG  | mc/pg1/hcnt_c_reg[2]_74[0]              | mc/pg1/rst_n_242[0]                   |                8 |             12 |
|  CLK100MHZ_IBUF_BUFG  | mc/pg1/hcnt_c_reg[2]_71[0]              | mc/pg1/rst_n_234[0]                   |               10 |             12 |
|  CLK100MHZ_IBUF_BUFG  | mc/pg1/hcnt_c_reg[2]_76[0]              | mc/pg1/rst_n_244[0]                   |                8 |             12 |
|  CLK100MHZ_IBUF_BUFG  | mc/pg1/hcnt_c_reg[2]_4[0]               | mc/pg1/rst_n_13[0]                    |                6 |             12 |
|  CLK100MHZ_IBUF_BUFG  | mc/pg1/hcnt_c_reg[2]_40[0]              | mc/pg1/rst_n_116[0]                   |                7 |             12 |
|  CLK100MHZ_IBUF_BUFG  | mc/pg1/hcnt_c_reg[2]_53[0]              | mc/pg1/rst_n_163[0]                   |                5 |             12 |
|  CLK100MHZ_IBUF_BUFG  | mc/pg1/hcnt_c_reg[3]_rep[0]             | mc/pg1/rst_n_87[0]                    |               10 |             12 |
|  CLK100MHZ_IBUF_BUFG  | mc/pg1/hcnt_c_reg[3]_rep__19_13[0]      | mc/pg1/rst_n_105[0]                   |               11 |             12 |
|  CLK100MHZ_IBUF_BUFG  | mc/pg1/hcnt_c_reg[3]_rep_0[0]           | mc/pg1/rst_n_88[0]                    |                9 |             12 |
|  CLK100MHZ_IBUF_BUFG  | mc/pg1/hcnt_c_reg[3]_rep__19_15[0]      | mc/pg1/rst_n_130[0]                   |                7 |             12 |
|  CLK100MHZ_IBUF_BUFG  | mc/pg1/hcnt_c_reg[3]_rep_1[0]           | mc/pg1/rst_n_89[0]                    |               10 |             12 |
|  CLK100MHZ_IBUF_BUFG  | mc/pg1/hcnt_c_reg[2]_9[0]               | mc/pg1/rst_n_43[0]                    |                8 |             12 |
|  CLK100MHZ_IBUF_BUFG  | mc/pg1/hcnt_c_reg[3]_rep__19_17[0]      | mc/pg1/rst_n_132[0]                   |                6 |             12 |
|  CLK100MHZ_IBUF_BUFG  | mc/pg1/hcnt_c_reg[3]_rep__19_21[0]      | mc/pg1/rst_n_160[0]                   |                6 |             12 |
|  CLK100MHZ_IBUF_BUFG  | mc/pg1/hcnt_c_reg[3]_rep__19_22[0]      | mc/pg1/rst_n_161[0]                   |                6 |             12 |
|  CLK100MHZ_IBUF_BUFG  | mc/pg1/hcnt_c_reg[3]_rep__19_14[0]      | mc/pg1/rst_n_106[0]                   |               10 |             12 |
|  CLK100MHZ_IBUF_BUFG  | mc/pg1/hcnt_c_reg[3]_rep__19_16[0]      | mc/pg1/rst_n_131[0]                   |                7 |             12 |
|  CLK100MHZ_IBUF_BUFG  | mc/pg1/hcnt_c_reg[3]_rep__19_23[0]      | mc/pg1/rst_n_221[0]                   |                7 |             12 |
|  CLK100MHZ_IBUF_BUFG  | mc/pg1/hcnt_c_reg[3]_rep__19_27[0]      | mc/pg1/hcnt_c_reg[3]_rep__19_29[0]    |                9 |             12 |
|  CLK100MHZ_IBUF_BUFG  | mc/pg1/hcnt_c_reg[3]_rep__19_35[0]      | mc/pg1/hcnt_c_reg[4]_rep__4_0[0]      |                6 |             12 |
|  CLK100MHZ_IBUF_BUFG  | mc/pg1/hcnt_c_reg[3]_rep_3[0]           | mc/pg1/rst_n_117[0]                   |               10 |             12 |
|  CLK100MHZ_IBUF_BUFG  | mc/pg1/hcnt_c_reg[3]_rep__19_31[0]      | mc/pg1/hcnt_c_reg[4]_rep__5_3[0]      |                3 |             12 |
|  CLK100MHZ_IBUF_BUFG  | mc/pg1/hcnt_c_reg[3]_rep__19_1[0]       | mc/pg1/rst_n_9[0]                     |                6 |             12 |
|  CLK100MHZ_IBUF_BUFG  | mc/pg1/hcnt_c_reg[3]_rep__19[0]         | mc/pg1/rst_n_7[0]                     |                7 |             12 |
|  CLK100MHZ_IBUF_BUFG  | mc/pg1/hcnt_c_reg[3]_rep__19_0[0]       | mc/pg1/rst_n_8[0]                     |                8 |             12 |
|  CLK100MHZ_IBUF_BUFG  | mc/pg1/hcnt_c_reg[3]_rep_5[0]           | mc/pg1/rst_n_211[0]                   |                8 |             12 |
|  CLK100MHZ_IBUF_BUFG  | mc/pg1/hcnt_c_reg[3]_rep__19_18[0]      | mc/pg1/rst_n_133[0]                   |                6 |             12 |
|  CLK100MHZ_IBUF_BUFG  | mc/pg1/hcnt_c_reg[3]_rep__19_25[0]      | mc/pg1/rst_n_223[0]                   |                9 |             12 |
|  CLK100MHZ_IBUF_BUFG  | mc/pg1/hcnt_c_reg[3]_rep__19_10[0]      | mc/pg1/rst_n_74[0]                    |                9 |             12 |
|  CLK100MHZ_IBUF_BUFG  | mc/pg1/hcnt_c_reg[3]_rep__19_2[0]       | mc/pg1/rst_n_10[0]                    |                8 |             12 |
|  CLK100MHZ_IBUF_BUFG  | mc/pg1/hcnt_c_reg[3]_rep_6[0]           | mc/pg1/rst_n_212[0]                   |                9 |             12 |
|  CLK100MHZ_IBUF_BUFG  | mc/pg1/hcnt_c_reg[3]_rep__19_20[0]      | mc/pg1/rst_n_159[0]                   |                7 |             12 |
|  CLK100MHZ_IBUF_BUFG  | mc/pg1/hcnt_c_reg[3]_rep__19_24[0]      | mc/pg1/rst_n_222[0]                   |                9 |             12 |
|  CLK100MHZ_IBUF_BUFG  | mc/pg1/hcnt_c_reg[3]_rep__19_26[0]      | mc/pg1/rst_n_224[0]                   |                7 |             12 |
|  CLK100MHZ_IBUF_BUFG  | mc/pg1/hcnt_c_reg[3]_rep__19_33[0]      | mc/pg1/hcnt_c_reg[4]_rep__4_2[0]      |                7 |             12 |
|  CLK100MHZ_IBUF_BUFG  | mc/pg1/hcnt_c_reg[3]_rep__19_32[0]      | mc/pg1/hcnt_c_reg[4]_rep__5_2[0]      |                5 |             12 |
|  CLK100MHZ_IBUF_BUFG  | mc/pg1/hcnt_c_reg[3]_rep__19_34[0]      | mc/pg1/hcnt_c_reg[4]_rep__4_1[0]      |                8 |             12 |
|  CLK100MHZ_IBUF_BUFG  | mc/pg1/hcnt_c_reg[3]_rep__19_40[0]      | mc/pg1/hcnt_c_reg[3]_rep__19_37[0]    |                9 |             12 |
|  CLK100MHZ_IBUF_BUFG  | mc/pg1/hcnt_c_reg[3]_rep_4[0]           | mc/pg1/rst_n_210[0]                   |               11 |             12 |
|  CLK100MHZ_IBUF_BUFG  | mc/pg1/hcnt_c_reg[3]_rep_2[0]           | mc/pg1/rst_n_90[0]                    |                8 |             12 |
|  CLK100MHZ_IBUF_BUFG  | mc/pg1/hcnt_c_reg[3]_rep__19_11[0]      | mc/pg1/rst_n_103[0]                   |               12 |             12 |
|  CLK100MHZ_IBUF_BUFG  | mc/pg1/hcnt_c_reg[3]_rep__19_4[0]       | mc/pg1/rst_n_40[0]                    |                9 |             12 |
|  CLK100MHZ_IBUF_BUFG  | mc/pg1/hcnt_c_reg[3]_rep__19_28[0]      | mc/pg1/hcnt_c_reg[4]_rep__5[0]        |                5 |             12 |
|  CLK100MHZ_IBUF_BUFG  | mc/pg1/hcnt_c_reg[3]_rep__19_19[0]      | mc/pg1/rst_n_158[0]                   |                8 |             12 |
|  CLK100MHZ_IBUF_BUFG  | mc/pg1/hcnt_c_reg[3]_rep__19_30[0]      | mc/pg1/hcnt_c_reg[4]_rep__5_4[0]      |                7 |             12 |
|  CLK100MHZ_IBUF_BUFG  | mc/pg1/hcnt_c_reg[3]_rep__19_39[0]      | mc/pg1/hcnt_c_reg[3]_rep__19_38[0]    |                7 |             12 |
|  CLK100MHZ_IBUF_BUFG  | mc/pg1/hcnt_c_reg[3]_rep__19_12[0]      | mc/pg1/rst_n_104[0]                   |               10 |             12 |
|  CLK100MHZ_IBUF_BUFG  | mc/pg1/hcnt_c_reg[3]_rep__19_41[0]      | mc/pg1/hcnt_c_reg[3]_rep__19_36[0]    |                8 |             12 |
|  CLK100MHZ_IBUF_BUFG  | mc/pg1/hcnt_c_reg[3]_rep__19_3[0]       | mc/pg1/rst_n_39[0]                    |                7 |             12 |
|  CLK100MHZ_IBUF_BUFG  | mc/pg1/hcnt_c_reg[3]_rep__19_5[0]       | mc/pg1/rst_n_41[0]                    |                7 |             12 |
|  CLK100MHZ_IBUF_BUFG  | mc/pg1/hcnt_c_reg[3]_rep__19_6[0]       | mc/pg1/rst_n_42[0]                    |               11 |             12 |
|  CLK100MHZ_IBUF_BUFG  | mc/pg1/hcnt_c_reg[3]_rep__19_7[0]       | mc/pg1/rst_n_71[0]                    |                9 |             12 |
|  CLK100MHZ_IBUF_BUFG  | mc/pg1/hcnt_c_reg[3]_rep__21[0]         | mc/pg1/rst_n_237[0]                   |                6 |             12 |
|  CLK100MHZ_IBUF_BUFG  | mc/pg1/hcnt_c_reg[3]_rep__20_5[0]       | mc/pg1/hcnt_c_reg[3]_rep__20_3[0]     |                8 |             12 |
|  CLK100MHZ_IBUF_BUFG  | mc/pg1/hcnt_c_reg[3]_rep__21_1[0]       | mc/pg1/rst_n_239[0]                   |                8 |             12 |
|  CLK100MHZ_IBUF_BUFG  | mc/pg1/hcnt_c_reg[3]_rep__21_10[0]      | mc/pg1/hcnt_c_reg[3]_rep__21_5[0]     |                3 |             12 |
|  CLK100MHZ_IBUF_BUFG  | mc/pg1/hcnt_c_reg[3]_rep__21_8[0]       | mc/pg1/hcnt_c_reg[5]_rep__3[0]        |                5 |             12 |
|  CLK100MHZ_IBUF_BUFG  | mc/pg1/hcnt_c_reg[3]_rep__20_7[0]       | mc/pg1/hcnt_c_reg[3]_rep__20_0[0]     |                8 |             12 |
|  CLK100MHZ_IBUF_BUFG  | mc/pg1/hcnt_c_reg[3]_rep__22_4[0]       | mc/pg1/rst_n_147[0]                   |                7 |             12 |
|  CLK100MHZ_IBUF_BUFG  | mc/pg1/hcnt_c_reg[3]_rep__21_16[0]      | mc/pg1/hcnt_c_reg[5]_rep__3_4[0]      |                7 |             12 |
|  CLK100MHZ_IBUF_BUFG  | mc/pg1/hcnt_c_reg[3]_rep__20_4[0]       | mc/pg1/hcnt_c_reg[3]_rep__20_2[0]     |                7 |             12 |
|  CLK100MHZ_IBUF_BUFG  | mc/pg1/hcnt_c_reg[3]_rep__22_3[0]       | mc/pg1/rst_n_146[0]                   |                7 |             12 |
|  CLK100MHZ_IBUF_BUFG  | mc/pg1/hcnt_c_reg[3]_rep__22_0[0]       | mc/pg1/rst_n_56[0]                    |                8 |             12 |
|  CLK100MHZ_IBUF_BUFG  | mc/pg1/hcnt_c_reg[3]_rep__20_10[0]      | mc/pg1/hcnt_c_reg[3]_rep__20[0]       |                7 |             12 |
|  CLK100MHZ_IBUF_BUFG  | mc/pg1/hcnt_c_reg[3]_rep__22_5[0]       | mc/pg1/rst_n_148[0]                   |                6 |             12 |
|  CLK100MHZ_IBUF_BUFG  | mc/pg1/hcnt_c_reg[3]_rep__21_13[0]      | mc/pg1/hcnt_c_reg[3]_rep__21_3[0]     |                5 |             12 |
|  CLK100MHZ_IBUF_BUFG  | mc/pg1/hcnt_c_reg[3]_rep__21_18[0]      | mc/pg1/hcnt_c_reg[5]_rep__3_2[0]      |                6 |             12 |
|  CLK100MHZ_IBUF_BUFG  | mc/pg1/hcnt_c_reg[3]_rep__21_0[0]       | mc/pg1/rst_n_238[0]                   |                8 |             12 |
|  CLK100MHZ_IBUF_BUFG  | mc/pg1/hcnt_c_reg[3]_rep__22[0]         | mc/pg1/rst_n_55[0]                    |               10 |             12 |
|  CLK100MHZ_IBUF_BUFG  | mc/pg1/hcnt_c_reg[3]_rep__22_6[0]       | mc/pg1/rst_n_149[0]                   |                9 |             12 |
|  CLK100MHZ_IBUF_BUFG  | mc/pg1/hcnt_c_reg[3]_rep__21_2[0]       | mc/pg1/rst_n_240[0]                   |                9 |             12 |
|  CLK100MHZ_IBUF_BUFG  | mc/pg1/hcnt_c_reg[3]_rep__19_9[0]       | mc/pg1/rst_n_73[0]                    |                9 |             12 |
|  CLK100MHZ_IBUF_BUFG  | mc/pg1/hcnt_c_reg[3]_rep__21_17[0]      | mc/pg1/hcnt_c_reg[5]_rep__3_3[0]      |                6 |             12 |
|  CLK100MHZ_IBUF_BUFG  | mc/pg1/hcnt_c_reg[3]_rep__21_14[0]      | mc/pg1/hcnt_c_reg[3]_rep__21_4[0]     |                7 |             12 |
|  CLK100MHZ_IBUF_BUFG  | mc/pg1/hcnt_c_reg[3]_rep__20_9[0]       | mc/pg1/hcnt_c_reg[3]_rep__20_6[0]     |                7 |             12 |
|  CLK100MHZ_IBUF_BUFG  | mc/pg1/hcnt_c_reg[3]_rep__21_7[0]       | mc/pg1/hcnt_c_reg[3]_rep__21_6[0]     |               10 |             12 |
|  CLK100MHZ_IBUF_BUFG  | mc/pg1/hcnt_c_reg[3]_rep__19_8[0]       | mc/pg1/rst_n_72[0]                    |                9 |             12 |
|  CLK100MHZ_IBUF_BUFG  | mc/pg1/hcnt_c_reg[3]_rep__20_8[0]       | mc/pg1/hcnt_c_reg[3]_rep__20_1[0]     |                8 |             12 |
|  CLK100MHZ_IBUF_BUFG  | mc/pg1/hcnt_c_reg[3]_rep__21_11[0]      | mc/pg1/hcnt_c_reg[3]_rep__21_9[0]     |                9 |             12 |
|  CLK100MHZ_IBUF_BUFG  | mc/pg1/hcnt_c_reg[3]_rep__21_15[0]      | mc/pg1/hcnt_c_reg[3]_rep__21_12[0]    |                7 |             12 |
|  CLK100MHZ_IBUF_BUFG  | mc/pg1/hcnt_c_reg[3]_rep__22_2[0]       | mc/pg1/rst_n_58[0]                    |                9 |             12 |
|  CLK100MHZ_IBUF_BUFG  | mc/pg1/hcnt_c_reg[3]_rep__22_1[0]       | mc/pg1/rst_n_57[0]                    |                9 |             12 |
|  CLK100MHZ_IBUF_BUFG  | mc/pg1/hcnt_c_reg[4]_67[0]              | mc/pg1/hcnt_c_reg[4]_26[0]            |                8 |             12 |
|  CLK100MHZ_IBUF_BUFG  | mc/pg1/hcnt_c_reg[4]_71[0]              | mc/pg1/hcnt_c_reg[4]_rep_20[0]        |                8 |             12 |
|  CLK100MHZ_IBUF_BUFG  | mc/pg1/hcnt_c_reg[4]_73[0]              | mc/pg1/hcnt_c_reg[4]_21[0]            |               10 |             12 |
|  CLK100MHZ_IBUF_BUFG  | mc/pg1/hcnt_c_reg[4]_75[0]              | mc/pg1/hcnt_c_reg[4]_19[0]            |               10 |             12 |
|  CLK100MHZ_IBUF_BUFG  | mc/pg1/hcnt_c_reg[4]_76[0]              | mc/pg1/hcnt_c_reg[4]_18[0]            |               12 |             12 |
|  CLK100MHZ_IBUF_BUFG  | mc/pg1/hcnt_c_reg[4]_78[0]              | mc/pg1/hcnt_c_reg[4]_16[0]            |               10 |             12 |
|  CLK100MHZ_IBUF_BUFG  | mc/pg1/hcnt_c_reg[4]_80[0]              | mc/pg1/hcnt_c_reg[4]_14[0]            |                9 |             12 |
|  CLK100MHZ_IBUF_BUFG  | mc/pg1/hcnt_c_reg[4]_53[0]              | mc/pg1/rst_n_232[0]                   |                9 |             12 |
|  CLK100MHZ_IBUF_BUFG  | mc/pg1/hcnt_c_reg[4]_40[0]              | mc/pg1/rst_n_95[0]                    |                8 |             12 |
|  CLK100MHZ_IBUF_BUFG  | mc/pg1/hcnt_c_reg[4]_81[0]              | mc/pg1/hcnt_c_reg[4]_13[0]            |                7 |             12 |
|  CLK100MHZ_IBUF_BUFG  | mc/pg1/hcnt_c_reg[4]_82[0]              | mc/pg1/hcnt_c_reg[4]_12[0]            |                8 |             12 |
|  CLK100MHZ_IBUF_BUFG  | mc/pg1/hcnt_c_reg[4]_83[0]              | mc/pg1/hcnt_c_reg[4]_11[0]            |                5 |             12 |
|  CLK100MHZ_IBUF_BUFG  | mc/pg1/hcnt_c_reg[4]_54[0]              | mc/pg1/rst_n_235[0]                   |                9 |             12 |
|  CLK100MHZ_IBUF_BUFG  | mc/pg1/hcnt_c_reg[4]_84[0]              | mc/pg1/hcnt_c_reg[4]_10[0]            |                7 |             12 |
|  CLK100MHZ_IBUF_BUFG  | mc/pg1/hcnt_c_reg[4]_43[0]              | mc/pg1/rst_n_98[0]                    |               12 |             12 |
|  CLK100MHZ_IBUF_BUFG  | mc/pg1/hcnt_c_reg[4]_64[0]              | mc/pg1/hcnt_c_reg[4]_29[0]            |                6 |             12 |
|  CLK100MHZ_IBUF_BUFG  | mc/pg1/hcnt_c_reg[4]_68[0]              | mc/pg1/hcnt_c_reg[4]_25[0]            |                9 |             12 |
|  CLK100MHZ_IBUF_BUFG  | mc/pg1/hcnt_c_reg[4]_42[0]              | mc/pg1/rst_n_97[0]                    |                8 |             12 |
|  CLK100MHZ_IBUF_BUFG  | mc/pg1/hcnt_c_reg[4]_56[0]              | mc/pg1/hcnt_c_reg[4]_37[0]            |                7 |             12 |
|  CLK100MHZ_IBUF_BUFG  | mc/pg1/hcnt_c_reg[4]_44[0]              | mc/pg1/rst_n_101[0]                   |                9 |             12 |
|  CLK100MHZ_IBUF_BUFG  | mc/pg1/hcnt_c_reg[4]_58[0]              | mc/pg1/hcnt_c_reg[4]_35[0]            |                7 |             12 |
|  CLK100MHZ_IBUF_BUFG  | mc/pg1/hcnt_c_reg[4]_69[0]              | mc/pg1/hcnt_c_reg[4]_24[0]            |                8 |             12 |
|  CLK100MHZ_IBUF_BUFG  | mc/pg1/hcnt_c_reg[4]_70[0]              | mc/pg1/hcnt_c_reg[4]_23[0]            |                8 |             12 |
|  CLK100MHZ_IBUF_BUFG  | mc/pg1/hcnt_c_reg[4]_61[0]              | mc/pg1/hcnt_c_reg[4]_32[0]            |                8 |             12 |
|  CLK100MHZ_IBUF_BUFG  | mc/pg1/hcnt_c_reg[4]_72[0]              | mc/pg1/hcnt_c_reg[4]_22[0]            |                9 |             12 |
|  CLK100MHZ_IBUF_BUFG  | mc/pg1/hcnt_c_reg[4]_74[0]              | mc/pg1/hcnt_c_reg[4]_20[0]            |                6 |             12 |
|  CLK100MHZ_IBUF_BUFG  | mc/pg1/hcnt_c_reg[4]_50[0]              | mc/pg1/rst_n_229[0]                   |                9 |             12 |
|  CLK100MHZ_IBUF_BUFG  | mc/pg1/hcnt_c_reg[4]_55[0]              | mc/pg1/hcnt_c_reg[4]_38[0]            |                9 |             12 |
|  CLK100MHZ_IBUF_BUFG  | mc/pg1/hcnt_c_reg[4]_62[0]              | mc/pg1/hcnt_c_reg[4]_31[0]            |                8 |             12 |
|  CLK100MHZ_IBUF_BUFG  | mc/pg1/hcnt_c_reg[4]_63[0]              | mc/pg1/hcnt_c_reg[4]_30[0]            |                8 |             12 |
|  CLK100MHZ_IBUF_BUFG  | mc/pg1/hcnt_c_reg[4]_41[0]              | mc/pg1/rst_n_96[0]                    |                5 |             12 |
|  CLK100MHZ_IBUF_BUFG  | mc/pg1/hcnt_c_reg[4]_77[0]              | mc/pg1/hcnt_c_reg[4]_17[0]            |                7 |             12 |
|  CLK100MHZ_IBUF_BUFG  | mc/pg1/hcnt_c_reg[4]_79[0]              | mc/pg1/hcnt_c_reg[4]_15[0]            |                7 |             12 |
|  CLK100MHZ_IBUF_BUFG  | mc/pg1/hcnt_c_reg[4]_39[0]              | mc/pg1/rst_n_85[0]                    |                8 |             12 |
|  CLK100MHZ_IBUF_BUFG  | mc/pg1/hcnt_c_reg[4]_45[0]              | mc/pg1/rst_n_213[0]                   |                8 |             12 |
|  CLK100MHZ_IBUF_BUFG  | mc/pg1/hcnt_c_reg[4]_48[0]              | mc/pg1/rst_n_216[0]                   |               10 |             12 |
|  CLK100MHZ_IBUF_BUFG  | mc/pg1/hcnt_c_reg[4]_65[0]              | mc/pg1/hcnt_c_reg[4]_28[0]            |                7 |             12 |
|  CLK100MHZ_IBUF_BUFG  | mc/pg1/hcnt_c_reg[4]_47[0]              | mc/pg1/rst_n_215[0]                   |               10 |             12 |
|  CLK100MHZ_IBUF_BUFG  | mc/pg1/hcnt_c_reg[4]_51[0]              | mc/pg1/rst_n_230[0]                   |                8 |             12 |
|  CLK100MHZ_IBUF_BUFG  | mc/pg1/hcnt_c_reg[4]_52[0]              | mc/pg1/rst_n_231[0]                   |                7 |             12 |
|  CLK100MHZ_IBUF_BUFG  | mc/pg1/hcnt_c_reg[4]_66[0]              | mc/pg1/hcnt_c_reg[4]_27[0]            |                6 |             12 |
|  CLK100MHZ_IBUF_BUFG  | mc/pg1/hcnt_c_reg[4]_49[0]              | mc/pg1/rst_n_219[0]                   |               11 |             12 |
|  CLK100MHZ_IBUF_BUFG  | mc/pg1/hcnt_c_reg[4]_46[0]              | mc/pg1/rst_n_214[0]                   |               10 |             12 |
|  CLK100MHZ_IBUF_BUFG  | mc/pg1/hcnt_c_reg[4]_59[0]              | mc/pg1/hcnt_c_reg[4]_34[0]            |                6 |             12 |
|  CLK100MHZ_IBUF_BUFG  | mc/pg1/hcnt_c_reg[4]_60[0]              | mc/pg1/hcnt_c_reg[4]_33[0]            |                9 |             12 |
|  CLK100MHZ_IBUF_BUFG  | mc/pg1/hcnt_c_reg[4]_57[0]              | mc/pg1/hcnt_c_reg[4]_36[0]            |                7 |             12 |
|  CLK100MHZ_IBUF_BUFG  | mc/pg1/hcnt_c_reg[4]_92[0]              | mc/pg1/hcnt_c_reg[4]_2[0]             |                7 |             12 |
|  CLK100MHZ_IBUF_BUFG  | mc/pg1/hcnt_c_reg[4]_rep_105[0]         | mc/pg1/hcnt_c_reg[4]_rep_5[0]         |                7 |             12 |
|  CLK100MHZ_IBUF_BUFG  | mc/pg1/hcnt_c_reg[4]_rep_107[0]         | mc/pg1/hcnt_c_reg[4]_rep_3[0]         |                8 |             12 |
|  CLK100MHZ_IBUF_BUFG  | mc/pg1/hcnt_c_reg[4]_rep_101[0]         | mc/pg1/hcnt_c_reg[4]_rep_9[0]         |               10 |             12 |
|  CLK100MHZ_IBUF_BUFG  | mc/pg1/hcnt_c_reg[4]_89[0]              | mc/pg1/hcnt_c_reg[4]_5[0]             |                9 |             12 |
|  CLK100MHZ_IBUF_BUFG  | mc/pg1/hcnt_c_reg[4]_93[0]              | mc/pg1/hcnt_c_reg[4]_1[0]             |                5 |             12 |
|  CLK100MHZ_IBUF_BUFG  | mc/pg1/hcnt_c_reg[4]_87[0]              | mc/pg1/hcnt_c_reg[4]_7[0]             |                8 |             12 |
|  CLK100MHZ_IBUF_BUFG  | mc/pg1/hcnt_c_reg[4]_91[0]              | mc/pg1/hcnt_c_reg[4]_3[0]             |                6 |             12 |
|  CLK100MHZ_IBUF_BUFG  | mc/pg1/hcnt_c_reg[4]_86[0]              | mc/pg1/hcnt_c_reg[4]_8[0]             |                8 |             12 |
|  CLK100MHZ_IBUF_BUFG  | mc/pg1/hcnt_c_reg[4]_95[0]              | mc/pg1/hcnt_c_reg[4][0]               |                5 |             12 |
|  CLK100MHZ_IBUF_BUFG  | mc/pg1/hcnt_c_reg[4]_rep_106[0]         | mc/pg1/hcnt_c_reg[4]_rep_4[0]         |                8 |             12 |
|  CLK100MHZ_IBUF_BUFG  | mc/pg1/hcnt_c_reg[4]_rep_110[0]         | mc/pg1/hcnt_c_reg[4]_rep_0[0]         |               10 |             12 |
|  CLK100MHZ_IBUF_BUFG  | mc/pg1/hcnt_c_reg[4]_rep_111[0]         | mc/pg1/hcnt_c_reg[4]_rep[0]           |               10 |             12 |
|  CLK100MHZ_IBUF_BUFG  | mc/pg1/hcnt_c_reg[4]_85[0]              | mc/pg1/hcnt_c_reg[4]_9[0]             |                7 |             12 |
|  CLK100MHZ_IBUF_BUFG  | mc/pg1/hcnt_c_reg[4]_rep_42[0]          | mc/pg1/rst_n_63[0]                    |                9 |             12 |
|  CLK100MHZ_IBUF_BUFG  | mc/pg1/hcnt_c_reg[4]_rep_43[0]          | mc/pg1/rst_n_64[0]                    |                9 |             12 |
|  CLK100MHZ_IBUF_BUFG  | mc/pg1/hcnt_c_reg[4]_90[0]              | mc/pg1/hcnt_c_reg[4]_4[0]             |                7 |             12 |
|  CLK100MHZ_IBUF_BUFG  | mc/pg1/hcnt_c_reg[4]_rep_100[0]         | mc/pg1/hcnt_c_reg[4]_rep_10[0]        |                8 |             12 |
|  CLK100MHZ_IBUF_BUFG  | mc/pg1/hcnt_c_reg[4]_rep_103[0]         | mc/pg1/hcnt_c_reg[4]_rep_7[0]         |               10 |             12 |
|  CLK100MHZ_IBUF_BUFG  | mc/pg1/hcnt_c_reg[4]_88[0]              | mc/pg1/hcnt_c_reg[4]_6[0]             |                5 |             12 |
|  CLK100MHZ_IBUF_BUFG  | mc/pg1/hcnt_c_reg[4]_rep_104[0]         | mc/pg1/hcnt_c_reg[4]_rep_6[0]         |               10 |             12 |
|  CLK100MHZ_IBUF_BUFG  | mc/pg1/hcnt_c_reg[4]_rep_108[0]         | mc/pg1/hcnt_c_reg[4]_rep_2[0]         |                8 |             12 |
|  CLK100MHZ_IBUF_BUFG  | mc/pg1/hcnt_c_reg[4]_94[0]              | mc/pg1/hcnt_c_reg[4]_0[0]             |                5 |             12 |
|  CLK100MHZ_IBUF_BUFG  | mc/pg1/hcnt_c_reg[4]_rep_102[0]         | mc/pg1/hcnt_c_reg[4]_rep_8[0]         |                5 |             12 |
|  CLK100MHZ_IBUF_BUFG  | mc/pg1/hcnt_c_reg[4]_rep_109[0]         | mc/pg1/hcnt_c_reg[4]_rep_1[0]         |                9 |             12 |
|  CLK100MHZ_IBUF_BUFG  | mc/pg1/hcnt_c_reg[4]_rep_71[0]          | mc/pg1/hcnt_c_reg[4]_rep_40[0]        |                4 |             12 |
|  CLK100MHZ_IBUF_BUFG  | mc/pg1/hcnt_c_reg[4]_rep_79[0]          | mc/pg1/hcnt_c_reg[4]_rep_32[0]        |                6 |             12 |
|  CLK100MHZ_IBUF_BUFG  | mc/pg1/hcnt_c_reg[4]_rep_81[0]          | mc/pg1/hcnt_c_reg[4]_rep_30[0]        |                6 |             12 |
|  CLK100MHZ_IBUF_BUFG  | mc/pg1/hcnt_c_reg[4]_rep_86[0]          | mc/pg1/hcnt_c_reg[4]_rep_25[0]        |                8 |             12 |
|  CLK100MHZ_IBUF_BUFG  | mc/pg1/hcnt_c_reg[4]_rep_89[0]          | mc/pg1/hcnt_c_reg[4]_rep_22[0]        |               11 |             12 |
|  CLK100MHZ_IBUF_BUFG  | mc/pg1/hcnt_c_reg[4]_rep_67[0]          | mc/pg1/rst_n_139[0]                   |                5 |             12 |
|  CLK100MHZ_IBUF_BUFG  | mc/pg1/hcnt_c_reg[4]_rep_87[0]          | mc/pg1/hcnt_c_reg[4]_rep_24[0]        |                8 |             12 |
|  CLK100MHZ_IBUF_BUFG  | mc/pg1/hcnt_c_reg[4]_rep_78[0]          | mc/pg1/hcnt_c_reg[4]_rep_33[0]        |                9 |             12 |
|  CLK100MHZ_IBUF_BUFG  | mc/pg1/hcnt_c_reg[4]_rep_94[0]          | mc/pg1/hcnt_c_reg[4]_rep_16[0]        |                6 |             12 |
|  CLK100MHZ_IBUF_BUFG  | mc/pg1/hcnt_c_reg[4]_rep_88[0]          | mc/pg1/hcnt_c_reg[4]_rep_23[0]        |                7 |             12 |
|  CLK100MHZ_IBUF_BUFG  | mc/pg1/hcnt_c_reg[4]_rep_60[0]          | mc/pg1/rst_n_124[0]                   |               10 |             12 |
|  CLK100MHZ_IBUF_BUFG  | mc/pg1/hcnt_c_reg[4]_rep_91[0]          | mc/pg1/hcnt_c_reg[4]_rep_19[0]        |                3 |             12 |
|  CLK100MHZ_IBUF_BUFG  | mc/pg1/hcnt_c_reg[4]_rep_96[0]          | mc/pg1/hcnt_c_reg[4]_rep_14[0]        |                4 |             12 |
|  CLK100MHZ_IBUF_BUFG  | mc/pg1/hcnt_c_reg[4]_rep_84[0]          | mc/pg1/hcnt_c_reg[4]_rep_27[0]        |                5 |             12 |
|  CLK100MHZ_IBUF_BUFG  | mc/pg1/hcnt_c_reg[4]_rep_57[0]          | mc/pg1/rst_n_121[0]                   |                7 |             12 |
|  CLK100MHZ_IBUF_BUFG  | mc/pg1/hcnt_c_reg[4]_rep_70[0]          | mc/pg1/hcnt_c_reg[4]_rep_41[0]        |                6 |             12 |
|  CLK100MHZ_IBUF_BUFG  | mc/pg1/hcnt_c_reg[4]_rep_48[0]          | mc/pg1/rst_n_69[0]                    |                9 |             12 |
|  CLK100MHZ_IBUF_BUFG  | mc/pg1/hcnt_c_reg[4]_rep_49[0]          | mc/pg1/rst_n_70[0]                    |                6 |             12 |
|  CLK100MHZ_IBUF_BUFG  | mc/pg1/hcnt_c_reg[4]_rep_82[0]          | mc/pg1/hcnt_c_reg[4]_rep_29[0]        |               11 |             12 |
|  CLK100MHZ_IBUF_BUFG  | mc/pg1/hcnt_c_reg[4]_rep_53[0]          | mc/pg1/rst_n_82[0]                    |               11 |             12 |
|  CLK100MHZ_IBUF_BUFG  | mc/pg1/hcnt_c_reg[4]_rep_92[0]          | mc/pg1/hcnt_c_reg[4]_rep_18[0]        |               10 |             12 |
|  CLK100MHZ_IBUF_BUFG  | mc/pg1/hcnt_c_reg[4]_rep_52[0]          | mc/pg1/rst_n_81[0]                    |               10 |             12 |
|  CLK100MHZ_IBUF_BUFG  | mc/pg1/hcnt_c_reg[4]_rep_74[0]          | mc/pg1/hcnt_c_reg[4]_rep_37[0]        |                6 |             12 |
|  CLK100MHZ_IBUF_BUFG  | mc/pg1/hcnt_c_reg[4]_rep_58[0]          | mc/pg1/rst_n_122[0]                   |                6 |             12 |
|  CLK100MHZ_IBUF_BUFG  | mc/pg1/hcnt_c_reg[4]_rep_65[0]          | mc/pg1/rst_n_137[0]                   |                7 |             12 |
|  CLK100MHZ_IBUF_BUFG  | mc/pg1/hcnt_c_reg[4]_rep_77[0]          | mc/pg1/hcnt_c_reg[4]_rep_34[0]        |                9 |             12 |
|  CLK100MHZ_IBUF_BUFG  | mc/pg1/hcnt_c_reg[4]_rep_51[0]          | mc/pg1/rst_n_80[0]                    |                9 |             12 |
|  CLK100MHZ_IBUF_BUFG  | mc/pg1/hcnt_c_reg[4]_rep_62[0]          | mc/pg1/rst_n_134[0]                   |                6 |             12 |
|  CLK100MHZ_IBUF_BUFG  | mc/pg1/hcnt_c_reg[4]_rep_59[0]          | mc/pg1/rst_n_123[0]                   |                4 |             12 |
|  CLK100MHZ_IBUF_BUFG  | mc/pg1/hcnt_c_reg[4]_rep_83[0]          | mc/pg1/hcnt_c_reg[4]_rep_28[0]        |                4 |             12 |
|  CLK100MHZ_IBUF_BUFG  | mc/pg1/hcnt_c_reg[4]_rep_56[0]          | mc/pg1/rst_n_120[0]                   |                5 |             12 |
|  CLK100MHZ_IBUF_BUFG  | mc/pg1/hcnt_c_reg[4]_rep_69[0]          | mc/pg1/rst_n_141[0]                   |                5 |             12 |
|  CLK100MHZ_IBUF_BUFG  | mc/pg1/hcnt_c_reg[4]_rep_97[0]          | mc/pg1/hcnt_c_reg[4]_rep_13[0]        |                5 |             12 |
|  CLK100MHZ_IBUF_BUFG  | mc/pg1/hcnt_c_reg[4]_rep_93[0]          | mc/pg1/hcnt_c_reg[4]_rep_17[0]        |                3 |             12 |
|  CLK100MHZ_IBUF_BUFG  | mc/pg1/hcnt_c_reg[4]_rep_98[0]          | mc/pg1/hcnt_c_reg[4]_rep_12[0]        |                7 |             12 |
|  CLK100MHZ_IBUF_BUFG  | mc/pg1/hcnt_c_reg[4]_rep_54[0]          | mc/pg1/rst_n_118[0]                   |                4 |             12 |
|  CLK100MHZ_IBUF_BUFG  | mc/pg1/hcnt_c_reg[4]_rep_85[0]          | mc/pg1/hcnt_c_reg[4]_rep_26[0]        |                7 |             12 |
|  CLK100MHZ_IBUF_BUFG  | mc/pg1/hcnt_c_reg[4]_rep_95[0]          | mc/pg1/hcnt_c_reg[4]_rep_15[0]        |                3 |             12 |
|  CLK100MHZ_IBUF_BUFG  | mc/pg1/hcnt_c_reg[4]_rep_64[0]          | mc/pg1/rst_n_136[0]                   |                5 |             12 |
|  CLK100MHZ_IBUF_BUFG  | mc/pg1/hcnt_c_reg[4]_rep_99[0]          | mc/pg1/hcnt_c_reg[4]_rep_11[0]        |                5 |             12 |
|  CLK100MHZ_IBUF_BUFG  | mc/pg1/hcnt_c_reg[4]_rep_90[0]          | mc/pg1/hcnt_c_reg[4]_rep_21[0]        |                8 |             12 |
|  CLK100MHZ_IBUF_BUFG  | mc/pg1/hcnt_c_reg[4]_rep_46[0]          | mc/pg1/rst_n_67[0]                    |               10 |             12 |
|  CLK100MHZ_IBUF_BUFG  | mc/pg1/hcnt_c_reg[4]_rep_50[0]          | mc/pg1/rst_n_79[0]                    |                7 |             12 |
|  CLK100MHZ_IBUF_BUFG  | mc/pg1/hcnt_c_reg[4]_rep_45[0]          | mc/pg1/rst_n_66[0]                    |                9 |             12 |
|  CLK100MHZ_IBUF_BUFG  | mc/pg1/hcnt_c_reg[4]_rep_63[0]          | mc/pg1/rst_n_135[0]                   |                8 |             12 |
|  CLK100MHZ_IBUF_BUFG  | mc/pg1/hcnt_c_reg[4]_rep_66[0]          | mc/pg1/rst_n_138[0]                   |                6 |             12 |
|  CLK100MHZ_IBUF_BUFG  | mc/pg1/hcnt_c_reg[4]_rep_68[0]          | mc/pg1/rst_n_140[0]                   |                8 |             12 |
|  CLK100MHZ_IBUF_BUFG  | mc/pg1/hcnt_c_reg[4]_rep_73[0]          | mc/pg1/hcnt_c_reg[4]_rep_38[0]        |                8 |             12 |
|  CLK100MHZ_IBUF_BUFG  | mc/pg1/hcnt_c_reg[4]_rep_47[0]          | mc/pg1/rst_n_68[0]                    |               11 |             12 |
|  CLK100MHZ_IBUF_BUFG  | mc/pg1/hcnt_c_reg[4]_rep_55[0]          | mc/pg1/rst_n_119[0]                   |                5 |             12 |
|  CLK100MHZ_IBUF_BUFG  | mc/pg1/hcnt_c_reg[4]_rep_44[0]          | mc/pg1/rst_n_65[0]                    |                9 |             12 |
|  CLK100MHZ_IBUF_BUFG  | mc/pg1/hcnt_c_reg[4]_rep_75[0]          | mc/pg1/hcnt_c_reg[4]_rep_36[0]        |                7 |             12 |
|  CLK100MHZ_IBUF_BUFG  | mc/pg1/hcnt_c_reg[4]_rep_76[0]          | mc/pg1/hcnt_c_reg[4]_rep_35[0]        |                4 |             12 |
|  CLK100MHZ_IBUF_BUFG  | mc/pg1/hcnt_c_reg[4]_rep_61[0]          | mc/pg1/rst_n_125[0]                   |                6 |             12 |
|  CLK100MHZ_IBUF_BUFG  | mc/pg1/hcnt_c_reg[4]_rep_72[0]          | mc/pg1/hcnt_c_reg[4]_rep_39[0]        |                7 |             12 |
|  CLK100MHZ_IBUF_BUFG  | mc/pg1/hcnt_c_reg[4]_rep_80[0]          | mc/pg1/hcnt_c_reg[4]_rep_31[0]        |                4 |             12 |
|  CLK100MHZ_IBUF_BUFG  | mc/pg1/hcnt_c_reg[4]_rep__0_41[0]       | mc/pg1/hcnt_c_reg[4]_rep__0_1[0]      |                4 |             12 |
|  CLK100MHZ_IBUF_BUFG  | mc/pg1/hcnt_c_reg[4]_rep__0_17[0]       | mc/pg1/rst_n_190[0]                   |                9 |             12 |
|  CLK100MHZ_IBUF_BUFG  | mc/pg1/hcnt_c_reg[4]_rep__0_20[0]       | mc/pg1/rst_n_193[0]                   |                7 |             12 |
|  CLK100MHZ_IBUF_BUFG  | mc/pg1/hcnt_c_reg[4]_rep__0_36[0]       | mc/pg1/hcnt_c_reg[4]_rep__0_6[0]      |                8 |             12 |
|  CLK100MHZ_IBUF_BUFG  | mc/pg1/hcnt_c_reg[4]_rep__0_42[0]       | mc/pg1/hcnt_c_reg[4]_rep__0_0[0]      |                6 |             12 |
|  CLK100MHZ_IBUF_BUFG  | mc/pg1/hcnt_c_reg[4]_rep__0_18[0]       | mc/pg1/rst_n_191[0]                   |                9 |             12 |
|  CLK100MHZ_IBUF_BUFG  | mc/pg1/hcnt_c_reg[4]_rep__0_27[0]       | mc/pg1/hcnt_c_reg[4]_rep__0_10[0]     |               11 |             12 |
|  CLK100MHZ_IBUF_BUFG  | mc/pg1/hcnt_c_reg[4]_rep__0_21[0]       | mc/pg1/rst_n_194[0]                   |                8 |             12 |
|  CLK100MHZ_IBUF_BUFG  | mc/pg1/hcnt_c_reg[4]_rep__0_29[0]       | mc/pg1/hcnt_c_reg[4]_rep__0_8[0]      |                9 |             12 |
|  CLK100MHZ_IBUF_BUFG  | mc/pg1/hcnt_c_reg[4]_rep__0_26[0]       | mc/pg1/hcnt_c_reg[4]_rep__0_11[0]     |                7 |             12 |
|  CLK100MHZ_IBUF_BUFG  | mc/pg1/hcnt_c_reg[4]_rep__0_19[0]       | mc/pg1/rst_n_192[0]                   |                9 |             12 |
|  CLK100MHZ_IBUF_BUFG  | mc/pg1/hcnt_c_reg[4]_rep__0_12[0]       | mc/pg1/rst_n_177[0]                   |                8 |             12 |
|  CLK100MHZ_IBUF_BUFG  | mc/pg1/hcnt_c_reg[4]_rep__0_15[0]       | mc/pg1/rst_n_180[0]                   |                7 |             12 |
|  CLK100MHZ_IBUF_BUFG  | mc/pg1/hcnt_c_reg[4]_rep__0_24[0]       | mc/pg1/rst_n_197[0]                   |                6 |             12 |
|  CLK100MHZ_IBUF_BUFG  | mc/pg1/hcnt_c_reg[4]_rep__0_16[0]       | mc/pg1/rst_n_181[0]                   |                4 |             12 |
|  CLK100MHZ_IBUF_BUFG  | mc/pg1/hcnt_c_reg[4]_rep__0_22[0]       | mc/pg1/rst_n_195[0]                   |                8 |             12 |
|  CLK100MHZ_IBUF_BUFG  | mc/pg1/hcnt_c_reg[4]_rep__0_25[0]       | mc/pg1/hcnt_c_reg[4]_rep__0_30[0]     |                7 |             12 |
|  CLK100MHZ_IBUF_BUFG  | mc/pg1/hcnt_c_reg[4]_rep__0_40[0]       | mc/pg1/hcnt_c_reg[4]_rep__0_2[0]      |               11 |             12 |
|  CLK100MHZ_IBUF_BUFG  | mc/pg1/hcnt_c_reg[4]_rep__0_43[0]       | mc/pg1/hcnt_c_reg[4]_rep__0[0]        |                2 |             12 |
|  CLK100MHZ_IBUF_BUFG  | mc/pg1/hcnt_c_reg[4]_rep__0_28[0]       | mc/pg1/hcnt_c_reg[4]_rep__0_9[0]      |                7 |             12 |
|  CLK100MHZ_IBUF_BUFG  | mc/pg1/hcnt_c_reg[4]_rep__0_33[0]       | mc/pg1/hcnt_c_reg[4]_rep__0_32[0]     |                7 |             12 |
|  CLK100MHZ_IBUF_BUFG  | mc/pg1/hcnt_c_reg[4]_rep__0_14[0]       | mc/pg1/rst_n_179[0]                   |                7 |             12 |
|  CLK100MHZ_IBUF_BUFG  | mc/pg1/hcnt_c_reg[4]_rep__0_13[0]       | mc/pg1/rst_n_178[0]                   |                7 |             12 |
|  CLK100MHZ_IBUF_BUFG  | mc/pg1/hcnt_c_reg[4]_rep__0_23[0]       | mc/pg1/rst_n_196[0]                   |               10 |             12 |
|  CLK100MHZ_IBUF_BUFG  | mc/pg1/hcnt_c_reg[4]_rep__0_34[0]       | mc/pg1/hcnt_c_reg[4]_rep__0_31[0]     |                9 |             12 |
|  CLK100MHZ_IBUF_BUFG  | mc/pg1/hcnt_c_reg[4]_rep__0_35[0]       | mc/pg1/hcnt_c_reg[4]_rep__0_7[0]      |               11 |             12 |
|  CLK100MHZ_IBUF_BUFG  | mc/pg1/hcnt_c_reg[4]_rep__0_38[0]       | mc/pg1/hcnt_c_reg[4]_rep__0_4[0]      |               10 |             12 |
|  CLK100MHZ_IBUF_BUFG  | mc/pg1/hcnt_c_reg[4]_rep__0_37[0]       | mc/pg1/hcnt_c_reg[4]_rep__0_5[0]      |               11 |             12 |
|  CLK100MHZ_IBUF_BUFG  | mc/pg1/hcnt_c_reg[4]_rep__0_39[0]       | mc/pg1/hcnt_c_reg[4]_rep__0_3[0]      |               11 |             12 |
|  CLK100MHZ_IBUF_BUFG  | mc/pg1/hcnt_c_reg[4]_rep__1_39[0]       | mc/pg1/rst_n_153[0]                   |                7 |             12 |
|  CLK100MHZ_IBUF_BUFG  | mc/pg1/hcnt_c_reg[4]_rep__1_67[0]       | mc/pg1/hcnt_c_reg[4]_rep__1_12[0]     |                7 |             12 |
|  CLK100MHZ_IBUF_BUFG  | mc/pg1/hcnt_c_reg[4]_rep__1_71[0]       | mc/pg1/hcnt_c_reg[4]_rep__1_8[0]      |                9 |             12 |
|  CLK100MHZ_IBUF_BUFG  | mc/pg1/hcnt_c_reg[4]_rep__1_66[0]       | mc/pg1/hcnt_c_reg[4]_rep__1_13[0]     |                8 |             12 |
|  CLK100MHZ_IBUF_BUFG  | mc/pg1/hcnt_c_reg[4]_rep__1_57[0]       | mc/pg1/hcnt_c_reg[4]_rep__1_22[0]     |                9 |             12 |
|  CLK100MHZ_IBUF_BUFG  | mc/pg1/hcnt_c_reg[4]_rep__1_56[0]       | mc/pg1/hcnt_c_reg[4]_rep__1_23[0]     |               10 |             12 |
|  CLK100MHZ_IBUF_BUFG  | mc/pg1/hcnt_c_reg[4]_rep__1_50[0]       | mc/pg1/hcnt_c_reg[4]_rep__1_29[0]     |                5 |             12 |
|  CLK100MHZ_IBUF_BUFG  | mc/pg1/hcnt_c_reg[4]_rep__1_54[0]       | mc/pg1/hcnt_c_reg[4]_rep__1_25[0]     |                5 |             12 |
|  CLK100MHZ_IBUF_BUFG  | mc/pg1/hcnt_c_reg[4]_rep__1_33[0]       | mc/pg1/rst_n_49[0]                    |               11 |             12 |
|  CLK100MHZ_IBUF_BUFG  | mc/pg1/hcnt_c_reg[4]_rep__1_69[0]       | mc/pg1/hcnt_c_reg[4]_rep__1_10[0]     |                7 |             12 |
|  CLK100MHZ_IBUF_BUFG  | mc/pg1/hcnt_c_reg[4]_rep__1_78[0]       | mc/pg1/hcnt_c_reg[4]_rep__1_1[0]      |                4 |             12 |
|  CLK100MHZ_IBUF_BUFG  | mc/pg1/hcnt_c_reg[4]_rep__1_40[0]       | mc/pg1/rst_n_156[0]                   |                8 |             12 |
|  CLK100MHZ_IBUF_BUFG  | mc/pg1/hcnt_c_reg[4]_rep__1_79[0]       | mc/pg1/hcnt_c_reg[4]_rep__1_0[0]      |                3 |             12 |
|  CLK100MHZ_IBUF_BUFG  | mc/pg1/hcnt_c_reg[4]_rep__1_46[0]       | mc/pg1/rst_n_174[0]                   |                9 |             12 |
|  CLK100MHZ_IBUF_BUFG  | mc/pg1/hcnt_c_reg[4]_rep__1_63[0]       | mc/pg1/hcnt_c_reg[4]_rep__1_16[0]     |                8 |             12 |
|  CLK100MHZ_IBUF_BUFG  | mc/pg1/hcnt_c_reg[4]_rep__1_75[0]       | mc/pg1/hcnt_c_reg[4]_rep__1_4[0]      |                6 |             12 |
|  CLK100MHZ_IBUF_BUFG  | mc/pg1/hcnt_c_reg[4]_rep__1_49[0]       | mc/pg1/hcnt_c_reg[4]_rep__1_30[0]     |                7 |             12 |
|  CLK100MHZ_IBUF_BUFG  | mc/pg1/hcnt_c_reg[4]_rep__1_47[0]       | mc/pg1/rst_n_175[0]                   |                8 |             12 |
|  CLK100MHZ_IBUF_BUFG  | mc/pg1/hcnt_c_reg[4]_rep__1_45[0]       | mc/pg1/rst_n_172[0]                   |                7 |             12 |
|  CLK100MHZ_IBUF_BUFG  | mc/pg1/hcnt_c_reg[4]_rep__1_59[0]       | mc/pg1/hcnt_c_reg[4]_rep__1_20[0]     |               11 |             12 |
|  CLK100MHZ_IBUF_BUFG  | mc/pg1/hcnt_c_reg[4]_rep__1_61[0]       | mc/pg1/hcnt_c_reg[4]_rep__1_18[0]     |                9 |             12 |
|  CLK100MHZ_IBUF_BUFG  | mc/pg1/hcnt_c_reg[4]_rep__1_70[0]       | mc/pg1/hcnt_c_reg[4]_rep__1_9[0]      |                6 |             12 |
|  CLK100MHZ_IBUF_BUFG  | mc/pg1/hcnt_c_reg[4]_rep__1_51[0]       | mc/pg1/hcnt_c_reg[4]_rep__1_28[0]     |                6 |             12 |
|  CLK100MHZ_IBUF_BUFG  | mc/pg1/hcnt_c_reg[4]_rep__1_55[0]       | mc/pg1/hcnt_c_reg[4]_rep__1_24[0]     |                6 |             12 |
|  CLK100MHZ_IBUF_BUFG  | mc/pg1/hcnt_c_reg[4]_rep__1_35[0]       | mc/pg1/rst_n_53[0]                    |               10 |             12 |
|  CLK100MHZ_IBUF_BUFG  | mc/pg1/hcnt_c_reg[4]_rep__1_73[0]       | mc/pg1/hcnt_c_reg[4]_rep__1_6[0]      |                8 |             12 |
|  CLK100MHZ_IBUF_BUFG  | mc/pg1/hcnt_c_reg[4]_rep__1_62[0]       | mc/pg1/hcnt_c_reg[4]_rep__1_17[0]     |               10 |             12 |
|  CLK100MHZ_IBUF_BUFG  | mc/pg1/hcnt_c_reg[4]_rep__1_74[0]       | mc/pg1/hcnt_c_reg[4]_rep__1_5[0]      |                8 |             12 |
|  CLK100MHZ_IBUF_BUFG  | mc/pg1/hcnt_c_reg[4]_rep__1_32[0]       | mc/pg1/rst_n_48[0]                    |               11 |             12 |
|  CLK100MHZ_IBUF_BUFG  | mc/pg1/hcnt_c_reg[4]_rep__1_65[0]       | mc/pg1/hcnt_c_reg[4]_rep__1_14[0]     |                8 |             12 |
|  CLK100MHZ_IBUF_BUFG  | mc/pg1/hcnt_c_reg[4]_rep__1_42[0]       | mc/pg1/rst_n_167[0]                   |                7 |             12 |
|  CLK100MHZ_IBUF_BUFG  | mc/pg1/hcnt_c_reg[4]_rep__1_43[0]       | mc/pg1/rst_n_168[0]                   |                6 |             12 |
|  CLK100MHZ_IBUF_BUFG  | mc/pg1/hcnt_c_reg[4]_rep__1_31[0]       | mc/pg1/rst_n_47[0]                    |               11 |             12 |
|  CLK100MHZ_IBUF_BUFG  | mc/pg1/hcnt_c_reg[4]_rep__1_77[0]       | mc/pg1/hcnt_c_reg[4]_rep__1_2[0]      |                4 |             12 |
|  CLK100MHZ_IBUF_BUFG  | mc/pg1/hcnt_c_reg[4]_rep__1_80[0]       | mc/pg1/hcnt_c_reg[4]_rep__1[0]        |                6 |             12 |
|  CLK100MHZ_IBUF_BUFG  | mc/pg1/hcnt_c_reg[4]_rep__1_37[0]       | mc/pg1/rst_n_151[0]                   |                7 |             12 |
|  CLK100MHZ_IBUF_BUFG  | mc/pg1/hcnt_c_reg[4]_rep__1_64[0]       | mc/pg1/hcnt_c_reg[4]_rep__1_15[0]     |                8 |             12 |
|  CLK100MHZ_IBUF_BUFG  | mc/pg1/hcnt_c_reg[4]_rep__1_76[0]       | mc/pg1/hcnt_c_reg[4]_rep__1_3[0]      |                3 |             12 |
|  CLK100MHZ_IBUF_BUFG  | mc/pg1/hcnt_c_reg[4]_rep__1_41[0]       | mc/pg1/rst_n_166[0]                   |                7 |             12 |
|  CLK100MHZ_IBUF_BUFG  | mc/pg1/hcnt_c_reg[4]_rep__1_44[0]       | mc/pg1/rst_n_169[0]                   |                9 |             12 |
|  CLK100MHZ_IBUF_BUFG  | mc/pg1/hcnt_c_reg[4]_rep__1_60[0]       | mc/pg1/hcnt_c_reg[4]_rep__1_19[0]     |               11 |             12 |
|  CLK100MHZ_IBUF_BUFG  | mc/pg1/hcnt_c_reg[4]_rep__1_72[0]       | mc/pg1/hcnt_c_reg[4]_rep__1_7[0]      |               10 |             12 |
|  CLK100MHZ_IBUF_BUFG  | mc/pg1/hcnt_c_reg[4]_rep__1_36[0]       | mc/pg1/rst_n_150[0]                   |                7 |             12 |
|  CLK100MHZ_IBUF_BUFG  | mc/pg1/hcnt_c_reg[4]_rep__1_53[0]       | mc/pg1/hcnt_c_reg[4]_rep__1_26[0]     |               10 |             12 |
|  CLK100MHZ_IBUF_BUFG  | mc/pg1/hcnt_c_reg[4]_rep__1_52[0]       | mc/pg1/hcnt_c_reg[4]_rep__1_27[0]     |               11 |             12 |
|  CLK100MHZ_IBUF_BUFG  | mc/pg1/hcnt_c_reg[4]_rep__1_38[0]       | mc/pg1/rst_n_152[0]                   |               10 |             12 |
|  CLK100MHZ_IBUF_BUFG  | mc/pg1/hcnt_c_reg[4]_rep__1_58[0]       | mc/pg1/hcnt_c_reg[4]_rep__1_21[0]     |               10 |             12 |
|  CLK100MHZ_IBUF_BUFG  | mc/pg1/hcnt_c_reg[4]_rep__1_34[0]       | mc/pg1/rst_n_50[0]                    |               10 |             12 |
|  CLK100MHZ_IBUF_BUFG  | mc/pg1/hcnt_c_reg[4]_rep__1_48[0]       | mc/pg1/rst_n_176[0]                   |                7 |             12 |
|  CLK100MHZ_IBUF_BUFG  | mc/pg1/hcnt_c_reg[4]_rep__1_68[0]       | mc/pg1/hcnt_c_reg[4]_rep__1_11[0]     |                6 |             12 |
|  CLK100MHZ_IBUF_BUFG  | mc/pg1/hcnt_c_reg[4]_rep__2_63[0]       | mc/pg1/hcnt_c_reg[4]_rep__2_0[0]      |               11 |             12 |
|  CLK100MHZ_IBUF_BUFG  | mc/pg1/hcnt_c_reg[4]_rep__2_61[0]       | mc/pg1/hcnt_c_reg[4]_rep__2_2[0]      |                6 |             12 |
|  CLK100MHZ_IBUF_BUFG  | mc/pg1/hcnt_c_reg[4]_rep__2_40[0]       | mc/pg1/hcnt_c_reg[4]_rep__2_17[0]     |                8 |             12 |
|  CLK100MHZ_IBUF_BUFG  | mc/pg1/hcnt_c_reg[4]_rep__2_49[0]       | mc/pg1/hcnt_c_reg[4]_rep__2_14[0]     |                9 |             12 |
|  CLK100MHZ_IBUF_BUFG  | mc/pg1/hcnt_c_reg[4]_rep__2_52[0]       | mc/pg1/hcnt_c_reg[4]_rep__2_11[0]     |                9 |             12 |
|  CLK100MHZ_IBUF_BUFG  | mc/pg1/hcnt_c_reg[4]_rep__2_59[0]       | mc/pg1/hcnt_c_reg[4]_rep__2_4[0]      |                7 |             12 |
|  CLK100MHZ_IBUF_BUFG  | mc/pg1/hcnt_c_reg[4]_rep__2_41[0]       | mc/pg1/hcnt_c_reg[5]_rep__3_10[0]     |                8 |             12 |
|  CLK100MHZ_IBUF_BUFG  | mc/pg1/hcnt_c_reg[4]_rep__2_45[0]       | mc/pg1/hcnt_c_reg[5]_rep__3_6[0]      |                6 |             12 |
|  CLK100MHZ_IBUF_BUFG  | mc/pg1/hcnt_c_reg[4]_rep__2_47[0]       | mc/pg1/hcnt_c_reg[4]_rep__2_16[0]     |               10 |             12 |
|  CLK100MHZ_IBUF_BUFG  | mc/pg1/hcnt_c_reg[4]_rep__2_44[0]       | mc/pg1/hcnt_c_reg[5]_rep__3_7[0]      |                6 |             12 |
|  CLK100MHZ_IBUF_BUFG  | mc/pg1/hcnt_c_reg[4]_rep__3[0]          | mc/pg1/hcnt_c_reg[4]_rep__3_6[0]      |                6 |             12 |
|  CLK100MHZ_IBUF_BUFG  | mc/pg1/hcnt_c_reg[4]_rep__2_56[0]       | mc/pg1/hcnt_c_reg[4]_rep__2_7[0]      |                6 |             12 |
|  CLK100MHZ_IBUF_BUFG  | mc/pg1/hcnt_c_reg[4]_rep__2_27[0]       | mc/pg1/rst_n_5[0]                     |               10 |             12 |
|  CLK100MHZ_IBUF_BUFG  | mc/pg1/hcnt_c_reg[4]_rep__2_31[0]       | mc/pg1/rst_n_18[0]                    |                7 |             12 |
|  CLK100MHZ_IBUF_BUFG  | mc/pg1/hcnt_c_reg[4]_rep__2_64[0]       | mc/pg1/hcnt_c_reg[4]_rep__2[0]        |                9 |             12 |
|  CLK100MHZ_IBUF_BUFG  | mc/pg1/hcnt_c_reg[4]_rep__3_0[0]        | mc/pg1/hcnt_c_reg[4]_rep__3_5[0]      |                5 |             12 |
|  CLK100MHZ_IBUF_BUFG  | mc/pg1/hcnt_c_reg[4]_rep__2_28[0]       | mc/pg1/rst_n_15[0]                    |                8 |             12 |
|  CLK100MHZ_IBUF_BUFG  | mc/pg1/hcnt_c_reg[4]_rep__2_36[0]       | mc/pg1/hcnt_c_reg[4]_rep__2_20[0]     |                9 |             12 |
|  CLK100MHZ_IBUF_BUFG  | mc/pg1/hcnt_c_reg[4]_rep__2_29[0]       | mc/pg1/rst_n_16[0]                    |                8 |             12 |
|  CLK100MHZ_IBUF_BUFG  | mc/pg1/hcnt_c_reg[4]_rep__2_23[0]       | mc/pg1/rst_n[0]                       |               10 |             12 |
|  CLK100MHZ_IBUF_BUFG  | mc/pg1/hcnt_c_reg[4]_rep__2_24[0]       | mc/pg1/rst_n_0[0]                     |                9 |             12 |
|  CLK100MHZ_IBUF_BUFG  | mc/pg1/hcnt_c_reg[4]_rep__2_34[0]       | mc/pg1/hcnt_c_reg[4]_rep__2_22[0]     |                9 |             12 |
|  CLK100MHZ_IBUF_BUFG  | mc/pg1/hcnt_c_reg[4]_rep__2_39[0]       | mc/pg1/hcnt_c_reg[4]_rep__2_18[0]     |                7 |             12 |
|  CLK100MHZ_IBUF_BUFG  | mc/pg1/hcnt_c_reg[4]_rep__2_42[0]       | mc/pg1/hcnt_c_reg[5]_rep__3_9[0]      |                9 |             12 |
|  CLK100MHZ_IBUF_BUFG  | mc/pg1/hcnt_c_reg[4]_rep__2_48[0]       | mc/pg1/hcnt_c_reg[4]_rep__2_15[0]     |                9 |             12 |
|  CLK100MHZ_IBUF_BUFG  | mc/pg1/hcnt_c_reg[4]_rep__2_37[0]       | mc/pg1/hcnt_c_reg[5]_rep__3_0[0]      |                7 |             12 |
|  CLK100MHZ_IBUF_BUFG  | mc/pg1/hcnt_c_reg[4]_rep__2_43[0]       | mc/pg1/hcnt_c_reg[5]_rep__3_8[0]      |                6 |             12 |
|  CLK100MHZ_IBUF_BUFG  | mc/pg1/hcnt_c_reg[4]_rep__2_26[0]       | mc/pg1/rst_n_2[0]                     |                9 |             12 |
|  CLK100MHZ_IBUF_BUFG  | mc/pg1/hcnt_c_reg[4]_rep__2_33[0]       | mc/pg1/hcnt_c_reg[5]_rep__3_1[0]      |                6 |             12 |
|  CLK100MHZ_IBUF_BUFG  | mc/pg1/hcnt_c_reg[4]_rep__2_51[0]       | mc/pg1/hcnt_c_reg[4]_rep__2_12[0]     |                9 |             12 |
|  CLK100MHZ_IBUF_BUFG  | mc/pg1/hcnt_c_reg[4]_rep__2_54[0]       | mc/pg1/hcnt_c_reg[4]_rep__2_9[0]      |                7 |             12 |
|  CLK100MHZ_IBUF_BUFG  | mc/pg1/hcnt_c_reg[4]_rep__2_38[0]       | mc/pg1/hcnt_c_reg[4]_rep__2_19[0]     |                9 |             12 |
|  CLK100MHZ_IBUF_BUFG  | mc/pg1/hcnt_c_reg[4]_rep__2_32[0]       | mc/pg1/rst_n_21[0]                    |                6 |             12 |
|  CLK100MHZ_IBUF_BUFG  | mc/pg1/hcnt_c_reg[4]_rep__2_30[0]       | mc/pg1/rst_n_17[0]                    |                7 |             12 |
|  CLK100MHZ_IBUF_BUFG  | mc/pg1/hcnt_c_reg[4]_rep__2_35[0]       | mc/pg1/hcnt_c_reg[4]_rep__2_21[0]     |                5 |             12 |
|  CLK100MHZ_IBUF_BUFG  | mc/pg1/hcnt_c_reg[4]_rep__2_46[0]       | mc/pg1/hcnt_c_reg[5]_rep__3_5[0]      |                5 |             12 |
|  CLK100MHZ_IBUF_BUFG  | mc/pg1/hcnt_c_reg[4]_rep__2_53[0]       | mc/pg1/hcnt_c_reg[4]_rep__2_10[0]     |                6 |             12 |
|  CLK100MHZ_IBUF_BUFG  | mc/pg1/hcnt_c_reg[4]_rep__2_25[0]       | mc/pg1/rst_n_1[0]                     |               10 |             12 |
|  CLK100MHZ_IBUF_BUFG  | mc/pg1/hcnt_c_reg[4]_rep__2_50[0]       | mc/pg1/hcnt_c_reg[4]_rep__2_13[0]     |               10 |             12 |
|  CLK100MHZ_IBUF_BUFG  | mc/pg1/hcnt_c_reg[4]_rep__2_55[0]       | mc/pg1/hcnt_c_reg[4]_rep__2_8[0]      |                5 |             12 |
|  CLK100MHZ_IBUF_BUFG  | mc/pg1/hcnt_c_reg[4]_rep__2_57[0]       | mc/pg1/hcnt_c_reg[4]_rep__2_6[0]      |                5 |             12 |
|  CLK100MHZ_IBUF_BUFG  | mc/pg1/hcnt_c_reg[4]_rep__2_58[0]       | mc/pg1/hcnt_c_reg[4]_rep__2_5[0]      |                8 |             12 |
|  CLK100MHZ_IBUF_BUFG  | mc/pg1/hcnt_c_reg[4]_rep__2_60[0]       | mc/pg1/hcnt_c_reg[4]_rep__2_3[0]      |               11 |             12 |
|  CLK100MHZ_IBUF_BUFG  | mc/pg1/hcnt_c_reg[4]_rep__2_62[0]       | mc/pg1/hcnt_c_reg[4]_rep__2_1[0]      |                8 |             12 |
|  CLK100MHZ_IBUF_BUFG  | mc/pg1/hcnt_c_reg[5]_rep__10_0[0]       | mc/pg1/hcnt_c_reg[6]_5[0]             |                7 |             12 |
|  CLK100MHZ_IBUF_BUFG  | mc/pg1/hcnt_c_reg[5]_rep__10_3[0]       | mc/pg1/hcnt_c_reg[6]_2[0]             |                9 |             12 |
|  CLK100MHZ_IBUF_BUFG  | mc/pg1/hcnt_c_reg[5]_rep__10_4[0]       | mc/pg1/hcnt_c_reg[6]_1[0]             |                7 |             12 |
|  CLK100MHZ_IBUF_BUFG  | mc/pg1/hcnt_c_reg[4]_rep__3_10[0]       | mc/pg1/hcnt_c_reg[4]_rep__3_9[0]      |                5 |             12 |
|  CLK100MHZ_IBUF_BUFG  | mc/pg1/hcnt_c_reg[5]_1[0]               | mc/pg1/hcnt_c_reg[2]_143[0]           |                7 |             12 |
|  CLK100MHZ_IBUF_BUFG  | mc/pg1/hcnt_c_reg[5]_rep__10_1[0]       | mc/pg1/hcnt_c_reg[6]_4[0]             |                8 |             12 |
|  CLK100MHZ_IBUF_BUFG  | mc/pg1/hcnt_c_reg[5]_rep__10_5[0]       | mc/pg1/hcnt_c_reg[2]_242[0]           |                8 |             12 |
|  CLK100MHZ_IBUF_BUFG  | mc/pg1/hcnt_c_reg[5]_rep__10_6[0]       | mc/pg1/hcnt_c_reg[2]_241[0]           |                9 |             12 |
|  CLK100MHZ_IBUF_BUFG  | mc/pg1/hcnt_c_reg[4]_rep__3_16[0]       | mc/pg1/hcnt_c_reg[4]_rep__3_15[0]     |                5 |             12 |
|  CLK100MHZ_IBUF_BUFG  | mc/pg1/hcnt_c_reg[4]_rep__3_30[0]       | mc/pg1/hcnt_c_reg[4]_rep__3_25[0]     |                7 |             12 |
|  CLK100MHZ_IBUF_BUFG  | mc/pg1/hcnt_c_reg[4]_rep__3_28[0]       | mc/pg1/hcnt_c_reg[4]_rep__3_27[0]     |                8 |             12 |
|  CLK100MHZ_IBUF_BUFG  | mc/pg1/hcnt_c_reg[4]_rep__3_23[0]       | mc/pg1/hcnt_c_reg[4]_rep__3_20[0]     |                8 |             12 |
|  CLK100MHZ_IBUF_BUFG  | mc/pg1/hcnt_c_reg[4]_rep__3_22[0]       | mc/pg1/hcnt_c_reg[4]_rep__3_21[0]     |                9 |             12 |
|  CLK100MHZ_IBUF_BUFG  | mc/pg1/hcnt_c_reg[5][0]                 | mc/pg1/hcnt_c_reg[6]_0[0]             |               10 |             12 |
|  CLK100MHZ_IBUF_BUFG  | mc/pg1/hcnt_c_reg[5]_rep__2_10[0]       | mc/pg1/rst_n_27[0]                    |                9 |             12 |
|  CLK100MHZ_IBUF_BUFG  | mc/pg1/hcnt_c_reg[4]_rep__3_29[0]       | mc/pg1/hcnt_c_reg[4]_rep__3_26[0]     |                8 |             12 |
|  CLK100MHZ_IBUF_BUFG  | mc/pg1/hcnt_c_reg[4]_rep__3_18[0]       | mc/pg1/hcnt_c_reg[4]_rep__3_13[0]     |                8 |             12 |
|  CLK100MHZ_IBUF_BUFG  | mc/pg1/hcnt_c_reg[4]_rep__3_2[0]        | mc/pg1/hcnt_c_reg[4]_rep__3_3[0]      |                8 |             12 |
|  CLK100MHZ_IBUF_BUFG  | mc/pg1/hcnt_c_reg[5]_0[0]               | mc/pg1/hcnt_c_reg[6][0]               |                9 |             12 |
|  CLK100MHZ_IBUF_BUFG  | mc/pg1/hcnt_c_reg[4]_rep__3_17[0]       | mc/pg1/hcnt_c_reg[4]_rep__3_14[0]     |                4 |             12 |
|  CLK100MHZ_IBUF_BUFG  | mc/pg1/hcnt_c_reg[5]_rep_1[0]           | mc/pg1/rst_n_86[0]                    |               11 |             12 |
|  CLK100MHZ_IBUF_BUFG  | mc/pg1/hcnt_c_reg[5]_rep[0]             | mc/pg1/rst_n_83[0]                    |                9 |             12 |
|  CLK100MHZ_IBUF_BUFG  | mc/pg1/hcnt_c_reg[5]_rep__10[0]         | mc/pg1/hcnt_c_reg[6]_6[0]             |                9 |             12 |
|  CLK100MHZ_IBUF_BUFG  | mc/pg1/hcnt_c_reg[4]_rep__3_1[0]        | mc/pg1/hcnt_c_reg[4]_rep__3_4[0]      |                7 |             12 |
|  CLK100MHZ_IBUF_BUFG  | mc/pg1/hcnt_c_reg[4]_rep__3_11[0]       | mc/pg1/hcnt_c_reg[4]_rep__3_8[0]      |                7 |             12 |
|  CLK100MHZ_IBUF_BUFG  | mc/pg1/hcnt_c_reg[4]_rep__3_24[0]       | mc/pg1/hcnt_c_reg[4]_rep__3_19[0]     |                8 |             12 |
|  CLK100MHZ_IBUF_BUFG  | mc/pg1/hcnt_c_reg[5]_rep_0[0]           | mc/pg1/rst_n_84[0]                    |                9 |             12 |
|  CLK100MHZ_IBUF_BUFG  | mc/pg1/hcnt_c_reg[5]_rep__10_2[0]       | mc/pg1/hcnt_c_reg[6]_3[0]             |                8 |             12 |
|  CLK100MHZ_IBUF_BUFG  | mc/pg1/hcnt_c_reg[4]_rep__3_12[0]       | mc/pg1/hcnt_c_reg[4]_rep__3_7[0]      |                3 |             12 |
|  CLK100MHZ_IBUF_BUFG  | mc/pg1/hcnt_c_reg[5]_rep__2_13[0]       | mc/pg1/rst_n_30[0]                    |                9 |             12 |
|  CLK100MHZ_IBUF_BUFG  | mc/pg1/hcnt_c_reg[5]_rep__2_16[0]       | mc/pg1/rst_n_33[0]                    |               10 |             12 |
|  CLK100MHZ_IBUF_BUFG  | mc/pg1/hcnt_c_reg[5]_rep__2_21[0]       | mc/pg1/rst_n_38[0]                    |                9 |             12 |
|  CLK100MHZ_IBUF_BUFG  | mc/pg1/hcnt_c_reg[5]_rep__2_11[0]       | mc/pg1/rst_n_28[0]                    |               10 |             12 |
|  CLK100MHZ_IBUF_BUFG  | mc/pg1/hcnt_c_reg[5]_rep__2_12[0]       | mc/pg1/rst_n_29[0]                    |               11 |             12 |
|  CLK100MHZ_IBUF_BUFG  | mc/pg1/hcnt_c_reg[5]_rep__2_29[0]       | mc/pg1/hcnt_c_reg[5]_rep__2[0]        |                5 |             12 |
|  CLK100MHZ_IBUF_BUFG  | mc/pg1/hcnt_c_reg[5]_rep__2_6[0]        | mc/pg1/rst_n_23[0]                    |               11 |             12 |
|  CLK100MHZ_IBUF_BUFG  | mc/pg1/hcnt_c_reg[5]_rep__2_7[0]        | mc/pg1/rst_n_24[0]                    |                9 |             12 |
|  CLK100MHZ_IBUF_BUFG  | mc/pg1/hcnt_c_reg[5]_rep__2_20[0]       | mc/pg1/rst_n_37[0]                    |                9 |             12 |
|  CLK100MHZ_IBUF_BUFG  | mc/pg1/hcnt_c_reg[5]_rep__2_22[0]       | mc/pg1/hcnt_c_reg[5]_rep__2_5[0]      |                8 |             12 |
|  CLK100MHZ_IBUF_BUFG  | mc/pg1/hcnt_c_reg[5]_rep__2_26[0]       | mc/pg1/hcnt_c_reg[2]_245[0]           |                9 |             12 |
|  CLK100MHZ_IBUF_BUFG  | mc/pg1/hcnt_c_reg[5]_rep__2_27[0]       | mc/pg1/hcnt_c_reg[5]_rep__2_1[0]      |                8 |             12 |
|  CLK100MHZ_IBUF_BUFG  | mc/pg1/hcnt_c_reg[5]_rep__2_15[0]       | mc/pg1/rst_n_32[0]                    |               11 |             12 |
|  CLK100MHZ_IBUF_BUFG  | mc/pg1/hcnt_c_reg[5]_rep__2_14[0]       | mc/pg1/rst_n_31[0]                    |               10 |             12 |
|  CLK100MHZ_IBUF_BUFG  | mc/pg1/hcnt_c_reg[5]_rep__2_24[0]       | mc/pg1/hcnt_c_reg[5]_rep__2_3[0]      |                8 |             12 |
|  CLK100MHZ_IBUF_BUFG  | mc/pg1/hcnt_c_reg[5]_rep__2_23[0]       | mc/pg1/hcnt_c_reg[5]_rep__2_4[0]      |                6 |             12 |
|  CLK100MHZ_IBUF_BUFG  | mc/pg1/hcnt_c_reg[5]_rep__2_17[0]       | mc/pg1/rst_n_34[0]                    |                9 |             12 |
|  CLK100MHZ_IBUF_BUFG  | mc/pg1/hcnt_c_reg[5]_rep__2_28[0]       | mc/pg1/hcnt_c_reg[5]_rep__2_0[0]      |               10 |             12 |
|  CLK100MHZ_IBUF_BUFG  | mc/pg1/hcnt_c_reg[5]_rep__2_8[0]        | mc/pg1/rst_n_25[0]                    |                9 |             12 |
|  CLK100MHZ_IBUF_BUFG  | mc/pg1/hcnt_c_reg[5]_rep__2_9[0]        | mc/pg1/rst_n_26[0]                    |                9 |             12 |
|  CLK100MHZ_IBUF_BUFG  | mc/pg1/hcnt_c_reg[5]_rep__2_25[0]       | mc/pg1/hcnt_c_reg[5]_rep__2_2[0]      |                5 |             12 |
|  CLK100MHZ_IBUF_BUFG  | mc/pg1/hcnt_c_reg[5]_rep__2_19[0]       | mc/pg1/rst_n_36[0]                    |                9 |             12 |
|  CLK100MHZ_IBUF_BUFG  | mc/pg1/hcnt_c_reg[5]_rep__2_18[0]       | mc/pg1/rst_n_35[0]                    |               10 |             12 |
|  CLK100MHZ_IBUF_BUFG  | mc/pg1/hcnt_c_reg[5]_rep__4_29[0]       | mc/pg1/hcnt_c_reg[5]_rep__4_28[0]     |                8 |             12 |
|  CLK100MHZ_IBUF_BUFG  | mc/pg1/hcnt_c_reg[5]_rep__4_33[0]       | mc/pg1/hcnt_c_reg[5]_rep__4_24[0]     |                8 |             12 |
|  CLK100MHZ_IBUF_BUFG  | mc/pg1/hcnt_c_reg[5]_rep__4_49[0]       | mc/pg1/hcnt_c_reg[5]_rep__4_8[0]      |                9 |             12 |
|  CLK100MHZ_IBUF_BUFG  | mc/pg1/hcnt_c_reg[5]_rep__4_59[0]       | mc/pg1/hcnt_c_reg[2]_152[0]           |                7 |             12 |
|  CLK100MHZ_IBUF_BUFG  | mc/pg1/hcnt_c_reg[5]_rep__4_37[0]       | mc/pg1/hcnt_c_reg[5]_rep__4_20[0]     |                8 |             12 |
|  CLK100MHZ_IBUF_BUFG  | mc/pg1/hcnt_c_reg[5]_rep__4_39[0]       | mc/pg1/hcnt_c_reg[5]_rep__4_18[0]     |                6 |             12 |
|  CLK100MHZ_IBUF_BUFG  | mc/pg1/hcnt_c_reg[5]_rep__4_43[0]       | mc/pg1/hcnt_c_reg[5]_rep__4_14[0]     |                8 |             12 |
|  CLK100MHZ_IBUF_BUFG  | mc/pg1/hcnt_c_reg[5]_rep__4_34[0]       | mc/pg1/hcnt_c_reg[5]_rep__4_23[0]     |                9 |             12 |
|  CLK100MHZ_IBUF_BUFG  | mc/pg1/hcnt_c_reg[5]_rep__4_58[0]       | mc/pg1/hcnt_c_reg[5]_rep__4[0]        |                9 |             12 |
|  CLK100MHZ_IBUF_BUFG  | mc/pg1/hcnt_c_reg[5]_rep__4_35[0]       | mc/pg1/hcnt_c_reg[5]_rep__4_22[0]     |                5 |             12 |
|  CLK100MHZ_IBUF_BUFG  | mc/pg1/hcnt_c_reg[5]_rep__4_30[0]       | mc/pg1/hcnt_c_reg[5]_rep__4_27[0]     |               10 |             12 |
|  CLK100MHZ_IBUF_BUFG  | mc/pg1/hcnt_c_reg[5]_rep__4_54[0]       | mc/pg1/hcnt_c_reg[5]_rep__4_3[0]      |                7 |             12 |
|  CLK100MHZ_IBUF_BUFG  | mc/pg1/hcnt_c_reg[5]_rep__4_48[0]       | mc/pg1/hcnt_c_reg[5]_rep__4_9[0]      |               10 |             12 |
|  CLK100MHZ_IBUF_BUFG  | mc/pg1/hcnt_c_reg[5]_rep__4_57[0]       | mc/pg1/hcnt_c_reg[5]_rep__4_0[0]      |                8 |             12 |
|  CLK100MHZ_IBUF_BUFG  | mc/pg1/hcnt_c_reg[5]_rep__4_31[0]       | mc/pg1/hcnt_c_reg[5]_rep__4_26[0]     |                9 |             12 |
|  CLK100MHZ_IBUF_BUFG  | mc/pg1/hcnt_c_reg[5]_rep__4_50[0]       | mc/pg1/hcnt_c_reg[5]_rep__4_7[0]      |                8 |             12 |
|  CLK100MHZ_IBUF_BUFG  | mc/pg1/hcnt_c_reg[5]_rep__4_47[0]       | mc/pg1/hcnt_c_reg[5]_rep__4_10[0]     |                8 |             12 |
|  CLK100MHZ_IBUF_BUFG  | mc/pg1/hcnt_c_reg[5]_rep__5_29[0]       | mc/pg1/hcnt_c_reg[5]_rep__5_28[0]     |                6 |             12 |
|  CLK100MHZ_IBUF_BUFG  | mc/pg1/hcnt_c_reg[5]_rep__4_40[0]       | mc/pg1/hcnt_c_reg[5]_rep__4_17[0]     |                6 |             12 |
|  CLK100MHZ_IBUF_BUFG  | mc/pg1/hcnt_c_reg[5]_rep__4_38[0]       | mc/pg1/hcnt_c_reg[5]_rep__4_19[0]     |                7 |             12 |
|  CLK100MHZ_IBUF_BUFG  | mc/pg1/hcnt_c_reg[5]_rep__5_30[0]       | mc/pg1/hcnt_c_reg[5]_rep__5_27[0]     |                8 |             12 |
|  CLK100MHZ_IBUF_BUFG  | mc/pg1/hcnt_c_reg[5]_rep__5_31[0]       | mc/pg1/hcnt_c_reg[4]_rep__5_1[0]      |                6 |             12 |
|  CLK100MHZ_IBUF_BUFG  | mc/pg1/hcnt_c_reg[5]_rep__5_32[0]       | mc/pg1/hcnt_c_reg[5]_rep__5_26[0]     |                6 |             12 |
|  CLK100MHZ_IBUF_BUFG  | mc/pg1/hcnt_c_reg[5]_rep__4_41[0]       | mc/pg1/hcnt_c_reg[5]_rep__4_16[0]     |                9 |             12 |
|  CLK100MHZ_IBUF_BUFG  | mc/pg1/hcnt_c_reg[5]_rep__4_42[0]       | mc/pg1/hcnt_c_reg[5]_rep__4_15[0]     |               10 |             12 |
|  CLK100MHZ_IBUF_BUFG  | mc/pg1/hcnt_c_reg[5]_rep__4_45[0]       | mc/pg1/hcnt_c_reg[5]_rep__4_12[0]     |                7 |             12 |
|  CLK100MHZ_IBUF_BUFG  | mc/pg1/hcnt_c_reg[5]_rep__4_56[0]       | mc/pg1/hcnt_c_reg[5]_rep__4_1[0]      |                7 |             12 |
|  CLK100MHZ_IBUF_BUFG  | mc/pg1/hcnt_c_reg[5]_rep__4_44[0]       | mc/pg1/hcnt_c_reg[5]_rep__4_13[0]     |                8 |             12 |
|  CLK100MHZ_IBUF_BUFG  | mc/pg1/hcnt_c_reg[5]_rep__4_53[0]       | mc/pg1/hcnt_c_reg[5]_rep__4_4[0]      |                8 |             12 |
|  CLK100MHZ_IBUF_BUFG  | mc/pg1/hcnt_c_reg[5]_rep__4_32[0]       | mc/pg1/hcnt_c_reg[5]_rep__4_25[0]     |                8 |             12 |
|  CLK100MHZ_IBUF_BUFG  | mc/pg1/hcnt_c_reg[5]_rep__4_51[0]       | mc/pg1/hcnt_c_reg[5]_rep__4_6[0]      |               11 |             12 |
|  CLK100MHZ_IBUF_BUFG  | mc/pg1/hcnt_c_reg[5]_rep__4_36[0]       | mc/pg1/hcnt_c_reg[5]_rep__4_21[0]     |                8 |             12 |
|  CLK100MHZ_IBUF_BUFG  | mc/pg1/hcnt_c_reg[5]_rep__4_55[0]       | mc/pg1/hcnt_c_reg[5]_rep__4_2[0]      |                8 |             12 |
|  CLK100MHZ_IBUF_BUFG  | mc/pg1/hcnt_c_reg[5]_rep__4_46[0]       | mc/pg1/hcnt_c_reg[5]_rep__4_11[0]     |                9 |             12 |
|  CLK100MHZ_IBUF_BUFG  | mc/pg1/hcnt_c_reg[5]_rep__4_52[0]       | mc/pg1/hcnt_c_reg[5]_rep__4_5[0]      |               10 |             12 |
|  CLK100MHZ_IBUF_BUFG  | mc/pg1/hcnt_c_reg[5]_rep__6_2[0]        | mc/pg1/hcnt_c_reg[5]_rep__6_1[0]      |                5 |             12 |
|  CLK100MHZ_IBUF_BUFG  | mc/pg1/hcnt_c_reg[5]_rep__5_38[0]       | mc/pg1/hcnt_c_reg[5]_rep__5_21[0]     |                4 |             12 |
|  CLK100MHZ_IBUF_BUFG  | mc/pg1/hcnt_c_reg[5]_rep__5_57[0]       | mc/pg1/hcnt_c_reg[4]_rep__5_8[0]      |                6 |             12 |
|  CLK100MHZ_IBUF_BUFG  | mc/pg1/hcnt_c_reg[5]_rep__5_36[0]       | mc/pg1/hcnt_c_reg[5]_rep__5_22[0]     |                4 |             12 |
|  CLK100MHZ_IBUF_BUFG  | mc/pg1/hcnt_c_reg[5]_rep__5_60[0]       | mc/pg1/hcnt_c_reg[4]_rep__5_5[0]      |                7 |             12 |
|  CLK100MHZ_IBUF_BUFG  | mc/pg1/hcnt_c_reg[5]_rep__5_62[0]       | mc/pg1/hcnt_c_reg[5]_rep__5_3[0]      |                6 |             12 |
|  CLK100MHZ_IBUF_BUFG  | mc/pg1/hcnt_c_reg[5]_rep__5_51[0]       | mc/pg1/hcnt_c_reg[5]_rep__5_8[0]      |                6 |             12 |
|  CLK100MHZ_IBUF_BUFG  | mc/pg1/hcnt_c_reg[5]_rep__5_33[0]       | mc/pg1/hcnt_c_reg[5]_rep__5_25[0]     |                7 |             12 |
|  CLK100MHZ_IBUF_BUFG  | mc/pg1/hcnt_c_reg[5]_rep__5_59[0]       | mc/pg1/hcnt_c_reg[4]_rep__5_6[0]      |                6 |             12 |
|  CLK100MHZ_IBUF_BUFG  | mc/pg1/hcnt_c_reg[5]_rep__5_54[0]       | mc/pg1/hcnt_c_reg[5]_rep__5_5[0]      |                6 |             12 |
|  CLK100MHZ_IBUF_BUFG  | mc/pg1/hcnt_c_reg[5]_rep__5_34[0]       | mc/pg1/hcnt_c_reg[5]_rep__5_24[0]     |                7 |             12 |
|  CLK100MHZ_IBUF_BUFG  | mc/pg1/hcnt_c_reg[5]_rep__5_49[0]       | mc/pg1/hcnt_c_reg[5]_rep__5_10[0]     |                5 |             12 |
|  CLK100MHZ_IBUF_BUFG  | mc/pg1/hcnt_c_reg[5]_rep__5_45[0]       | mc/pg1/hcnt_c_reg[5]_rep__5_14[0]     |                6 |             12 |
|  CLK100MHZ_IBUF_BUFG  | mc/pg1/hcnt_c_reg[5]_rep__5_41[0]       | mc/pg1/hcnt_c_reg[5]_rep__5_18[0]     |                5 |             12 |
|  CLK100MHZ_IBUF_BUFG  | mc/pg1/hcnt_c_reg[5]_rep__5_43[0]       | mc/pg1/hcnt_c_reg[5]_rep__5_16[0]     |                7 |             12 |
|  CLK100MHZ_IBUF_BUFG  | mc/pg1/hcnt_c_reg[5]_rep__5_52[0]       | mc/pg1/hcnt_c_reg[5]_rep__5_7[0]      |                6 |             12 |
|  CLK100MHZ_IBUF_BUFG  | mc/pg1/hcnt_c_reg[5]_rep__5_42[0]       | mc/pg1/hcnt_c_reg[5]_rep__5_17[0]     |                7 |             12 |
|  CLK100MHZ_IBUF_BUFG  | mc/pg1/hcnt_c_reg[5]_rep__5_47[0]       | mc/pg1/hcnt_c_reg[5]_rep__5_12[0]     |                7 |             12 |
|  CLK100MHZ_IBUF_BUFG  | mc/pg1/hcnt_c_reg[5]_rep__5_55[0]       | mc/pg1/hcnt_c_reg[4]_rep__5_10[0]     |                4 |             12 |
|  CLK100MHZ_IBUF_BUFG  | mc/pg1/hcnt_c_reg[5]_rep__5_35[0]       | mc/pg1/hcnt_c_reg[5]_rep__5_23[0]     |                6 |             12 |
|  CLK100MHZ_IBUF_BUFG  | mc/pg1/hcnt_c_reg[5]_rep__5_37[0]       | mc/pg1/hcnt_c_reg[4]_rep__5_0[0]      |                7 |             12 |
|  CLK100MHZ_IBUF_BUFG  | mc/pg1/hcnt_c_reg[5]_rep__5_48[0]       | mc/pg1/hcnt_c_reg[5]_rep__5_11[0]     |                9 |             12 |
|  CLK100MHZ_IBUF_BUFG  | mc/pg1/hcnt_c_reg[5]_rep__5_56[0]       | mc/pg1/hcnt_c_reg[4]_rep__5_9[0]      |                8 |             12 |
|  CLK100MHZ_IBUF_BUFG  | mc/pg1/hcnt_c_reg[5]_rep__5_58[0]       | mc/pg1/hcnt_c_reg[4]_rep__5_7[0]      |                3 |             12 |
|  CLK100MHZ_IBUF_BUFG  | mc/pg1/hcnt_c_reg[5]_rep__5_46[0]       | mc/pg1/hcnt_c_reg[5]_rep__5_13[0]     |                5 |             12 |
|  CLK100MHZ_IBUF_BUFG  | mc/pg1/hcnt_c_reg[5]_rep__5_61[0]       | mc/pg1/hcnt_c_reg[5]_rep__5_4[0]      |                6 |             12 |
|  CLK100MHZ_IBUF_BUFG  | mc/pg1/hcnt_c_reg[5]_rep__5_53[0]       | mc/pg1/hcnt_c_reg[5]_rep__5_6[0]      |                5 |             12 |
|  CLK100MHZ_IBUF_BUFG  | mc/pg1/hcnt_c_reg[5]_rep__5_63[0]       | mc/pg1/hcnt_c_reg[5]_rep__5_2[0]      |                6 |             12 |
|  CLK100MHZ_IBUF_BUFG  | mc/pg1/hcnt_c_reg[5]_rep__5_64[0]       | mc/pg1/hcnt_c_reg[5]_rep__5_1[0]      |                5 |             12 |
|  CLK100MHZ_IBUF_BUFG  | mc/pg1/hcnt_c_reg[5]_rep__5_65[0]       | mc/pg1/hcnt_c_reg[5]_rep__5_0[0]      |                6 |             12 |
|  CLK100MHZ_IBUF_BUFG  | mc/pg1/hcnt_c_reg[5]_rep__5_66[0]       | mc/pg1/hcnt_c_reg[5]_rep__5[0]        |                9 |             12 |
|  CLK100MHZ_IBUF_BUFG  | mc/pg1/hcnt_c_reg[5]_rep__5_40[0]       | mc/pg1/hcnt_c_reg[5]_rep__5_19[0]     |                5 |             12 |
|  CLK100MHZ_IBUF_BUFG  | mc/pg1/hcnt_c_reg[5]_rep__5_44[0]       | mc/pg1/hcnt_c_reg[5]_rep__5_15[0]     |                9 |             12 |
|  CLK100MHZ_IBUF_BUFG  | mc/pg1/hcnt_c_reg[5]_rep__5_50[0]       | mc/pg1/hcnt_c_reg[5]_rep__5_9[0]      |                5 |             12 |
|  CLK100MHZ_IBUF_BUFG  | mc/pg1/hcnt_c_reg[5]_rep__6_3[0]        | mc/pg1/hcnt_c_reg[5]_rep__6_0[0]      |                5 |             12 |
|  CLK100MHZ_IBUF_BUFG  | mc/pg1/hcnt_c_reg[5]_rep__6_4[0]        | mc/pg1/hcnt_c_reg[5]_rep__6[0]        |                5 |             12 |
|  CLK100MHZ_IBUF_BUFG  | mc/pg1/hcnt_c_reg[5]_rep__5_39[0]       | mc/pg1/hcnt_c_reg[5]_rep__5_20[0]     |                7 |             12 |
|  CLK100MHZ_IBUF_BUFG  | mc/pg1/hcnt_c_reg[2]_212[0]             | mc/pg1/hcnt_c_reg[2]_209[0]           |                8 |             12 |
|  CLK100MHZ_IBUF_BUFG  | mc/pg1/hcnt_c_reg[0][0]                 | mc/pg1/rst_n_182[0]                   |                6 |             12 |
|  pixel_clk_BUFG       |                                         |                                       |                8 |             13 |
|  wen_cam_p            |                                         |                                       |                8 |             19 |
|  wen_cam_p            |                                         | mc/pg0/rst_n                          |                5 |             19 |
|  mc/wen_n_reg_i_2_n_0 |                                         |                                       |                9 |             24 |
|  CLK100MHZ_IBUF_BUFG  | ca/delay_q[26]_i_1_n_0                  | mc/pg0/rst_n                          |                5 |             27 |
|  CLK100MHZ_IBUF_BUFG  |                                         | mc/pg0/rst_n                          |               23 |             54 |
|  CLK100MHZ_IBUF_BUFG  |                                         |                                       |               23 |             75 |
|  pclk_cam_IBUF_BUFG   |                                         | mc/pg0/rst_n                          |               44 |             97 |
|  pclk_cam_IBUF_BUFG   | rst_n_IBUF                              |                                       |               83 |            120 |
|  CLK100MHZ_IBUF_BUFG  | wen_cam_p                               | mc/pg1/SR[0]                          |              187 |            360 |
|  CLK100MHZ_IBUF_BUFG  | mc/pg0/Q_BUFG[0]                        | mc/pg0/FSM_onehot_cs_reg[1]_0_BUFG[0] |             6882 |          38400 |
+-----------------------+-----------------------------------------+---------------------------------------+------------------+----------------+


